stm32h7xx_it.c:75:6:NMI_Handler	4	static
stm32h7xx_it.c:88:6:HardFault_Handler	4	static
stm32h7xx_it.c:103:6:MemManage_Handler	4	static
stm32h7xx_it.c:118:6:BusFault_Handler	4	static
stm32h7xx_it.c:133:6:UsageFault_Handler	4	static
stm32h7xx_it.c:148:6:DebugMon_Handler	4	static
stm32h7xx_it.c:168:6:DMA1_Stream2_IRQHandler	8	static
stm32h7xx_it.c:182:6:DMA1_Stream3_IRQHandler	8	static
stm32h7xx_it.c:196:6:TIM6_DAC_IRQHandler	8	static
stm32h7xx_it.c:210:6:CM4_SEV_IRQHandler	4	static
stm32h7xx_it.c:223:6:UART7_IRQHandler	8	static
stm32h7xx_it.c:237:6:OTG_FS_IRQHandler	8	static
stm32h7xx_it.c:251:6:HSEM1_IRQHandler	8	static
