Archive member included to satisfy reference by file (symbol)

c:/st/stm32cubeide_1.1.0/stm32cubeide/plugins/com.st.stm32cube.ide.mcu.externaltools.gnu-tools-for-stm32.9-2020-q2-update.win32_2.0.0.202105311346/tools/bin/../lib/gcc/arm-none-eabi/9.3.1/../../../../arm-none-eabi/lib/thumb/v7e-m+fp/hard\libc_nano.a(lib_a-errno.o)
                              ./Core/Src/syscalls.o (__errno)
c:/st/stm32cubeide_1.1.0/stm32cubeide/plugins/com.st.stm32cube.ide.mcu.externaltools.gnu-tools-for-stm32.9-2020-q2-update.win32_2.0.0.202105311346/tools/bin/../lib/gcc/arm-none-eabi/9.3.1/../../../../arm-none-eabi/lib/thumb/v7e-m+fp/hard\libc_nano.a(lib_a-exit.o)
                              c:/st/stm32cubeide_1.1.0/stm32cubeide/plugins/com.st.stm32cube.ide.mcu.externaltools.gnu-tools-for-stm32.9-2020-q2-update.win32_2.0.0.202105311346/tools/bin/../lib/gcc/arm-none-eabi/9.3.1/../../../../arm-none-eabi/lib/thumb/v7e-m+fp/hard/crt0.o (exit)
c:/st/stm32cubeide_1.1.0/stm32cubeide/plugins/com.st.stm32cube.ide.mcu.externaltools.gnu-tools-for-stm32.9-2020-q2-update.win32_2.0.0.202105311346/tools/bin/../lib/gcc/arm-none-eabi/9.3.1/../../../../arm-none-eabi/lib/thumb/v7e-m+fp/hard\libc_nano.a(lib_a-impure.o)
                              c:/st/stm32cubeide_1.1.0/stm32cubeide/plugins/com.st.stm32cube.ide.mcu.externaltools.gnu-tools-for-stm32.9-2020-q2-update.win32_2.0.0.202105311346/tools/bin/../lib/gcc/arm-none-eabi/9.3.1/../../../../arm-none-eabi/lib/thumb/v7e-m+fp/hard\libc_nano.a(lib_a-exit.o) (_global_impure_ptr)
c:/st/stm32cubeide_1.1.0/stm32cubeide/plugins/com.st.stm32cube.ide.mcu.externaltools.gnu-tools-for-stm32.9-2020-q2-update.win32_2.0.0.202105311346/tools/bin/../lib/gcc/arm-none-eabi/9.3.1/../../../../arm-none-eabi/lib/thumb/v7e-m+fp/hard\libc_nano.a(lib_a-init.o)
                              c:/st/stm32cubeide_1.1.0/stm32cubeide/plugins/com.st.stm32cube.ide.mcu.externaltools.gnu-tools-for-stm32.9-2020-q2-update.win32_2.0.0.202105311346/tools/bin/../lib/gcc/arm-none-eabi/9.3.1/../../../../arm-none-eabi/lib/thumb/v7e-m+fp/hard/crt0.o (__libc_init_array)
c:/st/stm32cubeide_1.1.0/stm32cubeide/plugins/com.st.stm32cube.ide.mcu.externaltools.gnu-tools-for-stm32.9-2020-q2-update.win32_2.0.0.202105311346/tools/bin/../lib/gcc/arm-none-eabi/9.3.1/../../../../arm-none-eabi/lib/thumb/v7e-m+fp/hard\libc_nano.a(lib_a-memset.o)
                              c:/st/stm32cubeide_1.1.0/stm32cubeide/plugins/com.st.stm32cube.ide.mcu.externaltools.gnu-tools-for-stm32.9-2020-q2-update.win32_2.0.0.202105311346/tools/bin/../lib/gcc/arm-none-eabi/9.3.1/../../../../arm-none-eabi/lib/thumb/v7e-m+fp/hard/crt0.o (memset)
c:/st/stm32cubeide_1.1.0/stm32cubeide/plugins/com.st.stm32cube.ide.mcu.externaltools.gnu-tools-for-stm32.9-2020-q2-update.win32_2.0.0.202105311346/tools/bin/../lib/gcc/arm-none-eabi/9.3.1/../../../../arm-none-eabi/lib/thumb/v7e-m+fp/hard\libm.a(lib_a-w_pow.o)
                              ./Core/Src/bmp280.o (pow)
c:/st/stm32cubeide_1.1.0/stm32cubeide/plugins/com.st.stm32cube.ide.mcu.externaltools.gnu-tools-for-stm32.9-2020-q2-update.win32_2.0.0.202105311346/tools/bin/../lib/gcc/arm-none-eabi/9.3.1/../../../../arm-none-eabi/lib/thumb/v7e-m+fp/hard\libm.a(lib_a-e_pow.o)
                              c:/st/stm32cubeide_1.1.0/stm32cubeide/plugins/com.st.stm32cube.ide.mcu.externaltools.gnu-tools-for-stm32.9-2020-q2-update.win32_2.0.0.202105311346/tools/bin/../lib/gcc/arm-none-eabi/9.3.1/../../../../arm-none-eabi/lib/thumb/v7e-m+fp/hard\libm.a(lib_a-w_pow.o) (__ieee754_pow)
c:/st/stm32cubeide_1.1.0/stm32cubeide/plugins/com.st.stm32cube.ide.mcu.externaltools.gnu-tools-for-stm32.9-2020-q2-update.win32_2.0.0.202105311346/tools/bin/../lib/gcc/arm-none-eabi/9.3.1/../../../../arm-none-eabi/lib/thumb/v7e-m+fp/hard\libm.a(lib_a-e_sqrt.o)
                              c:/st/stm32cubeide_1.1.0/stm32cubeide/plugins/com.st.stm32cube.ide.mcu.externaltools.gnu-tools-for-stm32.9-2020-q2-update.win32_2.0.0.202105311346/tools/bin/../lib/gcc/arm-none-eabi/9.3.1/../../../../arm-none-eabi/lib/thumb/v7e-m+fp/hard\libm.a(lib_a-e_pow.o) (__ieee754_sqrt)
c:/st/stm32cubeide_1.1.0/stm32cubeide/plugins/com.st.stm32cube.ide.mcu.externaltools.gnu-tools-for-stm32.9-2020-q2-update.win32_2.0.0.202105311346/tools/bin/../lib/gcc/arm-none-eabi/9.3.1/../../../../arm-none-eabi/lib/thumb/v7e-m+fp/hard\libm.a(lib_a-s_fabs.o)
                              c:/st/stm32cubeide_1.1.0/stm32cubeide/plugins/com.st.stm32cube.ide.mcu.externaltools.gnu-tools-for-stm32.9-2020-q2-update.win32_2.0.0.202105311346/tools/bin/../lib/gcc/arm-none-eabi/9.3.1/../../../../arm-none-eabi/lib/thumb/v7e-m+fp/hard\libm.a(lib_a-e_pow.o) (fabs)
c:/st/stm32cubeide_1.1.0/stm32cubeide/plugins/com.st.stm32cube.ide.mcu.externaltools.gnu-tools-for-stm32.9-2020-q2-update.win32_2.0.0.202105311346/tools/bin/../lib/gcc/arm-none-eabi/9.3.1/../../../../arm-none-eabi/lib/thumb/v7e-m+fp/hard\libm.a(lib_a-s_finite.o)
[...]
Memory Configuration

Name             Origin             Length             Attributes
FLASH            0x0000000008100000 0x0000000000100000 xr
RAM              0x0000000010000000 0x0000000000048000 xrw
RAM_D2           0x0000000030000000 0x0000000000048000 xrw
*default*        0x0000000000000000 0xffffffffffffffff

Linker script and memory map

LOAD c:/st/stm32cubeide_1.1.0/stm32cubeide/plugins/com.st.stm32cube.ide.mcu.externaltools.gnu-tools-for-stm32.9-2020-q2-update.win32_2.0.0.202105311346/tools/bin/../lib/gcc/arm-none-eabi/9.3.1/thumb/v7e-m+fp/hard/crti.o
LOAD c:/st/stm32cubeide_1.1.0/stm32cubeide/plugins/com.st.stm32cube.ide.mcu.externaltools.gnu-tools-for-stm32.9-2020-q2-update.win32_2.0.0.202105311346/tools/bin/../lib/gcc/arm-none-eabi/9.3.1/thumb/v7e-m+fp/hard/crtbegin.o
LOAD c:/st/stm32cubeide_1.1.0/stm32cubeide/plugins/com.st.stm32cube.ide.mcu.externaltools.gnu-tools-for-stm32.9-2020-q2-update.win32_2.0.0.202105311346/tools/bin/../lib/gcc/arm-none-eabi/9.3.1/../../../../arm-none-eabi/lib/thumb/v7e-m+fp/hard/crt0.o
LOAD ./Common/Src/system_stm32h7xx_dualcore_boot_cm4_cm7.o
LOAD ./Core/Src/bmp280.o
LOAD ./Core/Src/dma.o
LOAD ./Core/Src/gpio.o
LOAD ./Core/Src/i2c.o
LOAD ./Core/Src/lsm9ds1.o
LOAD ./Core/Src/main.o
LOAD ./Core/Src/spi.o
LOAD ./Core/Src/stm32h7xx_hal_msp.o
LOAD ./Core/Src/stm32h7xx_it.o
LOAD ./Core/Src/syscalls.o
LOAD ./Core/Src/sysmem.o
LOAD ./Core/Src/ublox.o
LOAD ./Core/Src/usart.o
LOAD ./Core/Startup/startup_stm32h745zitx.o
LOAD ./Drivers/STM32H7xx_HAL_Driver/stm32h7xx_hal.o
LOAD ./Drivers/STM32H7xx_HAL_Driver/stm32h7xx_hal_cortex.o
LOAD ./Drivers/STM32H7xx_HAL_Driver/stm32h7xx_hal_dma.o
LOAD ./Drivers/STM32H7xx_HAL_Driver/stm32h7xx_hal_dma_ex.o
LOAD ./Drivers/STM32H7xx_HAL_Driver/stm32h7xx_hal_exti.o
LOAD ./Drivers/STM32H7xx_HAL_Driver/stm32h7xx_hal_flash.o
LOAD ./Drivers/STM32H7xx_HAL_Driver/stm32h7xx_hal_flash_ex.o
LOAD ./Drivers/STM32H7xx_HAL_Driver/stm32h7xx_hal_gpio.o
LOAD ./Drivers/STM32H7xx_HAL_Driver/stm32h7xx_hal_hsem.o
LOAD ./Drivers/STM32H7xx_HAL_Driver/stm32h7xx_hal_i2c.o
LOAD ./Drivers/STM32H7xx_HAL_Driver/stm32h7xx_hal_i2c_ex.o
LOAD ./Drivers/STM32H7xx_HAL_Driver/stm32h7xx_hal_mdma.o
LOAD ./Drivers/STM32H7xx_HAL_Driver/stm32h7xx_hal_pwr.o
LOAD ./Drivers/STM32H7xx_HAL_Driver/stm32h7xx_hal_pwr_ex.o
LOAD ./Drivers/STM32H7xx_HAL_Driver/stm32h7xx_hal_rcc.o
LOAD ./Drivers/STM32H7xx_HAL_Driver/stm32h7xx_hal_rcc_ex.o
LOAD ./Drivers/STM32H7xx_HAL_Driver/stm32h7xx_hal_spi.o
LOAD ./Drivers/STM32H7xx_HAL_Driver/stm32h7xx_hal_spi_ex.o
LOAD ./Drivers/STM32H7xx_HAL_Driver/stm32h7xx_hal_tim.o
LOAD ./Drivers/STM32H7xx_HAL_Driver/stm32h7xx_hal_tim_ex.o
LOAD ./Drivers/STM32H7xx_HAL_Driver/stm32h7xx_hal_uart.o
LOAD ./Drivers/STM32H7xx_HAL_Driver/stm32h7xx_hal_uart_ex.o
START GROUP
LOAD c:/st/stm32cubeide_1.1.0/stm32cubeide/plugins/com.st.stm32cube.ide.mcu.externaltools.gnu-tools-for-stm32.9-2020-q2-update.win32_2.0.0.202105311346/tools/bin/../lib/gcc/arm-none-eabi/9.3.1/../../../../arm-none-eabi/lib/thumb/v7e-m+fp/hard\libc_nano.a
LOAD c:/st/stm32cubeide_1.1.0/stm32cubeide/plugins/com.st.stm32cube.ide.mcu.externaltools.gnu-tools-for-stm32.9-2020-q2-update.win32_2.0.0.202105311346/tools/bin/../lib/gcc/arm-none-eabi/9.3.1/../../../../arm-none-eabi/lib/thumb/v7e-m+fp/hard\libm.a
END GROUP
START GROUP
LOAD c:/st/stm32cubeide_1.1.0/stm32cubeide/plugins/com.st.stm32cube.ide.mcu.externaltools.gnu-tools-for-stm32.9-2020-q2-update.win32_2.0.0.202105311346/tools/bin/../lib/gcc/arm-none-eabi/9.3.1/thumb/v7e-m+fp/hard\libgcc.a
LOAD c:/st/stm32cubeide_1.1.0/stm32cubeide/plugins/com.st.stm32cube.ide.mcu.externaltools.gnu-tools-for-stm32.9-2020-q2-update.win32_2.0.0.202105311346/tools/bin/../lib/gcc/arm-none-eabi/9.3.1/../../../../arm-none-eabi/lib/thumb/v7e-m+fp/hard\libc_nano.a
END GROUP
START GROUP
LOAD c:/st/stm32cubeide_1.1.0/stm32cubeide/plugins/com.st.stm32cube.ide.mcu.externaltools.gnu-tools-for-stm32.9-2020-q2-update.win32_2.0.0.202105311346/tools/bin/../lib/gcc/arm-none-eabi/9.3.1/thumb/v7e-m+fp/hard\libgcc.a
LOAD c:/st/stm32cubeide_1.1.0/stm32cubeide/plugins/com.st.stm32cube.ide.mcu.externaltools.gnu-tools-for-stm32.9-2020-q2-update.win32_2.0.0.202105311346/tools/bin/../lib/gcc/arm-none-eabi/9.3.1/../../../../arm-none-eabi/lib/thumb/v7e-m+fp/hard\libc_nano.a
LOAD c:/st/stm32cubeide_1.1.0/stm32cubeide/plugins/com.st.stm32cube.ide.mcu.externaltools.gnu-tools-for-stm32.9-2020-q2-update.win32_2.0.0.202105311346/tools/bin/../lib/gcc/arm-none-eabi/9.3.1/../../../../arm-none-eabi/lib/thumb/v7e-m+fp/hard\libnosys.a
END GROUP
START GROUP
LOAD c:/st/stm32cubeide_1.1.0/stm32cubeide/plugins/com.st.stm32cube.ide.mcu.externaltools.gnu-tools-for-stm32.9-2020-q2-update.win32_2.0.0.202105311346/tools/bin/../lib/gcc/arm-none-eabi/9.3.1/thumb/v7e-m+fp/hard\libgcc.a
LOAD c:/st/stm32cubeide_1.1.0/stm32cubeide/plugins/com.st.stm32cube.ide.mcu.externaltools.gnu-tools-for-stm32.9-2020-q2-update.win32_2.0.0.202105311346/tools/bin/../lib/gcc/arm-none-eabi/9.3.1/../../../../arm-none-eabi/lib/thumb/v7e-m+fp/hard\libc_nano.a
LOAD c:/st/stm32cubeide_1.1.0/stm32cubeide/plugins/com.st.stm32cube.ide.mcu.externaltools.gnu-tools-for-stm32.9-2020-q2-update.win32_2.0.0.202105311346/tools/bin/../lib/gcc/arm-none-eabi/9.3.1/../../../../arm-none-eabi/lib/thumb/v7e-m+fp/hard\libnosys.a
END GROUP
LOAD c:/st/stm32cubeide_1.1.0/stm32cubeide/plugins/com.st.stm32cube.ide.mcu.externaltools.gnu-tools-for-stm32.9-2020-q2-update.win32_2.0.0.202105311346/tools/bin/../lib/gcc/arm-none-eabi/9.3.1/thumb/v7e-m+fp/hard/crtend.o
LOAD c:/st/stm32cubeide_1.1.0/stm32cubeide/plugins/com.st.stm32cube.ide.mcu.externaltools.gnu-tools-for-stm32.9-2020-q2-update.win32_2.0.0.202105311346/tools/bin/../lib/gcc/arm-none-eabi/9.3.1/thumb/v7e-m+fp/hard/crtn.o
                0x0000000010048000                _estack = 0x10048000
                0x0000000000000200                _Min_Heap_Size = 0x200
                0x0000000000000400                _Min_Stack_Size = 0x400

.isr_vector     0x0000000008100000      0x298
                0x0000000008100000                . = ALIGN (0x4)
 *(.isr_vector)
 .isr_vector    0x0000000008100000      0x298 ./Core/Startup/startup_stm32h745zitx.o
                0x0000000008100000                g_pfnVectors
                0x0000000008100298                . = ALIGN (0x4)

.text           0x0000000008100298     0xd244
                0x0000000008100298                . = ALIGN (0x4)
 *(.text)
 .text          0x0000000008100298       0x40 c:/st/stm32cubeide_1.1.0/stm32cubeide/plugins/com.st.stm32cube.ide.mcu.externaltools.gnu-tools-for-stm32.9-2020-q2-update.win32_2.0.0.202105311346/tools/bin/../lib/gcc/arm-none-eabi/9.3.1/thumb/v7e-m+fp/hard/crtbegin.o
 .text          0x00000000081002d8      0x378 c:/st/stm32cubeide_1.1.0/stm32cubeide/plugins/com.st.stm32cube.ide.mcu.externaltools.gnu-tools-for-stm32.9-2020-q2-update.win32_2.0.0.202105311346/tools/bin/../lib/gcc/arm-none-eabi/9.3.1/thumb/v7e-m+fp/hard\libgcc.a(_arm_addsubdf3.o)
                0x00000000081002d8                __aeabi_drsub
                0x00000000081002e0                __aeabi_dsub
                0x00000000081002e0                __subdf3
                0x00000000081002e4                __aeabi_dadd
                0x00000000081002e4                __adddf3
                0x000000000810055c                __floatunsidf
                0x000000000810055c                __aeabi_ui2d
                0x000000000810057c                __floatsidf
                0x000000000810057c                __aeabi_i2d
                0x00000000081005a0                __aeabi_f2d
                0x00000000081005a0                __extendsfdf2
                0x00000000081005e4                __floatundidf
                0x00000000081005e4                __aeabi_ul2d
                0x00000000081005f4                __floatdidf
                0x00000000081005f4                __aeabi_l2d
 .text          0x0000000008100650      0x424 c:/st/stm32cubeide_1.1.0/stm32cubeide/plugins/com.st.stm32cube.ide.mcu.externaltools.gnu-tools-for-stm32.9-2020-q2-update.win32_2.0.0.202105311346/tools/bin/../lib/gcc/arm-none-eabi/9.3.1/thumb/v7e-m+fp/hard\libgcc.a(_arm_muldivdf3.o)
                0x0000000008100650                __aeabi_dmul
                0x0000000008100650                __muldf3
                0x00000000081008a4                __divdf3
                0x00000000081008a4                __aeabi_ddiv
 .text          0x0000000008100a74      0x110 c:/st/stm32cubeide_1.1.0/stm32cubeide/plugins/com.st.stm32cube.ide.mcu.externaltools.gnu-tools-for-stm32.9-2020-q2-update.win32_2.0.0.202105311346/tools/bin/../lib/gcc/arm-none-eabi/9.3.1/thumb/v7e-m+fp/hard\libgcc.a(_arm_cmpdf2.o)
                0x0000000008100a74                __gtdf2
                0x0000000008100a74                __gedf2
                0x0000000008100a7c                __ltdf2
                0x0000000008100a7c                __ledf2
                0x0000000008100a84                __nedf2
                0x0000000008100a84                __eqdf2
                0x0000000008100a84                __cmpdf2
                0x0000000008100b00                __aeabi_cdrcmple
                0x0000000008100b10                __aeabi_cdcmpeq
                0x0000000008100b10                __aeabi_cdcmple
                0x0000000008100b20                __aeabi_dcmpeq
                0x0000000008100b34                __aeabi_dcmplt
                0x0000000008100b48                __aeabi_dcmple
                0x0000000008100b5c                __aeabi_dcmpge
                0x0000000008100b70                __aeabi_dcmpgt
 .text          0x0000000008100b84       0x2c c:/st/stm32cubeide_1.1.0/stm32cubeide/plugins/com.st.stm32cube.ide.mcu.externaltools.gnu-tools-for-stm32.9-2020-q2-update.win32_2.0.0.202105311346/tools/bin/../lib/gcc/arm-none-eabi/9.3.1/thumb/v7e-m+fp/hard\libgcc.a(_arm_unorddf2.o)
                0x0000000008100b84                __unorddf2
                0x0000000008100b84                __aeabi_dcmpun
 .text          0x0000000008100bb0       0xa0 c:/st/stm32cubeide_1.1.0/stm32cubeide/plugins/com.st.stm32cube.ide.mcu.externaltools.gnu-tools-for-stm32.9-2020-q2-update.win32_2.0.0.202105311346/tools/bin/../lib/gcc/arm-none-eabi/9.3.1/thumb/v7e-m+fp/hard\libgcc.a(_arm_truncdfsf2.o)
                0x0000000008100bb0                __truncdfsf2
                0x0000000008100bb0                __aeabi_d2f
 .text          0x0000000008100c50      0x21c c:/st/stm32cubeide_1.1.0/stm32cubeide/plugins/com.st.stm32cube.ide.mcu.externaltools.gnu-tools-for-stm32.9-2020-q2-update.win32_2.0.0.202105311346/tools/bin/../lib/gcc/arm-none-eabi/9.3.1/thumb/v7e-m+fp/hard\libgcc.a(_arm_addsubsf3.o)
                0x0000000008100c50                __aeabi_frsub
                0x0000000008100c58                __subsf3
                0x0000000008100c58                __aeabi_fsub
                0x0000000008100c5c                __aeabi_fadd
                0x0000000008100c5c                __addsf3
                0x0000000008100dbc                __aeabi_ui2f
                0x0000000008100dbc                __floatunsisf
                0x0000000008100dc4                __aeabi_i2f
                0x0000000008100dc4                __floatsisf
                0x0000000008100de0                __aeabi_ul2f
                0x0000000008100de0                __floatundisf
                0x0000000008100df0                __aeabi_l2f
                0x0000000008100df0                __floatdisf
 .text          0x0000000008100e6c       0xa0 c:/st/stm32cubeide_1.1.0/stm32cubeide/plugins/com.st.stm32cube.ide.mcu.externaltools.gnu-tools-for-stm32.9-2020-q2-update.win32_2.0.0.202105311346/tools/bin/../lib/gcc/arm-none-eabi/9.3.1/thumb/v7e-m+fp/hard\libgcc.a(_aeabi_ldivmod.o)
                0x0000000008100e6c                __aeabi_ldivmod
 .text          0x0000000008100f0c       0x30 c:/st/stm32cubeide_1.1.0/stm32cubeide/plugins/com.st.stm32cube.ide.mcu.externaltools.gnu-tools-for-stm32.9-2020-q2-update.win32_2.0.0.202105311346/tools/bin/../lib/gcc/arm-none-eabi/9.3.1/thumb/v7e-m+fp/hard\libgcc.a(_aeabi_uldivmod.o)
                0x0000000008100f0c                __aeabi_uldivmod
 .text          0x0000000008100f3c      0x2c4 c:/st/stm32cubeide_1.1.0/stm32cubeide/plugins/com.st.stm32cube.ide.mcu.externaltools.gnu-tools-for-stm32.9-2020-q2-update.win32_2.0.0.202105311346/tools/bin/../lib/gcc/arm-none-eabi/9.3.1/thumb/v7e-m+fp/hard\libgcc.a(_udivmoddi4.o)
                0x0000000008100f3c                __udivmoddi4
 .text          0x0000000008101200        0x4 c:/st/stm32cubeide_1.1.0/stm32cubeide/plugins/com.st.stm32cube.ide.mcu.externaltools.gnu-tools-for-stm32.9-2020-q2-update.win32_2.0.0.202105311346/tools/bin/../lib/gcc/arm-none-eabi/9.3.1/thumb/v7e-m+fp/hard\libgcc.a(_dvmd_tls.o)
                0x0000000008101200                __aeabi_idiv0
                0x0000000008101200                __aeabi_ldiv0
 *(.text*)
 .text.SystemInit
                0x0000000008101204       0x38 ./Common/Src/system_stm32h7xx_dualcore_boot_cm4_cm7.o
                0x0000000008101204                SystemInit
 .text.CheckBMP280ChipID
                0x000000000810123c       0x80 ./Core/Src/bmp280.o
                0x000000000810123c                CheckBMP280ChipID
 .text.Read16Bit
                0x00000000081012bc       0x74 ./Core/Src/bmp280.o
                0x00000000081012bc                Read16Bit
 .text.Read24Bit
                0x0000000008101330       0x7c ./Core/Src/bmp280.o
                0x0000000008101330                Read24Bit
 .text.ReadTemp
                0x00000000081013ac       0xa0 ./Core/Src/bmp280.o
                0x00000000081013ac                ReadTemp
 .text.ReadPressure
                0x000000000810144c      0x3c0 ./Core/Src/bmp280.o
                0x000000000810144c                ReadPressure
 *fill*         0x000000000810180c        0x4 
 .text.ReadAltitude
                0x0000000008101810       0xc0 ./Core/Src/bmp280.o
                0x0000000008101810                ReadAltitude
 .text.ReadCalibCoefficients
                0x00000000081018d0       0xb8 ./Core/Src/bmp280.o
                0x00000000081018d0                ReadCalibCoefficients
 .text.setConfig
                0x0000000008101988      0x120 ./Core/Src/bmp280.o
                0x0000000008101988                setConfig
 .text.HAL_SPI_TxRxCpltCallback
                0x0000000008101aa8       0x38 ./Core/Src/bmp280.o
                0x0000000008101aa8                HAL_SPI_TxRxCpltCallback
 .text.ResetBMP280
                0x0000000008101ae0       0x44 ./Core/Src/bmp280.o
                0x0000000008101ae0                ResetBMP280
 .text.MX_DMA_Init
                0x0000000008101b24       0xb0 ./Core/Src/dma.o
                0x0000000008101b24                MX_DMA_Init
 .text.MX_GPIO_Init
                0x0000000008101bd4       0xa8 ./Core/Src/gpio.o
                0x0000000008101bd4                MX_GPIO_Init
 .text.MX_I2C1_Init
                0x0000000008101c7c       0x80 ./Core/Src/i2c.o
                0x0000000008101c7c                MX_I2C1_Init
 .text.HAL_I2C_MspInit
                0x0000000008101cfc      0x1b4 ./Core/Src/i2c.o
                0x0000000008101cfc                HAL_I2C_MspInit
 .text.CheckIMUSensorID
                0x0000000008101eb0       0x54 ./Core/Src/lsm9ds1.o
                0x0000000008101eb0                CheckIMUSensorID
 .text.init     0x0000000008101f04       0xe2 ./Core/Src/lsm9ds1.o
                0x0000000008101f04                init
 .text.setup    0x0000000008101fe6       0x78 ./Core/Src/lsm9ds1.o
                0x0000000008101fe6                setup
 .text.initGyro
                0x000000000810205e      0x14a ./Core/Src/lsm9ds1.o
                0x000000000810205e                initGyro
 .text.initAccel
                0x00000000081021a8      0x10e ./Core/Src/lsm9ds1.o
                0x00000000081021a8                initAccel
 .text.initMag  0x00000000081022b6      0x118 ./Core/Src/lsm9ds1.o
                0x00000000081022b6                initMag
 .text.clampScales
                0x00000000081023ce       0x82 ./Core/Src/lsm9ds1.o
                0x00000000081023ce                clampScales
 .text.calcGyro
                0x0000000008102450       0x2c ./Core/Src/lsm9ds1.o
                0x0000000008102450                calcGyro
 .text.calcMag  0x000000000810247c       0x2c ./Core/Src/lsm9ds1.o
                0x000000000810247c                calcMag
 .text.calcAccel
                0x00000000081024a8       0x2c ./Core/Src/lsm9ds1.o
                0x00000000081024a8                calcAccel
 .text.readGyro
                0x00000000081024d4       0xa2 ./Core/Src/lsm9ds1.o
                0x00000000081024d4                readGyro
 .text.readMag  0x0000000008102576       0xa2 ./Core/Src/lsm9ds1.o
                0x0000000008102576                readMag
 .text.readAccel
                0x0000000008102618       0xa2 ./Core/Src/lsm9ds1.o
                0x0000000008102618                readAccel
 *fill*         0x00000000081026ba        0x2 
 .text.calcGyroResolution
                0x00000000081026bc       0x5c ./Core/Src/lsm9ds1.o
                0x00000000081026bc                calcGyroResolution
 .text.calcAccResoltuion
                0x0000000008102718       0x98 ./Core/Src/lsm9ds1.o
                0x0000000008102718                calcAccResoltuion
 .text.calcMagResolution
                0x00000000081027b0       0x98 ./Core/Src/lsm9ds1.o
                0x00000000081027b0                calcMagResolution
 .text.I2CReadBytes
                0x0000000008102848       0x54 ./Core/Src/lsm9ds1.o
                0x0000000008102848                I2CReadBytes
 .text.WriteByte
                0x000000000810289c       0x50 ./Core/Src/lsm9ds1.o
                0x000000000810289c                WriteByte
 .text.main     0x00000000081028ec       0x9c ./Core/Src/main.o
                0x00000000081028ec                main
 .text.GpsTask  0x0000000008102988       0x14 ./Core/Src/main.o
                0x0000000008102988                GpsTask
 .text.AccelTask
                0x000000000810299c       0x14 ./Core/Src/main.o
                0x000000000810299c                AccelTask
 .text.GyroTask
                0x00000000081029b0       0x14 ./Core/Src/main.o
                0x00000000081029b0                GyroTask
 .text.MagTask  0x00000000081029c4       0x14 ./Core/Src/main.o
                0x00000000081029c4                MagTask
 .text.BaroTask
                0x00000000081029d8       0x20 ./Core/Src/main.o
                0x00000000081029d8                BaroTask
 .text.ReadSensors
                0x00000000081029f8       0x1c ./Core/Src/main.o
                0x00000000081029f8                ReadSensors
 .text.ConfigSensors
                0x0000000008102a14       0x68 ./Core/Src/main.o
                0x0000000008102a14                ConfigSensors
 .text.MPU_Config
                0x0000000008102a7c       0x5a ./Core/Src/main.o
 .text.Error_Handler
                0x0000000008102ad6        0xa ./Core/Src/main.o
                0x0000000008102ad6                Error_Handler
 .text.MX_SPI1_Init
                0x0000000008102ae0       0xac ./Core/Src/spi.o
                0x0000000008102ae0                MX_SPI1_Init
 .text.HAL_SPI_MspInit
                0x0000000008102b8c      0x1a4 ./Core/Src/spi.o
                0x0000000008102b8c                HAL_SPI_MspInit
 .text.HAL_MspInit
                0x0000000008102d30       0x34 ./Core/Src/stm32h7xx_hal_msp.o
                0x0000000008102d30                HAL_MspInit
 .text.NMI_Handler
                0x0000000008102d64        0x6 ./Core/Src/stm32h7xx_it.o
                0x0000000008102d64                NMI_Handler
 .text.HardFault_Handler
                0x0000000008102d6a        0x6 ./Core/Src/stm32h7xx_it.o
                0x0000000008102d6a                HardFault_Handler
 .text.MemManage_Handler
                0x0000000008102d70        0x6 ./Core/Src/stm32h7xx_it.o
                0x0000000008102d70                MemManage_Handler
 .text.BusFault_Handler
                0x0000000008102d76        0x6 ./Core/Src/stm32h7xx_it.o
                0x0000000008102d76                BusFault_Handler
 .text.UsageFault_Handler
                0x0000000008102d7c        0x6 ./Core/Src/stm32h7xx_it.o
                0x0000000008102d7c                UsageFault_Handler
 .text.SVC_Handler
                0x0000000008102d82        0xe ./Core/Src/stm32h7xx_it.o
                0x0000000008102d82                SVC_Handler
 .text.DebugMon_Handler
                0x0000000008102d90        0xe ./Core/Src/stm32h7xx_it.o
                0x0000000008102d90                DebugMon_Handler
 .text.PendSV_Handler
                0x0000000008102d9e        0xe ./Core/Src/stm32h7xx_it.o
                0x0000000008102d9e                PendSV_Handler
 .text.SysTick_Handler
                0x0000000008102dac        0xc ./Core/Src/stm32h7xx_it.o
                0x0000000008102dac                SysTick_Handler
 .text.DMA1_Stream0_IRQHandler
                0x0000000008102db8       0x14 ./Core/Src/stm32h7xx_it.o
                0x0000000008102db8                DMA1_Stream0_IRQHandler
 .text.DMA1_Stream1_IRQHandler
                0x0000000008102dcc       0x14 ./Core/Src/stm32h7xx_it.o
                0x0000000008102dcc                DMA1_Stream1_IRQHandler
 .text.DMA1_Stream2_IRQHandler
                0x0000000008102de0       0x14 ./Core/Src/stm32h7xx_it.o
                0x0000000008102de0                DMA1_Stream2_IRQHandler
 .text.DMA1_Stream3_IRQHandler
                0x0000000008102df4       0x14 ./Core/Src/stm32h7xx_it.o
                0x0000000008102df4                DMA1_Stream3_IRQHandler
 .text.I2C1_EV_IRQHandler
                0x0000000008102e08       0x14 ./Core/Src/stm32h7xx_it.o
                0x0000000008102e08                I2C1_EV_IRQHandler
 .text.I2C1_ER_IRQHandler
                0x0000000008102e1c       0x14 ./Core/Src/stm32h7xx_it.o
                0x0000000008102e1c                I2C1_ER_IRQHandler
 .text.SPI1_IRQHandler
                0x0000000008102e30       0x14 ./Core/Src/stm32h7xx_it.o
                0x0000000008102e30                SPI1_IRQHandler
 .text.USART3_IRQHandler
                0x0000000008102e44       0x14 ./Core/Src/stm32h7xx_it.o
                0x0000000008102e44                USART3_IRQHandler
 .text.DMA1_Stream7_IRQHandler
                0x0000000008102e58       0x14 ./Core/Src/stm32h7xx_it.o
                0x0000000008102e58                DMA1_Stream7_IRQHandler
 .text.DMA2_Stream0_IRQHandler
                0x0000000008102e6c       0x14 ./Core/Src/stm32h7xx_it.o
                0x0000000008102e6c                DMA2_Stream0_IRQHandler
 .text.calcChecksum
                0x0000000008102e80       0x5c ./Core/Src/ublox.o
                0x0000000008102e80                calcChecksum
 *fill*         0x0000000008102edc        0x4 
 .text.processGPS
                0x0000000008102ee0       0xf4 ./Core/Src/ublox.o
                0x0000000008102ee0                processGPS
 .text.ConfigGPS
                0x0000000008102fd4      0x13c ./Core/Src/ublox.o
                0x0000000008102fd4                ConfigGPS
 .text.HAL_UART_TxCpltCallback
                0x0000000008103110       0x14 ./Core/Src/ublox.o
                0x0000000008103110                HAL_UART_TxCpltCallback
 .text.HAL_UART_RxCpltCallback
                0x0000000008103124       0xec ./Core/Src/ublox.o
                0x0000000008103124                HAL_UART_RxCpltCallback
 .text.MX_USART3_UART_Init
                0x0000000008103210       0x98 ./Core/Src/usart.o
                0x0000000008103210                MX_USART3_UART_Init
 .text.HAL_UART_MspInit
                0x00000000081032a8      0x1a4 ./Core/Src/usart.o
                0x00000000081032a8                HAL_UART_MspInit
 .text.Reset_Handler
                0x000000000810344c       0x50 ./Core/Startup/startup_stm32h745zitx.o
                0x000000000810344c                Reset_Handler
 .text.Default_Handler
                0x000000000810349c        0x2 ./Core/Startup/startup_stm32h745zitx.o
                0x000000000810349c                RTC_Alarm_IRQHandler
                0x000000000810349c                EXTI2_IRQHandler
                0x000000000810349c                TIM8_CC_IRQHandler
                0x000000000810349c                HRTIM1_Master_IRQHandler
                0x000000000810349c                UART8_IRQHandler
                0x000000000810349c                SPI4_IRQHandler
                0x000000000810349c                TIM1_CC_IRQHandler
                0x000000000810349c                BDMA_Channel6_IRQHandler
                0x000000000810349c                DMA2_Stream5_IRQHandler
                0x000000000810349c                HRTIM1_FLT_IRQHandler
                0x000000000810349c                JPEG_IRQHandler
                0x000000000810349c                DMA1_Stream5_IRQHandler
                0x000000000810349c                BDMA_Channel1_IRQHandler
                0x000000000810349c                HRTIM1_TIMD_IRQHandler
                0x000000000810349c                TAMP_STAMP_IRQHandler
                0x000000000810349c                EXTI3_IRQHandler
                0x000000000810349c                LPTIM4_IRQHandler
                0x000000000810349c                TIM8_TRG_COM_TIM14_IRQHandler
                0x000000000810349c                LPTIM2_IRQHandler
                0x000000000810349c                DFSDM1_FLT1_IRQHandler
                0x000000000810349c                DMAMUX2_OVR_IRQHandler
                0x000000000810349c                TIM8_UP_TIM13_IRQHandler
                0x000000000810349c                I2C3_ER_IRQHandler
                0x000000000810349c                DFSDM1_FLT2_IRQHandler
                0x000000000810349c                MDMA_IRQHandler
                0x000000000810349c                LPTIM3_IRQHandler
                0x000000000810349c                HSEM1_IRQHandler
                0x000000000810349c                EXTI0_IRQHandler
                0x000000000810349c                I2C2_EV_IRQHandler
                0x000000000810349c                FPU_IRQHandler
                0x000000000810349c                OTG_HS_WKUP_IRQHandler
                0x000000000810349c                FDCAN1_IT1_IRQHandler
                0x000000000810349c                LTDC_ER_IRQHandler
                0x000000000810349c                DMA2_Stream2_IRQHandler
                0x000000000810349c                HRTIM1_TIME_IRQHandler
                0x000000000810349c                TIM6_DAC_IRQHandler
                0x000000000810349c                DCMI_IRQHandler
                0x000000000810349c                HRTIM1_TIMC_IRQHandler
                0x000000000810349c                DMA2_Stream3_IRQHandler
                0x000000000810349c                SAI2_IRQHandler
                0x000000000810349c                DFSDM1_FLT3_IRQHandler
                0x000000000810349c                USART6_IRQHandler
                0x000000000810349c                TIM17_IRQHandler
                0x000000000810349c                BDMA_Channel7_IRQHandler
                0x000000000810349c                LPTIM5_IRQHandler
                0x000000000810349c                UART5_IRQHandler
                0x000000000810349c                ADC3_IRQHandler
                0x000000000810349c                TIM4_IRQHandler
                0x000000000810349c                BDMA_Channel2_IRQHandler
                0x000000000810349c                QUADSPI_IRQHandler
                0x000000000810349c                DMA1_Stream6_IRQHandler
                0x000000000810349c                DMAMUX1_OVR_IRQHandler
                0x000000000810349c                TIM16_IRQHandler
                0x000000000810349c                UART4_IRQHandler
                0x000000000810349c                BDMA_Channel5_IRQHandler
                0x000000000810349c                TIM3_IRQHandler
                0x000000000810349c                RCC_IRQHandler
                0x000000000810349c                TIM8_BRK_TIM12_IRQHandler
                0x000000000810349c                TIM1_TRG_COM_IRQHandler
                0x000000000810349c                Default_Handler
                0x000000000810349c                ECC_IRQHandler
                0x000000000810349c                CEC_IRQHandler
                0x000000000810349c                EXTI15_10_IRQHandler
                0x000000000810349c                BDMA_Channel0_IRQHandler
                0x000000000810349c                ADC_IRQHandler
                0x000000000810349c                HRTIM1_TIMA_IRQHandler
                0x000000000810349c                SPI5_IRQHandler
                0x000000000810349c                TIM7_IRQHandler
                0x000000000810349c                SDMMC1_IRQHandler
                0x000000000810349c                TIM5_IRQHandler
                0x000000000810349c                DMA2_Stream7_IRQHandler
                0x000000000810349c                TIM15_IRQHandler
                0x000000000810349c                PVD_AVD_IRQHandler
                0x000000000810349c                I2C3_EV_IRQHandler
                0x000000000810349c                EXTI9_5_IRQHandler
                0x000000000810349c                RTC_WKUP_IRQHandler
                0x000000000810349c                LTDC_IRQHandler
                0x000000000810349c                SAI3_IRQHandler
                0x000000000810349c                ETH_WKUP_IRQHandler
                0x000000000810349c                SPDIF_RX_IRQHandler
                0x000000000810349c                SPI2_IRQHandler
                0x000000000810349c                OTG_HS_EP1_IN_IRQHandler
                0x000000000810349c                CRS_IRQHandler
                0x000000000810349c                CM7_SEV_IRQHandler
                0x000000000810349c                EXTI4_IRQHandler
                0x000000000810349c                RNG_IRQHandler
                0x000000000810349c                CM4_SEV_IRQHandler
                0x000000000810349c                HRTIM1_TIMB_IRQHandler
                0x000000000810349c                FDCAN2_IT1_IRQHandler
                0x000000000810349c                ETH_IRQHandler
                0x000000000810349c                TIM1_UP_IRQHandler
                0x000000000810349c                WWDG_RST_IRQHandler
                0x000000000810349c                BDMA_Channel4_IRQHandler
                0x000000000810349c                OTG_HS_EP1_OUT_IRQHandler
                0x000000000810349c                WWDG_IRQHandler
                0x000000000810349c                SPI6_IRQHandler
                0x000000000810349c                MDIOS_IRQHandler
                0x000000000810349c                I2C4_EV_IRQHandler
                0x000000000810349c                FDCAN2_IT0_IRQHandler
                0x000000000810349c                LPUART1_IRQHandler
                0x000000000810349c                FDCAN1_IT0_IRQHandler
                0x000000000810349c                TIM2_IRQHandler
                0x000000000810349c                OTG_FS_WKUP_IRQHandler
                0x000000000810349c                OTG_HS_IRQHandler
                0x000000000810349c                HSEM2_IRQHandler
                0x000000000810349c                DMA2D_IRQHandler
                0x000000000810349c                TIM1_BRK_IRQHandler
                0x000000000810349c                EXTI1_IRQHandler
                0x000000000810349c                SDMMC2_IRQHandler
                0x000000000810349c                OTG_FS_EP1_OUT_IRQHandler
                0x000000000810349c                BDMA_Channel3_IRQHandler
                0x000000000810349c                HOLD_CORE_IRQHandler
                0x000000000810349c                UART7_IRQHandler
                0x000000000810349c                MDIOS_WKUP_IRQHandler
                0x000000000810349c                USART2_IRQHandler
                0x000000000810349c                DFSDM1_FLT0_IRQHandler
                0x000000000810349c                SAI4_IRQHandler
                0x000000000810349c                I2C2_ER_IRQHandler
                0x000000000810349c                DMA2_Stream1_IRQHandler
                0x000000000810349c                FLASH_IRQHandler
                0x000000000810349c                DMA2_Stream4_IRQHandler
                0x000000000810349c                USART1_IRQHandler
                0x000000000810349c                OTG_FS_IRQHandler
                0x000000000810349c                SPI3_IRQHandler
                0x000000000810349c                WAKEUP_PIN_IRQHandler
                0x000000000810349c                DMA1_Stream4_IRQHandler
                0x000000000810349c                OTG_FS_EP1_IN_IRQHandler
                0x000000000810349c                FMC_IRQHandler
                0x000000000810349c                FDCAN_CAL_IRQHandler
                0x000000000810349c                SWPMI1_IRQHandler
                0x000000000810349c                COMP1_IRQHandler
                0x000000000810349c                LPTIM1_IRQHandler
                0x000000000810349c                I2C4_ER_IRQHandler
                0x000000000810349c                DMA2_Stream6_IRQHandler
                0x000000000810349c                SAI1_IRQHandler
 *fill*         0x000000000810349e        0x2 
 .text.HAL_Init
                0x00000000081034a0       0xbc ./Drivers/STM32H7xx_HAL_Driver/stm32h7xx_hal.o
                0x00000000081034a0                HAL_Init
 .text.HAL_InitTick
                0x000000000810355c       0x6c ./Drivers/STM32H7xx_HAL_Driver/stm32h7xx_hal.o
                0x000000000810355c                HAL_InitTick
 .text.HAL_IncTick
                0x00000000081035c8       0x28 ./Drivers/STM32H7xx_HAL_Driver/stm32h7xx_hal.o
                0x00000000081035c8                HAL_IncTick
 .text.HAL_GetTick
                0x00000000081035f0       0x18 ./Drivers/STM32H7xx_HAL_Driver/stm32h7xx_hal.o
                0x00000000081035f0                HAL_GetTick
 .text.HAL_Delay
                0x0000000008103608       0x48 ./Drivers/STM32H7xx_HAL_Driver/stm32h7xx_hal.o
                0x0000000008103608                HAL_Delay
 .text.__NVIC_SetPriorityGrouping
                0x0000000008103650       0x48 ./Drivers/STM32H7xx_HAL_Driver/stm32h7xx_hal_cortex.o
 .text.__NVIC_GetPriorityGrouping
                0x0000000008103698       0x1c ./Drivers/STM32H7xx_HAL_Driver/stm32h7xx_hal_cortex.o
 .text.__NVIC_EnableIRQ
                0x00000000081036b4       0x3c ./Drivers/STM32H7xx_HAL_Driver/stm32h7xx_hal_cortex.o
 .text.__NVIC_SetPriority
                0x00000000081036f0       0x54 ./Drivers/STM32H7xx_HAL_Driver/stm32h7xx_hal_cortex.o
 .text.NVIC_EncodePriority
                0x0000000008103744       0x66 ./Drivers/STM32H7xx_HAL_Driver/stm32h7xx_hal_cortex.o
 *fill*         0x00000000081037aa        0x2 
 .text.SysTick_Config
                0x00000000081037ac       0x44 ./Drivers/STM32H7xx_HAL_Driver/stm32h7xx_hal_cortex.o
 .text.HAL_NVIC_SetPriorityGrouping
                0x00000000081037f0       0x16 ./Drivers/STM32H7xx_HAL_Driver/stm32h7xx_hal_cortex.o
                0x00000000081037f0                HAL_NVIC_SetPriorityGrouping
 .text.HAL_NVIC_SetPriority
                0x0000000008103806       0x34 ./Drivers/STM32H7xx_HAL_Driver/stm32h7xx_hal_cortex.o
                0x0000000008103806                HAL_NVIC_SetPriority
 .text.HAL_NVIC_EnableIRQ
                0x000000000810383a       0x1c ./Drivers/STM32H7xx_HAL_Driver/stm32h7xx_hal_cortex.o
                0x000000000810383a                HAL_NVIC_EnableIRQ
 .text.HAL_SYSTICK_Config
                0x0000000008103856       0x18 ./Drivers/STM32H7xx_HAL_Driver/stm32h7xx_hal_cortex.o
                0x0000000008103856                HAL_SYSTICK_Config
 *fill*         0x000000000810386e        0x2 
 .text.HAL_MPU_Disable
                0x0000000008103870       0x30 ./Drivers/STM32H7xx_HAL_Driver/stm32h7xx_hal_cortex.o
                0x0000000008103870                HAL_MPU_Disable
 .text.HAL_MPU_Enable
                0x00000000081038a0       0x40 ./Drivers/STM32H7xx_HAL_Driver/stm32h7xx_hal_cortex.o
                0x00000000081038a0                HAL_MPU_Enable
 .text.HAL_MPU_ConfigRegion
                0x00000000081038e0       0x88 ./Drivers/STM32H7xx_HAL_Driver/stm32h7xx_hal_cortex.o
                0x00000000081038e0                HAL_MPU_ConfigRegion
 .text.HAL_GetCurrentCPUID
                0x0000000008103968       0x28 ./Drivers/STM32H7xx_HAL_Driver/stm32h7xx_hal_cortex.o
                0x0000000008103968                HAL_GetCurrentCPUID
 .text.HAL_DMA_Init
                0x0000000008103990      0x6b4 ./Drivers/STM32H7xx_HAL_Driver/stm32h7xx_hal_dma.o
                0x0000000008103990                HAL_DMA_Init
 .text.HAL_DMA_Start_IT
                0x0000000008104044      0x4d4 ./Drivers/STM32H7xx_HAL_Driver/stm32h7xx_hal_dma.o
                0x0000000008104044                HAL_DMA_Start_IT
 .text.HAL_DMA_Abort
                0x0000000008104518      0x63c ./Drivers/STM32H7xx_HAL_Driver/stm32h7xx_hal_dma.o
                0x0000000008104518                HAL_DMA_Abort
 .text.HAL_DMA_Abort_IT
                0x0000000008104b54      0x488 ./Drivers/STM32H7xx_HAL_Driver/stm32h7xx_hal_dma.o
                0x0000000008104b54                HAL_DMA_Abort_IT
 .text.HAL_DMA_IRQHandler
                0x0000000008104fdc      0xe54 ./Drivers/STM32H7xx_HAL_Driver/stm32h7xx_hal_dma.o
                0x0000000008104fdc                HAL_DMA_IRQHandler
 .text.HAL_DMA_GetState
                0x0000000008105e30       0x1c ./Drivers/STM32H7xx_HAL_Driver/stm32h7xx_hal_dma.o
                0x0000000008105e30                HAL_DMA_GetState
 .text.HAL_DMA_GetError
                0x0000000008105e4c       0x18 ./Drivers/STM32H7xx_HAL_Driver/stm32h7xx_hal_dma.o
                0x0000000008105e4c                HAL_DMA_GetError
 .text.DMA_SetConfig
                0x0000000008105e64      0x358 ./Drivers/STM32H7xx_HAL_Driver/stm32h7xx_hal_dma.o
 .text.DMA_CalcBaseAndBitshift
                0x00000000081061bc      0x164 ./Drivers/STM32H7xx_HAL_Driver/stm32h7xx_hal_dma.o
 .text.DMA_CheckFifoParam
                0x0000000008106320       0xf8 ./Drivers/STM32H7xx_HAL_Driver/stm32h7xx_hal_dma.o
 .text.DMA_CalcDMAMUXChannelBaseAndMask
                0x0000000008106418      0x134 ./Drivers/STM32H7xx_HAL_Driver/stm32h7xx_hal_dma.o
 .text.DMA_CalcDMAMUXRequestGenBaseAndMask
                0x000000000810654c       0xe8 ./Drivers/STM32H7xx_HAL_Driver/stm32h7xx_hal_dma.o
 .text.HAL_GPIO_Init
                0x0000000008106634      0x360 ./Drivers/STM32H7xx_HAL_Driver/stm32h7xx_hal_gpio.o
                0x0000000008106634                HAL_GPIO_Init
 .text.HAL_GPIO_WritePin
                0x0000000008106994       0x32 ./Drivers/STM32H7xx_HAL_Driver/stm32h7xx_hal_gpio.o
                0x0000000008106994                HAL_GPIO_WritePin
 *fill*         0x00000000081069c6        0x2 
 .text.HAL_HSEM_ActivateNotification
                0x00000000081069c8       0x24 ./Drivers/STM32H7xx_HAL_Driver/stm32h7xx_hal_hsem.o
                0x00000000081069c8                HAL_HSEM_ActivateNotification
 .text.HAL_I2C_Init
                0x00000000081069ec      0x11e ./Drivers/STM32H7xx_HAL_Driver/stm32h7xx_hal_i2c.o
                0x00000000081069ec                HAL_I2C_Init
 *fill*         0x0000000008106b0a        0x2 
 .text.HAL_I2C_Mem_Write
                0x0000000008106b0c      0x228 ./Drivers/STM32H7xx_HAL_Driver/stm32h7xx_hal_i2c.o
                0x0000000008106b0c                HAL_I2C_Mem_Write
 .text.HAL_I2C_Mem_Read
                0x0000000008106d34      0x234 ./Drivers/STM32H7xx_HAL_Driver/stm32h7xx_hal_i2c.o
                0x0000000008106d34                HAL_I2C_Mem_Read
 .text.HAL_I2C_EV_IRQHandler
                0x0000000008106f68       0x34 ./Drivers/STM32H7xx_HAL_Driver/stm32h7xx_hal_i2c.o
                0x0000000008106f68                HAL_I2C_EV_IRQHandler
 .text.HAL_I2C_ER_IRQHandler
                0x0000000008106f9c       0xc2 ./Drivers/STM32H7xx_HAL_Driver/stm32h7xx_hal_i2c.o
                0x0000000008106f9c                HAL_I2C_ER_IRQHandler
 .text.HAL_I2C_SlaveTxCpltCallback
                0x000000000810705e       0x14 ./Drivers/STM32H7xx_HAL_Driver/stm32h7xx_hal_i2c.o
                0x000000000810705e                HAL_I2C_SlaveTxCpltCallback
 .text.HAL_I2C_SlaveRxCpltCallback
                0x0000000008107072       0x14 ./Drivers/STM32H7xx_HAL_Driver/stm32h7xx_hal_i2c.o
                0x0000000008107072                HAL_I2C_SlaveRxCpltCallback
 .text.HAL_I2C_AddrCallback
                0x0000000008107086       0x1c ./Drivers/STM32H7xx_HAL_Driver/stm32h7xx_hal_i2c.o
                0x0000000008107086                HAL_I2C_AddrCallback
 .text.HAL_I2C_ListenCpltCallback
                0x00000000081070a2       0x14 ./Drivers/STM32H7xx_HAL_Driver/stm32h7xx_hal_i2c.o
                0x00000000081070a2                HAL_I2C_ListenCpltCallback
 .text.HAL_I2C_ErrorCallback
                0x00000000081070b6       0x14 ./Drivers/STM32H7xx_HAL_Driver/stm32h7xx_hal_i2c.o
                0x00000000081070b6                HAL_I2C_ErrorCallback
 .text.HAL_I2C_AbortCpltCallback
                0x00000000081070ca       0x14 ./Drivers/STM32H7xx_HAL_Driver/stm32h7xx_hal_i2c.o
                0x00000000081070ca                HAL_I2C_AbortCpltCallback
 .text.I2C_Slave_ISR_IT
                0x00000000081070de      0x206 ./Drivers/STM32H7xx_HAL_Driver/stm32h7xx_hal_i2c.o
 .text.I2C_RequestMemoryWrite
                0x00000000081072e4       0xa8 ./Drivers/STM32H7xx_HAL_Driver/stm32h7xx_hal_i2c.o
 .text.I2C_RequestMemoryRead
                0x000000000810738c       0xa8 ./Drivers/STM32H7xx_HAL_Driver/stm32h7xx_hal_i2c.o
 .text.I2C_ITAddrCplt
                0x0000000008107434      0x108 ./Drivers/STM32H7xx_HAL_Driver/stm32h7xx_hal_i2c.o
 .text.I2C_ITSlaveSeqCplt
                0x000000000810753c       0xbc ./Drivers/STM32H7xx_HAL_Driver/stm32h7xx_hal_i2c.o
 .text.I2C_ITSlaveCplt
                0x00000000081075f8      0x3f0 ./Drivers/STM32H7xx_HAL_Driver/stm32h7xx_hal_i2c.o
 .text.I2C_ITListenCplt
                0x00000000081079e8       0xac ./Drivers/STM32H7xx_HAL_Driver/stm32h7xx_hal_i2c.o
 .text.I2C_ITError
                0x0000000008107a94      0x1a0 ./Drivers/STM32H7xx_HAL_Driver/stm32h7xx_hal_i2c.o
 .text.I2C_TreatErrorCallback
                0x0000000008107c34       0x4e ./Drivers/STM32H7xx_HAL_Driver/stm32h7xx_hal_i2c.o
 .text.I2C_Flush_TXDR
                0x0000000008107c82       0x48 ./Drivers/STM32H7xx_HAL_Driver/stm32h7xx_hal_i2c.o
 .text.I2C_DMAAbort
                0x0000000008107cca       0x3c ./Drivers/STM32H7xx_HAL_Driver/stm32h7xx_hal_i2c.o
 .text.I2C_WaitOnFlagUntilTimeout
                0x0000000008107d06       0x80 ./Drivers/STM32H7xx_HAL_Driver/stm32h7xx_hal_i2c.o
 .text.I2C_WaitOnTXISFlagUntilTimeout
                0x0000000008107d86       0x80 ./Drivers/STM32H7xx_HAL_Driver/stm32h7xx_hal_i2c.o
 .text.I2C_WaitOnSTOPFlagUntilTimeout
                0x0000000008107e06       0x78 ./Drivers/STM32H7xx_HAL_Driver/stm32h7xx_hal_i2c.o
 *fill*         0x0000000008107e7e        0x2 
 .text.I2C_IsAcknowledgeFailed
                0x0000000008107e80       0xcc ./Drivers/STM32H7xx_HAL_Driver/stm32h7xx_hal_i2c.o
 .text.I2C_TransferConfig
                0x0000000008107f4c       0x5c ./Drivers/STM32H7xx_HAL_Driver/stm32h7xx_hal_i2c.o
 .text.I2C_Disable_IRQ
                0x0000000008107fa8       0xbc ./Drivers/STM32H7xx_HAL_Driver/stm32h7xx_hal_i2c.o
 .text.HAL_I2CEx_ConfigAnalogFilter
                0x0000000008108064       0x96 ./Drivers/STM32H7xx_HAL_Driver/stm32h7xx_hal_i2c_ex.o
                0x0000000008108064                HAL_I2CEx_ConfigAnalogFilter
 .text.HAL_I2CEx_ConfigDigitalFilter
                0x00000000081080fa       0x98 ./Drivers/STM32H7xx_HAL_Driver/stm32h7xx_hal_i2c_ex.o
                0x00000000081080fa                HAL_I2CEx_ConfigDigitalFilter
 *fill*         0x0000000008108192        0x2 
 .text.HAL_PWREx_EnterSTOPMode
                0x0000000008108194       0xf4 ./Drivers/STM32H7xx_HAL_Driver/stm32h7xx_hal_pwr_ex.o
                0x0000000008108194                HAL_PWREx_EnterSTOPMode
 .text.HAL_PWREx_ClearPendingEvent
                0x0000000008108288       0x1a ./Drivers/STM32H7xx_HAL_Driver/stm32h7xx_hal_pwr_ex.o
                0x0000000008108288                HAL_PWREx_ClearPendingEvent
 *fill*         0x00000000081082a2        0x2 
 .text.HAL_RCC_GetSysClockFreq
                0x00000000081082a4      0x2f4 ./Drivers/STM32H7xx_HAL_Driver/stm32h7xx_hal_rcc.o
                0x00000000081082a4                HAL_RCC_GetSysClockFreq
 .text.HAL_RCC_GetHCLKFreq
                0x0000000008108598       0x64 ./Drivers/STM32H7xx_HAL_Driver/stm32h7xx_hal_rcc.o
                0x0000000008108598                HAL_RCC_GetHCLKFreq
 .text.HAL_RCC_GetPCLK1Freq
                0x00000000081085fc       0x2c ./Drivers/STM32H7xx_HAL_Driver/stm32h7xx_hal_rcc.o
                0x00000000081085fc                HAL_RCC_GetPCLK1Freq
 .text.HAL_RCC_GetPCLK2Freq
                0x0000000008108628       0x2c ./Drivers/STM32H7xx_HAL_Driver/stm32h7xx_hal_rcc.o
                0x0000000008108628                HAL_RCC_GetPCLK2Freq
 .text.HAL_RCCEx_PeriphCLKConfig
                0x0000000008108654      0xe80 ./Drivers/STM32H7xx_HAL_Driver/stm32h7xx_hal_rcc_ex.o
                0x0000000008108654                HAL_RCCEx_PeriphCLKConfig
 .text.HAL_RCCEx_GetD3PCLK1Freq
                0x00000000081094d4       0x2c ./Drivers/STM32H7xx_HAL_Driver/stm32h7xx_hal_rcc_ex.o
                0x00000000081094d4                HAL_RCCEx_GetD3PCLK1Freq
 .text.HAL_RCCEx_GetPLL2ClockFreq
                0x0000000008109500      0x2a8 ./Drivers/STM32H7xx_HAL_Driver/stm32h7xx_hal_rcc_ex.o
                0x0000000008109500                HAL_RCCEx_GetPLL2ClockFreq
 .text.HAL_RCCEx_GetPLL3ClockFreq
                0x00000000081097a8      0x2a8 ./Drivers/STM32H7xx_HAL_Driver/stm32h7xx_hal_rcc_ex.o
                0x00000000081097a8                HAL_RCCEx_GetPLL3ClockFreq
 .text.RCCEx_PLL2_Config
                0x0000000008109a50      0x164 ./Drivers/STM32H7xx_HAL_Driver/stm32h7xx_hal_rcc_ex.o
 .text.RCCEx_PLL3_Config
                0x0000000008109bb4      0x164 ./Drivers/STM32H7xx_HAL_Driver/stm32h7xx_hal_rcc_ex.o
 .text.HAL_SPI_Init
                0x0000000008109d18      0x204 ./Drivers/STM32H7xx_HAL_Driver/stm32h7xx_hal_spi.o
                0x0000000008109d18                HAL_SPI_Init
 .text.HAL_SPI_TransmitReceive_DMA
                0x0000000008109f1c      0x398 ./Drivers/STM32H7xx_HAL_Driver/stm32h7xx_hal_spi.o
                0x0000000008109f1c                HAL_SPI_TransmitReceive_DMA
 .text.HAL_SPI_IRQHandler
                0x000000000810a2b4      0x3c0 ./Drivers/STM32H7xx_HAL_Driver/stm32h7xx_hal_spi.o
                0x000000000810a2b4                HAL_SPI_IRQHandler
 .text.HAL_SPI_TxCpltCallback
                0x000000000810a674       0x14 ./Drivers/STM32H7xx_HAL_Driver/stm32h7xx_hal_spi.o
                0x000000000810a674                HAL_SPI_TxCpltCallback
 .text.HAL_SPI_RxCpltCallback
                0x000000000810a688       0x14 ./Drivers/STM32H7xx_HAL_Driver/stm32h7xx_hal_spi.o
                0x000000000810a688                HAL_SPI_RxCpltCallback
 .text.HAL_SPI_RxHalfCpltCallback
                0x000000000810a69c       0x14 ./Drivers/STM32H7xx_HAL_Driver/stm32h7xx_hal_spi.o
                0x000000000810a69c                HAL_SPI_RxHalfCpltCallback
 .text.HAL_SPI_TxRxHalfCpltCallback
                0x000000000810a6b0       0x14 ./Drivers/STM32H7xx_HAL_Driver/stm32h7xx_hal_spi.o
                0x000000000810a6b0                HAL_SPI_TxRxHalfCpltCallback
 .text.HAL_SPI_ErrorCallback
                0x000000000810a6c4       0x14 ./Drivers/STM32H7xx_HAL_Driver/stm32h7xx_hal_spi.o
                0x000000000810a6c4                HAL_SPI_ErrorCallback
 .text.SPI_DMAReceiveCplt
                0x000000000810a6d8       0x46 ./Drivers/STM32H7xx_HAL_Driver/stm32h7xx_hal_spi.o
 .text.SPI_DMATransmitReceiveCplt
                0x000000000810a71e       0x46 ./Drivers/STM32H7xx_HAL_Driver/stm32h7xx_hal_spi.o
 .text.SPI_DMAHalfReceiveCplt
                0x000000000810a764       0x1c ./Drivers/STM32H7xx_HAL_Driver/stm32h7xx_hal_spi.o
 .text.SPI_DMAHalfTransmitReceiveCplt
                0x000000000810a780       0x1c ./Drivers/STM32H7xx_HAL_Driver/stm32h7xx_hal_spi.o
 .text.SPI_DMAError
                0x000000000810a79c       0x46 ./Drivers/STM32H7xx_HAL_Driver/stm32h7xx_hal_spi.o
 .text.SPI_DMAAbortOnError
                0x000000000810a7e2       0x34 ./Drivers/STM32H7xx_HAL_Driver/stm32h7xx_hal_spi.o
 .text.SPI_CloseTransfer
                0x000000000810a816      0x140 ./Drivers/STM32H7xx_HAL_Driver/stm32h7xx_hal_spi.o
 .text.SPI_GetPacketSize
                0x000000000810a956       0x36 ./Drivers/STM32H7xx_HAL_Driver/stm32h7xx_hal_spi.o
 .text.HAL_UART_Init
                0x000000000810a98c       0xa0 ./Drivers/STM32H7xx_HAL_Driver/stm32h7xx_hal_uart.o
                0x000000000810a98c                HAL_UART_Init
 .text.HAL_UART_Transmit_DMA
                0x000000000810aa2c      0x100 ./Drivers/STM32H7xx_HAL_Driver/stm32h7xx_hal_uart.o
                0x000000000810aa2c                HAL_UART_Transmit_DMA
 .text.HAL_UART_Receive_DMA
                0x000000000810ab2c       0x8c ./Drivers/STM32H7xx_HAL_Driver/stm32h7xx_hal_uart.o
                0x000000000810ab2c                HAL_UART_Receive_DMA
 .text.HAL_UART_IRQHandler
                0x000000000810abb8      0x574 ./Drivers/STM32H7xx_HAL_Driver/stm32h7xx_hal_uart.o
                0x000000000810abb8                HAL_UART_IRQHandler
 .text.HAL_UART_TxHalfCpltCallback
                0x000000000810b12c       0x14 ./Drivers/STM32H7xx_HAL_Driver/stm32h7xx_hal_uart.o
                0x000000000810b12c                HAL_UART_TxHalfCpltCallback
 .text.HAL_UART_RxHalfCpltCallback
                0x000000000810b140       0x14 ./Drivers/STM32H7xx_HAL_Driver/stm32h7xx_hal_uart.o
                0x000000000810b140                HAL_UART_RxHalfCpltCallback
 .text.HAL_UART_ErrorCallback
                0x000000000810b154       0x14 ./Drivers/STM32H7xx_HAL_Driver/stm32h7xx_hal_uart.o
                0x000000000810b154                HAL_UART_ErrorCallback
 .text.HAL_UARTEx_RxEventCallback
                0x000000000810b168       0x18 ./Drivers/STM32H7xx_HAL_Driver/stm32h7xx_hal_uart.o
                0x000000000810b168                HAL_UARTEx_RxEventCallback
 .text.UART_SetConfig
                0x000000000810b180      0xac0 ./Drivers/STM32H7xx_HAL_Driver/stm32h7xx_hal_uart.o
                0x000000000810b180                UART_SetConfig
 .text.UART_AdvFeatureConfig
                0x000000000810bc40      0x144 ./Drivers/STM32H7xx_HAL_Driver/stm32h7xx_hal_uart.o
                0x000000000810bc40                UART_AdvFeatureConfig
 .text.UART_CheckIdleState
                0x000000000810bd84       0x96 ./Drivers/STM32H7xx_HAL_Driver/stm32h7xx_hal_uart.o
                0x000000000810bd84                UART_CheckIdleState
 .text.UART_WaitOnFlagUntilTimeout
                0x000000000810be1a      0x100 ./Drivers/STM32H7xx_HAL_Driver/stm32h7xx_hal_uart.o
                0x000000000810be1a                UART_WaitOnFlagUntilTimeout
 *fill*         0x000000000810bf1a        0x2 
 .text.UART_Start_Receive_DMA
                0x000000000810bf1c       0xdc ./Drivers/STM32H7xx_HAL_Driver/stm32h7xx_hal_uart.o
                0x000000000810bf1c                UART_Start_Receive_DMA
 .text.UART_EndTxTransfer
                0x000000000810bff8       0x3c ./Drivers/STM32H7xx_HAL_Driver/stm32h7xx_hal_uart.o
 .text.UART_EndRxTransfer
                0x000000000810c034       0x64 ./Drivers/STM32H7xx_HAL_Driver/stm32h7xx_hal_uart.o
 .text.UART_DMATransmitCplt
                0x000000000810c098       0x50 ./Drivers/STM32H7xx_HAL_Driver/stm32h7xx_hal_uart.o
 .text.UART_DMATxHalfCplt
                0x000000000810c0e8       0x1c ./Drivers/STM32H7xx_HAL_Driver/stm32h7xx_hal_uart.o
 .text.UART_DMAReceiveCplt
                0x000000000810c104       0x96 ./Drivers/STM32H7xx_HAL_Driver/stm32h7xx_hal_uart.o
 .text.UART_DMARxHalfCplt
                0x000000000810c19a       0x38 ./Drivers/STM32H7xx_HAL_Driver/stm32h7xx_hal_uart.o
 .text.UART_DMAError
                0x000000000810c1d2       0x80 ./Drivers/STM32H7xx_HAL_Driver/stm32h7xx_hal_uart.o
 .text.UART_DMAAbortOnError
                0x000000000810c252       0x2c ./Drivers/STM32H7xx_HAL_Driver/stm32h7xx_hal_uart.o
 .text.UART_EndTransmit_IT
                0x000000000810c27e       0x34 ./Drivers/STM32H7xx_HAL_Driver/stm32h7xx_hal_uart.o
 .text.HAL_UARTEx_WakeupCallback
                0x000000000810c2b2       0x14 ./Drivers/STM32H7xx_HAL_Driver/stm32h7xx_hal_uart_ex.o
                0x000000000810c2b2                HAL_UARTEx_WakeupCallback
 .text.HAL_UARTEx_RxFifoFullCallback
                0x000000000810c2c6       0x14 ./Drivers/STM32H7xx_HAL_Driver/stm32h7xx_hal_uart_ex.o
                0x000000000810c2c6                HAL_UARTEx_RxFifoFullCallback
 .text.HAL_UARTEx_TxFifoEmptyCallback
                0x000000000810c2da       0x14 ./Drivers/STM32H7xx_HAL_Driver/stm32h7xx_hal_uart_ex.o
                0x000000000810c2da                HAL_UARTEx_TxFifoEmptyCallback
 .text.HAL_UARTEx_DisableFifoMode
                0x000000000810c2ee       0x72 ./Drivers/STM32H7xx_HAL_Driver/stm32h7xx_hal_uart_ex.o
                0x000000000810c2ee                HAL_UARTEx_DisableFifoMode
 .text.HAL_UARTEx_SetTxFifoThreshold
                0x000000000810c360       0x7c ./Drivers/STM32H7xx_HAL_Driver/stm32h7xx_hal_uart_ex.o
                0x000000000810c360                HAL_UARTEx_SetTxFifoThreshold
 .text.HAL_UARTEx_SetRxFifoThreshold
                0x000000000810c3dc       0x7c ./Drivers/STM32H7xx_HAL_Driver/stm32h7xx_hal_uart_ex.o
                0x000000000810c3dc                HAL_UARTEx_SetRxFifoThreshold
 .text.UARTEx_SetNbDataToProcess
                0x000000000810c458       0x9c ./Drivers/STM32H7xx_HAL_Driver/stm32h7xx_hal_uart_ex.o
 .text.__errno  0x000000000810c4f4        0xc c:/st/stm32cubeide_1.1.0/stm32cubeide/plugins/com.st.stm32cube.ide.mcu.externaltools.gnu-tools-for-stm32.9-2020-q2-update.win32_2.0.0.202105311346/tools/bin/../lib/gcc/arm-none-eabi/9.3.1/../../../../arm-none-eabi/lib/thumb/v7e-m+fp/hard\libc_nano.a(lib_a-errno.o)
                0x000000000810c4f4                __errno
 .text.__libc_init_array
                0x000000000810c500       0x48 c:/st/stm32cubeide_1.1.0/stm32cubeide/plugins/com.st.stm32cube.ide.mcu.externaltools.gnu-tools-for-stm32.9-2020-q2-update.win32_2.0.0.202105311346/tools/bin/../lib/gcc/arm-none-eabi/9.3.1/../../../../arm-none-eabi/lib/thumb/v7e-m+fp/hard\libc_nano.a(lib_a-init.o)
                0x000000000810c500                __libc_init_array
 .text.memset   0x000000000810c548       0x10 c:/st/stm32cubeide_1.1.0/stm32cubeide/plugins/com.st.stm32cube.ide.mcu.externaltools.gnu-tools-for-stm32.9-2020-q2-update.win32_2.0.0.202105311346/tools/bin/../lib/gcc/arm-none-eabi/9.3.1/../../../../arm-none-eabi/lib/thumb/v7e-m+fp/hard\libc_nano.a(lib_a-memset.o)
                0x000000000810c548                memset
 .text.pow      0x000000000810c558      0x15c c:/st/stm32cubeide_1.1.0/stm32cubeide/plugins/com.st.stm32cube.ide.mcu.externaltools.gnu-tools-for-stm32.9-2020-q2-update.win32_2.0.0.202105311346/tools/bin/../lib/gcc/arm-none-eabi/9.3.1/../../../../arm-none-eabi/lib/thumb/v7e-m+fp/hard\libm.a(lib_a-w_pow.o)
                0x000000000810c558                pow
 *fill*         0x000000000810c6b4        0x4 
 .text.__ieee754_pow
                0x000000000810c6b8      0xa44 c:/st/stm32cubeide_1.1.0/stm32cubeide/plugins/com.st.stm32cube.ide.mcu.externaltools.gnu-tools-for-stm32.9-2020-q2-update.win32_2.0.0.202105311346/tools/bin/../lib/gcc/arm-none-eabi/9.3.1/../../../../arm-none-eabi/lib/thumb/v7e-m+fp/hard\libm.a(lib_a-e_pow.o)
                0x000000000810c6b8                __ieee754_pow
 .text.__ieee754_sqrt
                0x000000000810d0fc      0x168 c:/st/stm32cubeide_1.1.0/stm32cubeide/plugins/com.st.stm32cube.ide.mcu.externaltools.gnu-tools-for-stm32.9-2020-q2-update.win32_2.0.0.202105311346/tools/bin/../lib/gcc/arm-none-eabi/9.3.1/../../../../arm-none-eabi/lib/thumb/v7e-m+fp/hard\libm.a(lib_a-e_sqrt.o)
                0x000000000810d0fc                __ieee754_sqrt
 .text.fabs     0x000000000810d264       0x12 c:/st/stm32cubeide_1.1.0/stm32cubeide/plugins/com.st.stm32cube.ide.mcu.externaltools.gnu-tools-for-stm32.9-2020-q2-update.win32_2.0.0.202105311346/tools/bin/../lib/gcc/arm-none-eabi/9.3.1/../../../../arm-none-eabi/lib/thumb/v7e-m+fp/hard\libm.a(lib_a-s_fabs.o)
                0x000000000810d264                fabs
 .text.finite   0x000000000810d276       0x16 c:/st/stm32cubeide_1.1.0/stm32cubeide/plugins/com.st.stm32cube.ide.mcu.externaltools.gnu-tools-for-stm32.9-2020-q2-update.win32_2.0.0.202105311346/tools/bin/../lib/gcc/arm-none-eabi/9.3.1/../../../../arm-none-eabi/lib/thumb/v7e-m+fp/hard\libm.a(lib_a-s_finite.o)
                0x000000000810d276                finite
 *fill*         0x000000000810d28c        0x4 
 .text.nan      0x000000000810d290       0x10 c:/st/stm32cubeide_1.1.0/stm32cubeide/plugins/com.st.stm32cube.ide.mcu.externaltools.gnu-tools-for-stm32.9-2020-q2-update.win32_2.0.0.202105311346/tools/bin/../lib/gcc/arm-none-eabi/9.3.1/../../../../arm-none-eabi/lib/thumb/v7e-m+fp/hard\libm.a(lib_a-s_nan.o)
                0x000000000810d290                nan
 .text.rint     0x000000000810d2a0      0x114 c:/st/stm32cubeide_1.1.0/stm32cubeide/plugins/com.st.stm32cube.ide.mcu.externaltools.gnu-tools-for-stm32.9-2020-q2-update.win32_2.0.0.202105311346/tools/bin/../lib/gcc/arm-none-eabi/9.3.1/../../../../arm-none-eabi/lib/thumb/v7e-m+fp/hard\libm.a(lib_a-s_rint.o)
                0x000000000810d2a0                rint
 *fill*         0x000000000810d3b4        0x4 
 .text.scalbn   0x000000000810d3b8      0x10c c:/st/stm32cubeide_1.1.0/stm32cubeide/plugins/com.st.stm32cube.ide.mcu.externaltools.gnu-tools-for-stm32.9-2020-q2-update.win32_2.0.0.202105311346/tools/bin/../lib/gcc/arm-none-eabi/9.3.1/../../../../arm-none-eabi/lib/thumb/v7e-m+fp/hard\libm.a(lib_a-s_scalbn.o)
                0x000000000810d3b8                scalbn
 *(.glue_7)
 .glue_7        0x000000000810d4c4        0x0 linker stubs
 *(.glue_7t)
 .glue_7t       0x000000000810d4c4        0x0 linker stubs
 *(.eh_frame)
 .eh_frame      0x000000000810d4c4        0x0 c:/st/stm32cubeide_1.1.0/stm32cubeide/plugins/com.st.stm32cube.ide.mcu.externaltools.gnu-tools-for-stm32.9-2020-q2-update.win32_2.0.0.202105311346/tools/bin/../lib/gcc/arm-none-eabi/9.3.1/thumb/v7e-m+fp/hard/crtbegin.o
 *(.init)
 .init          0x000000000810d4c4        0x4 c:/st/stm32cubeide_1.1.0/stm32cubeide/plugins/com.st.stm32cube.ide.mcu.externaltools.gnu-tools-for-stm32.9-2020-q2-update.win32_2.0.0.202105311346/tools/bin/../lib/gcc/arm-none-eabi/9.3.1/thumb/v7e-m+fp/hard/crti.o
                0x000000000810d4c4                _init
 .init          0x000000000810d4c8        0x8 c:/st/stm32cubeide_1.1.0/stm32cubeide/plugins/com.st.stm32cube.ide.mcu.externaltools.gnu-tools-for-stm32.9-2020-q2-update.win32_2.0.0.202105311346/tools/bin/../lib/gcc/arm-none-eabi/9.3.1/thumb/v7e-m+fp/hard/crtn.o
 *(.fini)
 .fini          0x000000000810d4d0        0x4 c:/st/stm32cubeide_1.1.0/stm32cubeide/plugins/com.st.stm32cube.ide.mcu.externaltools.gnu-tools-for-stm32.9-2020-q2-update.win32_2.0.0.202105311346/tools/bin/../lib/gcc/arm-none-eabi/9.3.1/thumb/v7e-m+fp/hard/crti.o
                0x000000000810d4d0                _fini
 .fini          0x000000000810d4d4        0x8 c:/st/stm32cubeide_1.1.0/stm32cubeide/plugins/com.st.stm32cube.ide.mcu.externaltools.gnu-tools-for-stm32.9-2020-q2-update.win32_2.0.0.202105311346/tools/bin/../lib/gcc/arm-none-eabi/9.3.1/thumb/v7e-m+fp/hard/crtn.o
                0x000000000810d4dc                . = ALIGN (0x4)
                0x000000000810d4dc                _etext = .

.vfp11_veneer   0x000000000810d4dc        0x0
 .vfp11_veneer  0x000000000810d4dc        0x0 linker stubs

.v4_bx          0x000000000810d4dc        0x0
 .v4_bx         0x000000000810d4dc        0x0 linker stubs

.iplt           0x000000000810d4dc        0x0
 .iplt          0x000000000810d4dc        0x0 c:/st/stm32cubeide_1.1.0/stm32cubeide/plugins/com.st.stm32cube.ide.mcu.externaltools.gnu-tools-for-stm32.9-2020-q2-update.win32_2.0.0.202105311346/tools/bin/../lib/gcc/arm-none-eabi/9.3.1/thumb/v7e-m+fp/hard/crtbegin.o

.rodata         0x000000000810d4e0      0x110
                0x000000000810d4e0                . = ALIGN (0x4)
 *(.rodata)
 .rodata        0x000000000810d4e0        0x7 ./Core/Src/bmp280.o
 *fill*         0x000000000810d4e7        0x1 
 .rodata        0x000000000810d4e8       0x82 ./Core/Src/ublox.o
 *(.rodata*)
 *fill*         0x000000000810d56a        0x2 
 .rodata.D1CorePrescTable
                0x000000000810d56c       0x10 ./Common/Src/system_stm32h7xx_dualcore_boot_cm4_cm7.o
                0x000000000810d56c                D1CorePrescTable
 .rodata.flagBitshiftOffset.10578
                0x000000000810d57c        0x8 ./Drivers/STM32H7xx_HAL_Driver/stm32h7xx_hal_dma.o
 .rodata.UARTPrescTable
                0x000000000810d584       0x18 ./Drivers/STM32H7xx_HAL_Driver/stm32h7xx_hal_uart.o
                0x000000000810d584                UARTPrescTable
 .rodata.numerator.10533
                0x000000000810d59c        0x8 ./Drivers/STM32H7xx_HAL_Driver/stm32h7xx_hal_uart_ex.o
 .rodata.denominator.10534
                0x000000000810d5a4        0x8 ./Drivers/STM32H7xx_HAL_Driver/stm32h7xx_hal_uart_ex.o
 .rodata.__ieee754_pow.str1.1
                0x000000000810d5ac        0x1 c:/st/stm32cubeide_1.1.0/stm32cubeide/plugins/com.st.stm32cube.ide.mcu.externaltools.gnu-tools-for-stm32.9-2020-q2-update.win32_2.0.0.202105311346/tools/bin/../lib/gcc/arm-none-eabi/9.3.1/../../../../arm-none-eabi/lib/thumb/v7e-m+fp/hard\libm.a(lib_a-e_pow.o)
 *fill*         0x000000000810d5ad        0x3 
 .rodata.bp     0x000000000810d5b0       0x10 c:/st/stm32cubeide_1.1.0/stm32cubeide/plugins/com.st.stm32cube.ide.mcu.externaltools.gnu-tools-for-stm32.9-2020-q2-update.win32_2.0.0.202105311346/tools/bin/../lib/gcc/arm-none-eabi/9.3.1/../../../../arm-none-eabi/lib/thumb/v7e-m+fp/hard\libm.a(lib_a-e_pow.o)
 .rodata.dp_h   0x000000000810d5c0       0x10 c:/st/stm32cubeide_1.1.0/stm32cubeide/plugins/com.st.stm32cube.ide.mcu.externaltools.gnu-tools-for-stm32.9-2020-q2-update.win32_2.0.0.202105311346/tools/bin/../lib/gcc/arm-none-eabi/9.3.1/../../../../arm-none-eabi/lib/thumb/v7e-m+fp/hard\libm.a(lib_a-e_pow.o)
 .rodata.dp_l   0x000000000810d5d0       0x10 c:/st/stm32cubeide_1.1.0/stm32cubeide/plugins/com.st.stm32cube.ide.mcu.externaltools.gnu-tools-for-stm32.9-2020-q2-update.win32_2.0.0.202105311346/tools/bin/../lib/gcc/arm-none-eabi/9.3.1/../../../../arm-none-eabi/lib/thumb/v7e-m+fp/hard\libm.a(lib_a-e_pow.o)
 .rodata.TWO52  0x000000000810d5e0       0x10 c:/st/stm32cubeide_1.1.0/stm32cubeide/plugins/com.st.stm32cube.ide.mcu.externaltools.gnu-tools-for-stm32.9-2020-q2-update.win32_2.0.0.202105311346/tools/bin/../lib/gcc/arm-none-eabi/9.3.1/../../../../arm-none-eabi/lib/thumb/v7e-m+fp/hard\libm.a(lib_a-s_rint.o)
                0x000000000810d5f0                . = ALIGN (0x4)

.ARM.extab
 *(.ARM.extab* .gnu.linkonce.armextab.*)

.ARM            0x000000000810d5f0        0x8
                0x000000000810d5f0                __exidx_start = .
 *(.ARM.exidx*)
 .ARM.exidx     0x000000000810d5f0        0x8 c:/st/stm32cubeide_1.1.0/stm32cubeide/plugins/com.st.stm32cube.ide.mcu.externaltools.gnu-tools-for-stm32.9-2020-q2-update.win32_2.0.0.202105311346/tools/bin/../lib/gcc/arm-none-eabi/9.3.1/thumb/v7e-m+fp/hard\libgcc.a(_udivmoddi4.o)
                0x000000000810d5f8                __exidx_end = .

.rel.dyn        0x000000000810d5f8        0x0
 .rel.iplt      0x000000000810d5f8        0x0 c:/st/stm32cubeide_1.1.0/stm32cubeide/plugins/com.st.stm32cube.ide.mcu.externaltools.gnu-tools-for-stm32.9-2020-q2-update.win32_2.0.0.202105311346/tools/bin/../lib/gcc/arm-none-eabi/9.3.1/thumb/v7e-m+fp/hard/crtbegin.o

.preinit_array  0x000000000810d5f8        0x0
                0x000000000810d5f8                PROVIDE (__preinit_array_start = .)
 *(.preinit_array*)
                0x000000000810d5f8                PROVIDE (__preinit_array_end = .)

.init_array     0x000000000810d5f8        0x4
                0x000000000810d5f8                PROVIDE (__init_array_start = .)
 *(SORT_BY_NAME(.init_array.*))
 *(.init_array*)
 .init_array    0x000000000810d5f8        0x4 c:/st/stm32cubeide_1.1.0/stm32cubeide/plugins/com.st.stm32cube.ide.mcu.externaltools.gnu-tools-for-stm32.9-2020-q2-update.win32_2.0.0.202105311346/tools/bin/../lib/gcc/arm-none-eabi/9.3.1/thumb/v7e-m+fp/hard/crtbegin.o
                0x000000000810d5fc                PROVIDE (__init_array_end = .)

.fini_array     0x000000000810d5fc        0x4
                [!provide]                        PROVIDE (__fini_array_start = .)
 *(SORT_BY_NAME(.fini_array.*))
 *(.fini_array*)
 .fini_array    0x000000000810d5fc        0x4 c:/st/stm32cubeide_1.1.0/stm32cubeide/plugins/com.st.stm32cube.ide.mcu.externaltools.gnu-tools-for-stm32.9-2020-q2-update.win32_2.0.0.202105311346/tools/bin/../lib/gcc/arm-none-eabi/9.3.1/thumb/v7e-m+fp/hard/crtbegin.o
                [!provide]                        PROVIDE (__fini_array_end = .)
                0x000000000810d600                _sidata = LOADADDR (.data)

.data           0x0000000010000000       0x78 load address 0x000000000810d600
                0x0000000010000000                . = ALIGN (0x4)
                0x0000000010000000                _sdata = .
 *(.data)
 *(.data*)
 .data.SystemCoreClock
                0x0000000010000000        0x4 ./Common/Src/system_stm32h7xx_dualcore_boot_cm4_cm7.o
                0x0000000010000000                SystemCoreClock
 .data.SystemD2Clock
                0x0000000010000004        0x4 ./Common/Src/system_stm32h7xx_dualcore_boot_cm4_cm7.o
                0x0000000010000004                SystemD2Clock
 .data.uwTickPrio
                0x0000000010000008        0x4 ./Drivers/STM32H7xx_HAL_Driver/stm32h7xx_hal.o
                0x0000000010000008                uwTickPrio
 .data.uwTickFreq
                0x000000001000000c        0x1 ./Drivers/STM32H7xx_HAL_Driver/stm32h7xx_hal.o
                0x000000001000000c                uwTickFreq
 *fill*         0x000000001000000d        0x3 
 .data._impure_ptr
                0x0000000010000010        0x4 c:/st/stm32cubeide_1.1.0/stm32cubeide/plugins/com.st.stm32cube.ide.mcu.externaltools.gnu-tools-for-stm32.9-2020-q2-update.win32_2.0.0.202105311346/tools/bin/../lib/gcc/arm-none-eabi/9.3.1/../../../../arm-none-eabi/lib/thumb/v7e-m+fp/hard\libc_nano.a(lib_a-impure.o)
                0x0000000010000010                _impure_ptr
 .data.impure_data
                0x0000000010000014       0x60 c:/st/stm32cubeide_1.1.0/stm32cubeide/plugins/com.st.stm32cube.ide.mcu.externaltools.gnu-tools-for-stm32.9-2020-q2-update.win32_2.0.0.202105311346/tools/bin/../lib/gcc/arm-none-eabi/9.3.1/../../../../arm-none-eabi/lib/thumb/v7e-m+fp/hard\libc_nano.a(lib_a-impure.o)
 .data.__fdlib_version
                0x0000000010000074        0x1 c:/st/stm32cubeide_1.1.0/stm32cubeide/plugins/com.st.stm32cube.ide.mcu.externaltools.gnu-tools-for-stm32.9-2020-q2-update.win32_2.0.0.202105311346/tools/bin/../lib/gcc/arm-none-eabi/9.3.1/../../../../arm-none-eabi/lib/thumb/v7e-m+fp/hard\libm.a(lib_a-s_lib_ver.o)
                0x0000000010000074                __fdlib_version
 *(.RamFunc)
 *(.RamFunc*)
                0x0000000010000078                . = ALIGN (0x4)
 *fill*         0x0000000010000075        0x3 
                0x0000000010000078                _edata = .

.igot.plt       0x0000000010000078        0x0 load address 0x000000000810d678
 .igot.plt      0x0000000010000078        0x0 c:/st/stm32cubeide_1.1.0/stm32cubeide/plugins/com.st.stm32cube.ide.mcu.externaltools.gnu-tools-for-stm32.9-2020-q2-update.win32_2.0.0.202105311346/tools/bin/../lib/gcc/arm-none-eabi/9.3.1/thumb/v7e-m+fp/hard/crtbegin.o
                0x0000000010000078                . = ALIGN (0x4)

.bss            0x0000000010000078      0x574 load address 0x000000000810d678
                0x0000000010000078                _sbss = .
                0x0000000010000078                __bss_start__ = _sbss
 *(.bss)
 .bss           0x0000000010000078       0x1c c:/st/stm32cubeide_1.1.0/stm32cubeide/plugins/com.st.stm32cube.ide.mcu.externaltools.gnu-tools-for-stm32.9-2020-q2-update.win32_2.0.0.202105311346/tools/bin/../lib/gcc/arm-none-eabi/9.3.1/thumb/v7e-m+fp/hard/crtbegin.o
 *(.bss*)
 .bss.flag      0x0000000010000094        0x4 ./Core/Src/bmp280.o
                0x0000000010000094                flag
 .bss.aRxBuffer.10764
                0x0000000010000098        0x3 ./Core/Src/bmp280.o
 *fill*         0x000000001000009b        0x1 
 .bss.aRxBuffer.10773
                0x000000001000009c        0x4 ./Core/Src/bmp280.o
 .bss.aRxBuffer.10824
                0x00000000100000a0        0x3 ./Core/Src/bmp280.o
 *fill*         0x00000000100000a3        0x1 
 .bss.data_byte
                0x00000000100000a4        0x1 ./Core/Src/ublox.o
                0x00000000100000a4                data_byte
 *fill*         0x00000000100000a5        0x3 
 .bss.byte_pos.10745
                0x00000000100000a8        0x4 ./Core/Src/ublox.o
 .bss.checksum.10746
                0x00000000100000ac        0x2 ./Core/Src/ublox.o
 *(COMMON)
 *fill*         0x00000000100000ae        0x2 
 COMMON         0x00000000100000b0        0x4 ./Core/Src/bmp280.o
                0x00000000100000b0                t_fine
 COMMON         0x00000000100000b4      0x13c ./Core/Src/i2c.o
                0x00000000100000b4                hdma_i2c1_tx
                0x000000001000012c                hi2c1
                0x0000000010000178                hdma_i2c1_rx
 COMMON         0x00000000100001f0        0xc ./Core/Src/lsm9ds1.o
                0x00000000100001f0                acc_res
                0x00000000100001f4                mag_res
                0x00000000100001f8                gyro_res
 COMMON         0x00000000100001fc       0xf4 ./Core/Src/main.o
                0x00000000100001fc                gps
                0x0000000010000218                pvt
                0x0000000010000278                imu
                0x00000000100002c0                baro
 COMMON         0x00000000100002f0      0x178 ./Core/Src/spi.o
                0x00000000100002f0                hspi1
                0x0000000010000378                hdma_spi1_rx
                0x00000000100003f0                hdma_spi1_tx
 COMMON         0x0000000010000468      0x180 ./Core/Src/usart.o
                0x0000000010000468                hdma_usart3_rx
                0x00000000100004e0                huart3
                0x0000000010000570                hdma_usart3_tx
 COMMON         0x00000000100005e8        0x4 ./Drivers/STM32H7xx_HAL_Driver/stm32h7xx_hal.o
                0x00000000100005e8                uwTick
                0x00000000100005ec                . = ALIGN (0x4)
                0x00000000100005ec                _ebss = .
                0x00000000100005ec                __bss_end__ = _ebss

._user_heap_stack
                0x00000000100005ec      0x604 load address 0x000000000810d678
                0x00000000100005f0                . = ALIGN (0x8)
 *fill*         0x00000000100005ec        0x4 
                [!provide]                        PROVIDE (end = .)
                0x00000000100005f0                PROVIDE (_end = .)
                0x00000000100007f0                . = (. + _Min_Heap_Size)
 *fill*         0x00000000100005f0      0x200 
                0x0000000010000bf0                . = (. + _Min_Stack_Size)
 *fill*         0x00000000100007f0      0x400 
                0x0000000010000bf0                . = ALIGN (0x8)

/DISCARD/
 libc.a(*)
 libm.a(*)
 libgcc.a(*)

.ARM.attributes
                0x0000000000000000       0x30
 *(.ARM.attributes)
 .ARM.attributes
                0x0000000000000000       0x1e c:/st/stm32cubeide_1.1.0/stm32cubeide/plugins/com.st.stm32cube.ide.mcu.externaltools.gnu-tools-for-stm32.9-2020-q2-update.win32_2.0.0.202105311346/tools/bin/../lib/gcc/arm-none-eabi/9.3.1/thumb/v7e-m+fp/hard/crti.o
 .ARM.attributes
                0x000000000000001e       0x34 c:/st/stm32cubeide_1.1.0/stm32cubeide/plugins/com.st.stm32cube.ide.mcu.externaltools.gnu-tools-for-stm32.9-2020-q2-update.win32_2.0.0.202105311346/tools/bin/../lib/gcc/arm-none-eabi/9.3.1/thumb/v7e-m+fp/hard/crtbegin.o
 .ARM.attributes
                0x0000000000000052       0x34 ./Common/Src/system_stm32h7xx_dualcore_boot_cm4_cm7.o
 .ARM.attributes
                0x0000000000000086       0x34 ./Core/Src/bmp280.o
 .ARM.attributes
                0x00000000000000ba       0x34 ./Core/Src/dma.o
 .ARM.attributes
                0x00000000000000ee       0x34 ./Core/Src/gpio.o
 .ARM.attributes
                0x0000000000000122       0x34 ./Core/Src/i2c.o
 .ARM.attributes
                0x0000000000000156       0x34 ./Core/Src/lsm9ds1.o
 .ARM.attributes
                0x000000000000018a       0x34 ./Core/Src/main.o
 .ARM.attributes
                0x00000000000001be       0x34 ./Core/Src/spi.o
 .ARM.attributes
                0x00000000000001f2       0x34 ./Core/Src/stm32h7xx_hal_msp.o
 .ARM.attributes
                0x0000000000000226       0x34 ./Core/Src/stm32h7xx_it.o
 .ARM.attributes
                0x000000000000025a       0x34 ./Core/Src/ublox.o
 .ARM.attributes
                0x000000000000028e       0x34 ./Core/Src/usart.o
 .ARM.attributes
                0x00000000000002c2       0x21 ./Core/Startup/startup_stm32h745zitx.o
 .ARM.attributes
                0x00000000000002e3       0x34 ./Drivers/STM32H7xx_HAL_Driver/stm32h7xx_hal.o
 .ARM.attributes
                0x0000000000000317       0x34 ./Drivers/STM32H7xx_HAL_Driver/stm32h7xx_hal_cortex.o
 .ARM.attributes
                0x000000000000034b       0x34 ./Drivers/STM32H7xx_HAL_Driver/stm32h7xx_hal_dma.o
 .ARM.attributes
                0x000000000000037f       0x34 ./Drivers/STM32H7xx_HAL_Driver/stm32h7xx_hal_gpio.o
 .ARM.attributes
                0x00000000000003b3       0x34 ./Drivers/STM32H7xx_HAL_Driver/stm32h7xx_hal_hsem.o
 .ARM.attributes
                0x00000000000003e7       0x34 ./Drivers/STM32H7xx_HAL_Driver/stm32h7xx_hal_i2c.o
 .ARM.attributes
                0x000000000000041b       0x34 ./Drivers/STM32H7xx_HAL_Driver/stm32h7xx_hal_i2c_ex.o
 .ARM.attributes
                0x000000000000044f       0x34 ./Drivers/STM32H7xx_HAL_Driver/stm32h7xx_hal_pwr_ex.o
 .ARM.attributes
                0x0000000000000483       0x34 ./Drivers/STM32H7xx_HAL_Driver/stm32h7xx_hal_rcc.o
 .ARM.attributes
                0x00000000000004b7       0x34 ./Drivers/STM32H7xx_HAL_Driver/stm32h7xx_hal_rcc_ex.o
 .ARM.attributes
                0x00000000000004eb       0x34 ./Drivers/STM32H7xx_HAL_Driver/stm32h7xx_hal_spi.o
 .ARM.attributes
                0x000000000000051f       0x34 ./Drivers/STM32H7xx_HAL_Driver/stm32h7xx_hal_uart.o
 .ARM.attributes
                0x0000000000000553       0x34 ./Drivers/STM32H7xx_HAL_Driver/stm32h7xx_hal_uart_ex.o
 .ARM.attributes
                0x0000000000000587       0x34 c:/st/stm32cubeide_1.1.0/stm32cubeide/plugins/com.st.stm32cube.ide.mcu.externaltools.gnu-tools-for-stm32.9-2020-q2-update.win32_2.0.0.202105311346/tools/bin/../lib/gcc/arm-none-eabi/9.3.1/../../../../arm-none-eabi/lib/thumb/v7e-m+fp/hard\libc_nano.a(lib_a-errno.o)
 .ARM.attributes
                0x00000000000005bb       0x32 c:/st/stm32cubeide_1.1.0/stm32cubeide/plugins/com.st.stm32cube.ide.mcu.externaltools.gnu-tools-for-stm32.9-2020-q2-update.win32_2.0.0.202105311346/tools/bin/../lib/gcc/arm-none-eabi/9.3.1/../../../../arm-none-eabi/lib/thumb/v7e-m+fp/hard\libc_nano.a(lib_a-impure.o)
 .ARM.attributes
                0x00000000000005ed       0x34 c:/st/stm32cubeide_1.1.0/stm32cubeide/plugins/com.st.stm32cube.ide.mcu.externaltools.gnu-tools-for-stm32.9-2020-q2-update.win32_2.0.0.202105311346/tools/bin/../lib/gcc/arm-none-eabi/9.3.1/../../../../arm-none-eabi/lib/thumb/v7e-m+fp/hard\libc_nano.a(lib_a-init.o)
 .ARM.attributes
                0x0000000000000621       0x34 c:/st/stm32cubeide_1.1.0/stm32cubeide/plugins/com.st.stm32cube.ide.mcu.externaltools.gnu-tools-for-stm32.9-2020-q2-update.win32_2.0.0.202105311346/tools/bin/../lib/gcc/arm-none-eabi/9.3.1/../../../../arm-none-eabi/lib/thumb/v7e-m+fp/hard\libc_nano.a(lib_a-memset.o)
 .ARM.attributes
                0x0000000000000655       0x34 c:/st/stm32cubeide_1.1.0/stm32cubeide/plugins/com.st.stm32cube.ide.mcu.externaltools.gnu-tools-for-stm32.9-2020-q2-update.win32_2.0.0.202105311346/tools/bin/../lib/gcc/arm-none-eabi/9.3.1/../../../../arm-none-eabi/lib/thumb/v7e-m+fp/hard\libm.a(lib_a-w_pow.o)
 .ARM.attributes
                0x0000000000000689       0x34 c:/st/stm32cubeide_1.1.0/stm32cubeide/plugins/com.st.stm32cube.ide.mcu.externaltools.gnu-tools-for-stm32.9-2020-q2-update.win32_2.0.0.202105311346/tools/bin/../lib/gcc/arm-none-eabi/9.3.1/../../../../arm-none-eabi/lib/thumb/v7e-m+fp/hard\libm.a(lib_a-e_pow.o)
 .ARM.attributes
                0x00000000000006bd       0x34 c:/st/stm32cubeide_1.1.0/stm32cubeide/plugins/com.st.stm32cube.ide.mcu.externaltools.gnu-tools-for-stm32.9-2020-q2-update.win32_2.0.0.202105311346/tools/bin/../lib/gcc/arm-none-eabi/9.3.1/../../../../arm-none-eabi/lib/thumb/v7e-m+fp/hard\libm.a(lib_a-e_sqrt.o)
 .ARM.attributes
                0x00000000000006f1       0x34 c:/st/stm32cubeide_1.1.0/stm32cubeide/plugins/com.st.stm32cube.ide.mcu.externaltools.gnu-tools-for-stm32.9-2020-q2-update.win32_2.0.0.202105311346/tools/bin/../lib/gcc/arm-none-eabi/9.3.1/../../../../arm-none-eabi/lib/thumb/v7e-m+fp/hard\libm.a(lib_a-s_fabs.o)
 .ARM.attributes
                0x0000000000000725       0x34 c:/st/stm32cubeide_1.1.0/stm32cubeide/plugins/com.st.stm32cube.ide.mcu.externaltools.gnu-tools-for-stm32.9-2020-q2-update.win32_2.0.0.202105311346/tools/bin/../lib/gcc/arm-none-eabi/9.3.1/../../../../arm-none-eabi/lib/thumb/v7e-m+fp/hard\libm.a(lib_a-s_finite.o)
 .ARM.attributes
                0x0000000000000759       0x32 c:/st/stm32cubeide_1.1.0/stm32cubeide/plugins/com.st.stm32cube.ide.mcu.externaltools.gnu-tools-for-stm32.9-2020-q2-update.win32_2.0.0.202105311346/tools/bin/../lib/gcc/arm-none-eabi/9.3.1/../../../../arm-none-eabi/lib/thumb/v7e-m+fp/hard\libm.a(lib_a-s_lib_ver.o)
 .ARM.attributes
                0x000000000000078b       0x34 c:/st/stm32cubeide_1.1.0/stm32cubeide/plugins/com.st.stm32cube.ide.mcu.externaltools.gnu-tools-for-stm32.9-2020-q2-update.win32_2.0.0.202105311346/tools/bin/../lib/gcc/arm-none-eabi/9.3.1/../../../../arm-none-eabi/lib/thumb/v7e-m+fp/hard\libm.a(lib_a-s_nan.o)
 .ARM.attributes
                0x00000000000007bf       0x34 c:/st/stm32cubeide_1.1.0/stm32cubeide/plugins/com.st.stm32cube.ide.mcu.externaltools.gnu-tools-for-stm32.9-2020-q2-update.win32_2.0.0.202105311346/tools/bin/../lib/gcc/arm-none-eabi/9.3.1/../../../../arm-none-eabi/lib/thumb/v7e-m+fp/hard\libm.a(lib_a-s_rint.o)
 .ARM.attributes
                0x00000000000007f3       0x34 c:/st/stm32cubeide_1.1.0/stm32cubeide/plugins/com.st.stm32cube.ide.mcu.externaltools.gnu-tools-for-stm32.9-2020-q2-update.win32_2.0.0.202105311346/tools/bin/../lib/gcc/arm-none-eabi/9.3.1/../../../../arm-none-eabi/lib/thumb/v7e-m+fp/hard\libm.a(lib_a-s_scalbn.o)
 .ARM.attributes
                0x0000000000000827       0x1e c:/st/stm32cubeide_1.1.0/stm32cubeide/plugins/com.st.stm32cube.ide.mcu.externaltools.gnu-tools-for-stm32.9-2020-q2-update.win32_2.0.0.202105311346/tools/bin/../lib/gcc/arm-none-eabi/9.3.1/thumb/v7e-m+fp/hard\libgcc.a(_arm_addsubdf3.o)
 .ARM.attributes
                0x0000000000000845       0x1e c:/st/stm32cubeide_1.1.0/stm32cubeide/plugins/com.st.stm32cube.ide.mcu.externaltools.gnu-tools-for-stm32.9-2020-q2-update.win32_2.0.0.202105311346/tools/bin/../lib/gcc/arm-none-eabi/9.3.1/thumb/v7e-m+fp/hard\libgcc.a(_arm_muldivdf3.o)
 .ARM.attributes
                0x0000000000000863       0x1e c:/st/stm32cubeide_1.1.0/stm32cubeide/plugins/com.st.stm32cube.ide.mcu.externaltools.gnu-tools-for-stm32.9-2020-q2-update.win32_2.0.0.202105311346/tools/bin/../lib/gcc/arm-none-eabi/9.3.1/thumb/v7e-m+fp/hard\libgcc.a(_arm_cmpdf2.o)
 .ARM.attributes
                0x0000000000000881       0x1e c:/st/stm32cubeide_1.1.0/stm32cubeide/plugins/com.st.stm32cube.ide.mcu.externaltools.gnu-tools-for-stm32.9-2020-q2-update.win32_2.0.0.202105311346/tools/bin/../lib/gcc/arm-none-eabi/9.3.1/thumb/v7e-m+fp/hard\libgcc.a(_arm_unorddf2.o)
 .ARM.attributes
                0x000000000000089f       0x1e c:/st/stm32cubeide_1.1.0/stm32cubeide/plugins/com.st.stm32cube.ide.mcu.externaltools.gnu-tools-for-stm32.9-2020-q2-update.win32_2.0.0.202105311346/tools/bin/../lib/gcc/arm-none-eabi/9.3.1/thumb/v7e-m+fp/hard\libgcc.a(_arm_truncdfsf2.o)
 .ARM.attributes
                0x00000000000008bd       0x1e c:/st/stm32cubeide_1.1.0/stm32cubeide/plugins/com.st.stm32cube.ide.mcu.externaltools.gnu-tools-for-stm32.9-2020-q2-update.win32_2.0.0.202105311346/tools/bin/../lib/gcc/arm-none-eabi/9.3.1/thumb/v7e-m+fp/hard\libgcc.a(_arm_addsubsf3.o)
 .ARM.attributes
                0x00000000000008db       0x1e c:/st/stm32cubeide_1.1.0/stm32cubeide/plugins/com.st.stm32cube.ide.mcu.externaltools.gnu-tools-for-stm32.9-2020-q2-update.win32_2.0.0.202105311346/tools/bin/../lib/gcc/arm-none-eabi/9.3.1/thumb/v7e-m+fp/hard\libgcc.a(_aeabi_ldivmod.o)
 .ARM.attributes
                0x00000000000008f9       0x1e c:/st/stm32cubeide_1.1.0/stm32cubeide/plugins/com.st.stm32cube.ide.mcu.externaltools.gnu-tools-for-stm32.9-2020-q2-update.win32_2.0.0.202105311346/tools/bin/../lib/gcc/arm-none-eabi/9.3.1/thumb/v7e-m+fp/hard\libgcc.a(_aeabi_uldivmod.o)
 .ARM.attributes
                0x0000000000000917       0x34 c:/st/stm32cubeide_1.1.0/stm32cubeide/plugins/com.st.stm32cube.ide.mcu.externaltools.gnu-tools-for-stm32.9-2020-q2-update.win32_2.0.0.202105311346/tools/bin/../lib/gcc/arm-none-eabi/9.3.1/thumb/v7e-m+fp/hard\libgcc.a(_udivmoddi4.o)
 .ARM.attributes
                0x000000000000094b       0x1e c:/st/stm32cubeide_1.1.0/stm32cubeide/plugins/com.st.stm32cube.ide.mcu.externaltools.gnu-tools-for-stm32.9-2020-q2-update.win32_2.0.0.202105311346/tools/bin/../lib/gcc/arm-none-eabi/9.3.1/thumb/v7e-m+fp/hard\libgcc.a(_dvmd_tls.o)
 .ARM.attributes
                0x0000000000000969       0x1e c:/st/stm32cubeide_1.1.0/stm32cubeide/plugins/com.st.stm32cube.ide.mcu.externaltools.gnu-tools-for-stm32.9-2020-q2-update.win32_2.0.0.202105311346/tools/bin/../lib/gcc/arm-none-eabi/9.3.1/thumb/v7e-m+fp/hard/crtn.o
OUTPUT(baremetal_CM4.elf elf32-littlearm)
LOAD linker stubs
LOAD c:/st/stm32cubeide_1.1.0/stm32cubeide/plugins/com.st.stm32cube.ide.mcu.externaltools.gnu-tools-for-stm32.9-2020-q2-update.win32_2.0.0.202105311346/tools/bin/../lib/gcc/arm-none-eabi/9.3.1/../../../../arm-none-eabi/lib/thumb/v7e-m+fp/hard\libc.a
LOAD c:/st/stm32cubeide_1.1.0/stm32cubeide/plugins/com.st.stm32cube.ide.mcu.externaltools.gnu-tools-for-stm32.9-2020-q2-update.win32_2.0.0.202105311346/tools/bin/../lib/gcc/arm-none-eabi/9.3.1/../../../../arm-none-eabi/lib/thumb/v7e-m+fp/hard\libm.a
LOAD c:/st/stm32cubeide_1.1.0/stm32cubeide/plugins/com.st.stm32cube.ide.mcu.externaltools.gnu-tools-for-stm32.9-2020-q2-update.win32_2.0.0.202105311346/tools/bin/../lib/gcc/arm-none-eabi/9.3.1/thumb/v7e-m+fp/hard\libgcc.a

.debug_info     0x0000000000000000    0x2a8f1
 .debug_info    0x0000000000000000     0x11f9 ./Common/Src/system_stm32h7xx_dualcore_boot_cm4_cm7.o
 .debug_info    0x00000000000011f9     0x19bf ./Core/Src/bmp280.o
 .debug_info    0x0000000000002bb8     0x133c ./Core/Src/dma.o
 .debug_info    0x0000000000003ef4     0x10e0 ./Core/Src/gpio.o
 .debug_info    0x0000000000004fd4     0x1e29 ./Core/Src/i2c.o
 .debug_info    0x0000000000006dfd     0x1d76 ./Core/Src/lsm9ds1.o
 .debug_info    0x0000000000008b73     0x2b9a ./Core/Src/main.o
 .debug_info    0x000000000000b70d     0x1eeb ./Core/Src/spi.o
 .debug_info    0x000000000000d5f8      0xf7a ./Core/Src/stm32h7xx_hal_msp.o
 .debug_info    0x000000000000e572     0x1a4b ./Core/Src/stm32h7xx_it.o
 .debug_info    0x000000000000ffbd     0x15d9 ./Core/Src/ublox.o
 .debug_info    0x0000000000011596     0x1ec4 ./Core/Src/usart.o
 .debug_info    0x000000000001345a       0x22 ./Core/Startup/startup_stm32h745zitx.o
 .debug_info    0x000000000001347c     0x222b ./Drivers/STM32H7xx_HAL_Driver/stm32h7xx_hal.o
 .debug_info    0x00000000000156a7     0x1a52 ./Drivers/STM32H7xx_HAL_Driver/stm32h7xx_hal_cortex.o
 .debug_info    0x00000000000170f9     0x175f ./Drivers/STM32H7xx_HAL_Driver/stm32h7xx_hal_dma.o
 .debug_info    0x0000000000018858     0x189e ./Drivers/STM32H7xx_HAL_Driver/stm32h7xx_hal_gpio.o
 .debug_info    0x000000000001a0f6      0xed3 ./Drivers/STM32H7xx_HAL_Driver/stm32h7xx_hal_hsem.o
 .debug_info    0x000000000001afc9     0x2d48 ./Drivers/STM32H7xx_HAL_Driver/stm32h7xx_hal_i2c.o
 .debug_info    0x000000000001dd11     0x18b6 ./Drivers/STM32H7xx_HAL_Driver/stm32h7xx_hal_i2c_ex.o
 .debug_info    0x000000000001f5c7     0x1b6e ./Drivers/STM32H7xx_HAL_Driver/stm32h7xx_hal_pwr_ex.o
 .debug_info    0x0000000000021135     0x194f ./Drivers/STM32H7xx_HAL_Driver/stm32h7xx_hal_rcc.o
 .debug_info    0x0000000000022a84     0x1de1 ./Drivers/STM32H7xx_HAL_Driver/stm32h7xx_hal_rcc_ex.o
 .debug_info    0x0000000000024865     0x1fc7 ./Drivers/STM32H7xx_HAL_Driver/stm32h7xx_hal_spi.o
 .debug_info    0x000000000002682c     0x2937 ./Drivers/STM32H7xx_HAL_Driver/stm32h7xx_hal_uart.o
 .debug_info    0x0000000000029163     0x178e ./Drivers/STM32H7xx_HAL_Driver/stm32h7xx_hal_uart_ex.o

.debug_abbrev   0x0000000000000000     0x4613
 .debug_abbrev  0x0000000000000000      0x251 ./Common/Src/system_stm32h7xx_dualcore_boot_cm4_cm7.o
 .debug_abbrev  0x0000000000000251      0x2d0 ./Core/Src/bmp280.o
 .debug_abbrev  0x0000000000000521      0x21a ./Core/Src/dma.o
 .debug_abbrev  0x000000000000073b      0x229 ./Core/Src/gpio.o
 .debug_abbrev  0x0000000000000964      0x278 ./Core/Src/i2c.o
 .debug_abbrev  0x0000000000000bdc      0x372 ./Core/Src/lsm9ds1.o
 .debug_abbrev  0x0000000000000f4e      0x33f ./Core/Src/main.o
 .debug_abbrev  0x000000000000128d      0x278 ./Core/Src/spi.o
 .debug_abbrev  0x0000000000001505      0x20f ./Core/Src/stm32h7xx_hal_msp.o
 .debug_abbrev  0x0000000000001714      0x218 ./Core/Src/stm32h7xx_it.o
 .debug_abbrev  0x000000000000192c      0x2ba ./Core/Src/ublox.o
 .debug_abbrev  0x0000000000001be6      0x278 ./Core/Src/usart.o
 .debug_abbrev  0x0000000000001e5e       0x12 ./Core/Startup/startup_stm32h745zitx.o
 .debug_abbrev  0x0000000000001e70      0x324 ./Drivers/STM32H7xx_HAL_Driver/stm32h7xx_hal.o
 .debug_abbrev  0x0000000000002194      0x409 ./Drivers/STM32H7xx_HAL_Driver/stm32h7xx_hal_cortex.o
 .debug_abbrev  0x000000000000259d      0x2c1 ./Drivers/STM32H7xx_HAL_Driver/stm32h7xx_hal_dma.o
 .debug_abbrev  0x000000000000285e      0x2cb ./Drivers/STM32H7xx_HAL_Driver/stm32h7xx_hal_gpio.o
 .debug_abbrev  0x0000000000002b29      0x2e9 ./Drivers/STM32H7xx_HAL_Driver/stm32h7xx_hal_hsem.o
 .debug_abbrev  0x0000000000002e12      0x2e6 ./Drivers/STM32H7xx_HAL_Driver/stm32h7xx_hal_i2c.o
 .debug_abbrev  0x00000000000030f8      0x29e ./Drivers/STM32H7xx_HAL_Driver/stm32h7xx_hal_i2c_ex.o
 .debug_abbrev  0x0000000000003396      0x37d ./Drivers/STM32H7xx_HAL_Driver/stm32h7xx_hal_pwr_ex.o
 .debug_abbrev  0x0000000000003713      0x322 ./Drivers/STM32H7xx_HAL_Driver/stm32h7xx_hal_rcc.o
 .debug_abbrev  0x0000000000003a35      0x31d ./Drivers/STM32H7xx_HAL_Driver/stm32h7xx_hal_rcc_ex.o
 .debug_abbrev  0x0000000000003d52      0x313 ./Drivers/STM32H7xx_HAL_Driver/stm32h7xx_hal_spi.o
 .debug_abbrev  0x0000000000004065      0x309 ./Drivers/STM32H7xx_HAL_Driver/stm32h7xx_hal_uart.o
 .debug_abbrev  0x000000000000436e      0x2a5 ./Drivers/STM32H7xx_HAL_Driver/stm32h7xx_hal_uart_ex.o

.debug_aranges  0x0000000000000000     0x1300
 .debug_aranges
                0x0000000000000000       0x28 ./Common/Src/system_stm32h7xx_dualcore_boot_cm4_cm7.o
 .debug_aranges
                0x0000000000000028       0x80 ./Core/Src/bmp280.o
 .debug_aranges
                0x00000000000000a8       0x20 ./Core/Src/dma.o
 .debug_aranges
                0x00000000000000c8       0x20 ./Core/Src/gpio.o
 .debug_aranges
                0x00000000000000e8       0x30 ./Core/Src/i2c.o
 .debug_aranges
                0x0000000000000118      0x100 ./Core/Src/lsm9ds1.o
 .debug_aranges
                0x0000000000000218       0x70 ./Core/Src/main.o
 .debug_aranges
                0x0000000000000288       0x30 ./Core/Src/spi.o
 .debug_aranges
                0x00000000000002b8       0x20 ./Core/Src/stm32h7xx_hal_msp.o
 .debug_aranges
                0x00000000000002d8       0xb0 ./Core/Src/stm32h7xx_it.o
 .debug_aranges
                0x0000000000000388       0x40 ./Core/Src/ublox.o
 .debug_aranges
                0x00000000000003c8       0x30 ./Core/Src/usart.o
 .debug_aranges
                0x00000000000003f8       0x28 ./Core/Startup/startup_stm32h745zitx.o
 .debug_aranges
                0x0000000000000420      0x200 ./Drivers/STM32H7xx_HAL_Driver/stm32h7xx_hal.o
 .debug_aranges
                0x0000000000000620      0x120 ./Drivers/STM32H7xx_HAL_Driver/stm32h7xx_hal_cortex.o
 .debug_aranges
                0x0000000000000740       0xa0 ./Drivers/STM32H7xx_HAL_Driver/stm32h7xx_hal_dma.o
 .debug_aranges
                0x00000000000007e0       0x58 ./Drivers/STM32H7xx_HAL_Driver/stm32h7xx_hal_gpio.o
 .debug_aranges
                0x0000000000000838       0x70 ./Drivers/STM32H7xx_HAL_Driver/stm32h7xx_hal_hsem.o
 .debug_aranges
                0x00000000000008a8      0x290 ./Drivers/STM32H7xx_HAL_Driver/stm32h7xx_hal_i2c.o
 .debug_aranges
                0x0000000000000b38       0x48 ./Drivers/STM32H7xx_HAL_Driver/stm32h7xx_hal_i2c_ex.o
 .debug_aranges
                0x0000000000000b80      0x170 ./Drivers/STM32H7xx_HAL_Driver/stm32h7xx_hal_pwr_ex.o
 .debug_aranges
                0x0000000000000cf0       0x88 ./Drivers/STM32H7xx_HAL_Driver/stm32h7xx_hal_rcc.o
 .debug_aranges
                0x0000000000000d78      0x100 ./Drivers/STM32H7xx_HAL_Driver/stm32h7xx_hal_rcc_ex.o
 .debug_aranges
                0x0000000000000e78      0x1a0 ./Drivers/STM32H7xx_HAL_Driver/stm32h7xx_hal_spi.o
 .debug_aranges
                0x0000000000001018      0x248 ./Drivers/STM32H7xx_HAL_Driver/stm32h7xx_hal_uart.o
 .debug_aranges
                0x0000000000001260       0xa0 ./Drivers/STM32H7xx_HAL_Driver/stm32h7xx_hal_uart_ex.o

.debug_ranges   0x0000000000000000     0x1198
 .debug_ranges  0x0000000000000000       0x18 ./Common/Src/system_stm32h7xx_dualcore_boot_cm4_cm7.o
 .debug_ranges  0x0000000000000018       0x70 ./Core/Src/bmp280.o
 .debug_ranges  0x0000000000000088       0x10 ./Core/Src/dma.o
 .debug_ranges  0x0000000000000098       0x10 ./Core/Src/gpio.o
 .debug_ranges  0x00000000000000a8       0x20 ./Core/Src/i2c.o
 .debug_ranges  0x00000000000000c8       0xf0 ./Core/Src/lsm9ds1.o
 .debug_ranges  0x00000000000001b8       0x60 ./Core/Src/main.o
 .debug_ranges  0x0000000000000218       0x20 ./Core/Src/spi.o
 .debug_ranges  0x0000000000000238       0x10 ./Core/Src/stm32h7xx_hal_msp.o
 .debug_ranges  0x0000000000000248       0xa0 ./Core/Src/stm32h7xx_it.o
 .debug_ranges  0x00000000000002e8       0x30 ./Core/Src/ublox.o
 .debug_ranges  0x0000000000000318       0x20 ./Core/Src/usart.o
 .debug_ranges  0x0000000000000338       0x20 ./Core/Startup/startup_stm32h745zitx.o
 .debug_ranges  0x0000000000000358      0x1f0 ./Drivers/STM32H7xx_HAL_Driver/stm32h7xx_hal.o
 .debug_ranges  0x0000000000000548      0x110 ./Drivers/STM32H7xx_HAL_Driver/stm32h7xx_hal_cortex.o
 .debug_ranges  0x0000000000000658       0x90 ./Drivers/STM32H7xx_HAL_Driver/stm32h7xx_hal_dma.o
 .debug_ranges  0x00000000000006e8       0x48 ./Drivers/STM32H7xx_HAL_Driver/stm32h7xx_hal_gpio.o
 .debug_ranges  0x0000000000000730       0x60 ./Drivers/STM32H7xx_HAL_Driver/stm32h7xx_hal_hsem.o
 .debug_ranges  0x0000000000000790      0x280 ./Drivers/STM32H7xx_HAL_Driver/stm32h7xx_hal_i2c.o
 .debug_ranges  0x0000000000000a10       0x38 ./Drivers/STM32H7xx_HAL_Driver/stm32h7xx_hal_i2c_ex.o
 .debug_ranges  0x0000000000000a48      0x160 ./Drivers/STM32H7xx_HAL_Driver/stm32h7xx_hal_pwr_ex.o
 .debug_ranges  0x0000000000000ba8       0x78 ./Drivers/STM32H7xx_HAL_Driver/stm32h7xx_hal_rcc.o
 .debug_ranges  0x0000000000000c20       0xf0 ./Drivers/STM32H7xx_HAL_Driver/stm32h7xx_hal_rcc_ex.o
 .debug_ranges  0x0000000000000d10      0x190 ./Drivers/STM32H7xx_HAL_Driver/stm32h7xx_hal_spi.o
 .debug_ranges  0x0000000000000ea0      0x268 ./Drivers/STM32H7xx_HAL_Driver/stm32h7xx_hal_uart.o
 .debug_ranges  0x0000000000001108       0x90 ./Drivers/STM32H7xx_HAL_Driver/stm32h7xx_hal_uart_ex.o

.debug_macro    0x0000000000000000    0x3ac3e
 .debug_macro   0x0000000000000000      0x2b6 ./Common/Src/system_stm32h7xx_dualcore_boot_cm4_cm7.o
 .debug_macro   0x00000000000002b6      0xaae ./Common/Src/system_stm32h7xx_dualcore_boot_cm4_cm7.o
 .debug_macro   0x0000000000000d64       0x2e ./Common/Src/system_stm32h7xx_dualcore_boot_cm4_cm7.o
 .debug_macro   0x0000000000000d92       0x3b ./Common/Src/system_stm32h7xx_dualcore_boot_cm4_cm7.o
 .debug_macro   0x0000000000000dcd       0x22 ./Common/Src/system_stm32h7xx_dualcore_boot_cm4_cm7.o
 .debug_macro   0x0000000000000def       0x8e ./Common/Src/system_stm32h7xx_dualcore_boot_cm4_cm7.o
 .debug_macro   0x0000000000000e7d       0x51 ./Common/Src/system_stm32h7xx_dualcore_boot_cm4_cm7.o
 .debug_macro   0x0000000000000ece      0x103 ./Common/Src/system_stm32h7xx_dualcore_boot_cm4_cm7.o
 .debug_macro   0x0000000000000fd1       0x6a ./Common/Src/system_stm32h7xx_dualcore_boot_cm4_cm7.o
 .debug_macro   0x000000000000103b      0x1df ./Common/Src/system_stm32h7xx_dualcore_boot_cm4_cm7.o
 .debug_macro   0x000000000000121a       0x1c ./Common/Src/system_stm32h7xx_dualcore_boot_cm4_cm7.o
 .debug_macro   0x0000000000001236       0x22 ./Common/Src/system_stm32h7xx_dualcore_boot_cm4_cm7.o
 .debug_macro   0x0000000000001258      0x101 ./Common/Src/system_stm32h7xx_dualcore_boot_cm4_cm7.o