../Core/Src/sensors.cpp:4:1:SensorData::SensorData()	4	static
../Core/Src/sensors.cpp:9:6:void SensorData::ReadRawData()	8	static
../Core/Src/sensors.cpp:18:6:void SensorData::ReadFilteredData()	0	static
../Core/Src/sensors.cpp:23:6:void SensorData::ReadGPS()	8	static
../Core/Src/sensors.cpp:39:6:void SensorData::ReadMag()	8	static
../Core/Src/sensors.cpp:51:6:void SensorData::ReadAcc()	8	static
../Core/Src/sensors.cpp:62:6:void SensorData::ReadBaro()	8	static
../Core/Src/sensors.cpp:72:6:void SensorData::ReadGyro()	8	static
../Core/Src/sensors.cpp:83:10:acc_data SensorData::GetAccData()	32	static
../Core/Src/sensors.cpp:87:11:gyro_data SensorData::GetGyroData()	32	static
../Core/Src/sensors.cpp:91:11:mag_data SensorData::GetMagData()	32	static
../Core/Src/sensors.cpp:95:11:baro_data SensorData::GetBaroData()	16	static
../Core/Src/sensors.cpp:99:10:gps_data SensorData::GetGpsData()	8	static
