../Core/Src/stm32h7xx_it.c:86:6:NMI_Handler	4	static
../Core/Src/stm32h7xx_it.c:101:6:HardFault_Handler	4	static
../Core/Src/stm32h7xx_it.c:117:6:MemManage_Handler	4	static
../Core/Src/stm32h7xx_it.c:132:6:BusFault_Handler	4	static
../Core/Src/stm32h7xx_it.c:147:6:UsageFault_Handler	4	static
../Core/Src/stm32h7xx_it.c:162:6:SVC_Handler	4	static
../Core/Src/stm32h7xx_it.c:175:6:DebugMon_Handler	4	static
../Core/Src/stm32h7xx_it.c:188:6:PendSV_Handler	4	static
../Core/Src/stm32h7xx_it.c:201:6:SysTick_Handler	8	static
../Core/Src/stm32h7xx_it.c:222:6:DMA2_Stream7_IRQHandler	8	static
../Core/Src/stm32h7xx_it.c:230:6:DMA1_Stream5_IRQHandler	8	static
../Core/Src/stm32h7xx_it.c:244:6:DMA1_Stream6_IRQHandler	8	static
../Core/Src/stm32h7xx_it.c:258:6:TIM1_BRK_IRQHandler	8	static
../Core/Src/stm32h7xx_it.c:272:6:TIM1_UP_IRQHandler	8	static
../Core/Src/stm32h7xx_it.c:286:6:TIM1_TRG_COM_IRQHandler	8	static
../Core/Src/stm32h7xx_it.c:300:6:TIM1_CC_IRQHandler	8	static
../Core/Src/stm32h7xx_it.c:314:6:I2C2_EV_IRQHandler	8	static
../Core/Src/stm32h7xx_it.c:328:6:I2C2_ER_IRQHandler	8	static
../Core/Src/stm32h7xx_it.c:342:6:SDMMC1_IRQHandler	8	static
../Core/Src/stm32h7xx_it.c:356:6:UART4_IRQHandler	8	static
../Core/Src/stm32h7xx_it.c:373:6:UART7_IRQHandler	8	static
../Core/Src/stm32h7xx_it.c:387:6:OTG_FS_IRQHandler	8	static
../Core/Src/stm32h7xx_it.c:399:6:HSEM1_IRQHandler	8	static
