../Core/Src/stm32h7xx_it.c:81:6:NMI_Handler	4	static
../Core/Src/stm32h7xx_it.c:96:6:HardFault_Handler	4	static
../Core/Src/stm32h7xx_it.c:112:6:MemManage_Handler	4	static
../Core/Src/stm32h7xx_it.c:127:6:BusFault_Handler	4	static
../Core/Src/stm32h7xx_it.c:142:6:UsageFault_Handler	4	static
../Core/Src/stm32h7xx_it.c:157:6:SVC_Handler	4	static
../Core/Src/stm32h7xx_it.c:170:6:DebugMon_Handler	4	static
../Core/Src/stm32h7xx_it.c:183:6:PendSV_Handler	4	static
../Core/Src/stm32h7xx_it.c:196:6:SysTick_Handler	8	static
../Core/Src/stm32h7xx_it.c:217:6:DMA2_Stream7_IRQHandler	8	static
../Core/Src/stm32h7xx_it.c:225:6:DMA1_Stream5_IRQHandler	8	static
../Core/Src/stm32h7xx_it.c:239:6:DMA1_Stream6_IRQHandler	8	static
../Core/Src/stm32h7xx_it.c:253:6:TIM1_BRK_IRQHandler	8	static
../Core/Src/stm32h7xx_it.c:267:6:TIM1_UP_IRQHandler	8	static
../Core/Src/stm32h7xx_it.c:281:6:TIM1_TRG_COM_IRQHandler	8	static
../Core/Src/stm32h7xx_it.c:295:6:TIM1_CC_IRQHandler	8	static
../Core/Src/stm32h7xx_it.c:309:6:I2C2_EV_IRQHandler	8	static
../Core/Src/stm32h7xx_it.c:323:6:I2C2_ER_IRQHandler	8	static
../Core/Src/stm32h7xx_it.c:337:6:SDMMC1_IRQHandler	8	static
../Core/Src/stm32h7xx_it.c:351:6:UART4_IRQHandler	8	static
../Core/Src/stm32h7xx_it.c:368:6:UART7_IRQHandler	8	static
../Core/Src/stm32h7xx_it.c:382:6:OTG_FS_IRQHandler	8	static
