../Core/Src/stm32h7xx_it.c:85:6:NMI_Handler	4	static
../Core/Src/stm32h7xx_it.c:100:6:HardFault_Handler	4	static
../Core/Src/stm32h7xx_it.c:116:6:MemManage_Handler	4	static
../Core/Src/stm32h7xx_it.c:131:6:BusFault_Handler	4	static
../Core/Src/stm32h7xx_it.c:146:6:UsageFault_Handler	4	static
../Core/Src/stm32h7xx_it.c:161:6:SVC_Handler	4	static
../Core/Src/stm32h7xx_it.c:174:6:DebugMon_Handler	4	static
../Core/Src/stm32h7xx_it.c:187:6:PendSV_Handler	4	static
../Core/Src/stm32h7xx_it.c:200:6:SysTick_Handler	8	static
../Core/Src/stm32h7xx_it.c:221:6:DMA2_Stream7_IRQHandler	8	static
../Core/Src/stm32h7xx_it.c:229:6:DMA1_Stream5_IRQHandler	8	static
../Core/Src/stm32h7xx_it.c:243:6:DMA1_Stream6_IRQHandler	8	static
../Core/Src/stm32h7xx_it.c:257:6:TIM1_BRK_IRQHandler	8	static
../Core/Src/stm32h7xx_it.c:271:6:TIM1_UP_IRQHandler	8	static
../Core/Src/stm32h7xx_it.c:285:6:TIM1_TRG_COM_IRQHandler	8	static
../Core/Src/stm32h7xx_it.c:299:6:TIM1_CC_IRQHandler	8	static
../Core/Src/stm32h7xx_it.c:313:6:I2C2_EV_IRQHandler	8	static
../Core/Src/stm32h7xx_it.c:327:6:I2C2_ER_IRQHandler	8	static
../Core/Src/stm32h7xx_it.c:341:6:SDMMC1_IRQHandler	8	static
../Core/Src/stm32h7xx_it.c:355:6:UART4_IRQHandler	8	static
../Core/Src/stm32h7xx_it.c:372:6:UART7_IRQHandler	8	static
../Core/Src/stm32h7xx_it.c:386:6:OTG_FS_IRQHandler	8	static
