stm32h7xx_it.c:80:6:NMI_Handler	4	static
stm32h7xx_it.c:95:6:HardFault_Handler	4	static
stm32h7xx_it.c:111:6:MemManage_Handler	4	static
stm32h7xx_it.c:126:6:BusFault_Handler	4	static
stm32h7xx_it.c:141:6:UsageFault_Handler	4	static
stm32h7xx_it.c:156:6:SVC_Handler	4	static
stm32h7xx_it.c:169:6:DebugMon_Handler	4	static
stm32h7xx_it.c:182:6:PendSV_Handler	4	static
stm32h7xx_it.c:195:6:SysTick_Handler	8	static
stm32h7xx_it.c:213:6:DMA2_Stream1_IRQHandler	8	static
stm32h7xx_it.c:221:6:DMA1_Stream5_IRQHandler	8	static
stm32h7xx_it.c:235:6:DMA1_Stream6_IRQHandler	8	static
stm32h7xx_it.c:249:6:TIM1_BRK_IRQHandler	8	static
stm32h7xx_it.c:263:6:TIM1_UP_IRQHandler	8	static
stm32h7xx_it.c:277:6:TIM1_TRG_COM_IRQHandler	8	static
stm32h7xx_it.c:291:6:TIM1_CC_IRQHandler	8	static
stm32h7xx_it.c:305:6:I2C2_EV_IRQHandler	8	static
stm32h7xx_it.c:319:6:I2C2_ER_IRQHandler	8	static
stm32h7xx_it.c:333:6:SDMMC1_IRQHandler	8	static
stm32h7xx_it.c:347:6:UART4_IRQHandler	8	static
stm32h7xx_it.c:398:6:UART7_IRQHandler	8	static
stm32h7xx_it.c:412:6:OTG_FS_IRQHandler	8	static
