stm32h7xx_it.c:77:6:NMI_Handler	4	static
stm32h7xx_it.c:92:6:HardFault_Handler	4	static
stm32h7xx_it.c:107:6:MemManage_Handler	4	static
stm32h7xx_it.c:122:6:BusFault_Handler	4	static
stm32h7xx_it.c:137:6:UsageFault_Handler	4	static
stm32h7xx_it.c:152:6:SVC_Handler	4	static
stm32h7xx_it.c:165:6:DebugMon_Handler	4	static
stm32h7xx_it.c:178:6:PendSV_Handler	4	static
stm32h7xx_it.c:191:6:SysTick_Handler	8	static
stm32h7xx_it.c:212:6:DMA1_Stream5_IRQHandler	8	static
stm32h7xx_it.c:226:6:DMA1_Stream6_IRQHandler	8	static
stm32h7xx_it.c:240:6:TIM1_BRK_IRQHandler	8	static
stm32h7xx_it.c:254:6:TIM1_UP_IRQHandler	8	static
stm32h7xx_it.c:268:6:TIM1_TRG_COM_IRQHandler	8	static
stm32h7xx_it.c:282:6:TIM1_CC_IRQHandler	8	static
stm32h7xx_it.c:296:6:I2C2_EV_IRQHandler	8	static
stm32h7xx_it.c:310:6:I2C2_ER_IRQHandler	8	static
stm32h7xx_it.c:324:6:SDMMC1_IRQHandler	8	static
stm32h7xx_it.c:338:6:UART4_IRQHandler	8	static
stm32h7xx_it.c:352:6:UART7_IRQHandler	8	static
stm32h7xx_it.c:366:6:OTG_FS_IRQHandler	8	static
