bmp280.c:9:6:SetBMP280NSS	8	static
bmp280.c:18:6:ResetBMP280NSS	8	static
bmp280.c:28:9:CheckBMP280ChipID	8	static
bmp280.c:41:9:ConfigBMP280	24	static
bmp280.c:64:9:Read8Bit	16	static
bmp280.c:80:10:Read16Bit	32	static
bmp280.c:101:10:Read24Bit	32	static
bmp280.c:122:6:Write8Bit	16	static
bmp280.c:132:10:Read16BitLE	24	static
bmp280.c:142:6:BMP280readCoefficients	16	static
bmp280.c:166:6:SetConfig	24	static
bmp280.c:191:6:ReadTemp	32	static
bmp280.c:214:6:ReadPressure	144	static
bmp280.c:253:6:ReadAltitude	24	static
bmp280.c:269:6:ResetBMP280	8	static
