bmp280.c:11:6:ReadComplete	8	static
bmp280.c:19:6:ResetBMP280NSS	8	static
bmp280.c:28:9:ConfigBMP280	24	static
bmp280.c:58:9:CheckBMP280ChipID	16	static
bmp280.c:84:10:Read16Bit	24	static
bmp280.c:104:10:Read24Bit	24	static
bmp280.c:125:6:ReadTemp	32	static
bmp280.c:152:6:ReadPressure	144	static
bmp280.c:192:6:ReadAltitude	24	static
bmp280.c:211:6:ReadCalibCoefficients	16	static
bmp280.c:235:9:setConfig	24	static
bmp280.c:284:7:HAL_SPI_TxRxCpltCallback	16	static
bmp280.c:297:9:ResetBMP280	16	static
