lsm9ds1.c:12:9:CheckIMUSensorID	40	static
lsm9ds1.c:28:6:init	16	static
lsm9ds1.c:86:9:setup	24	static
lsm9ds1.c:122:9:ConfigIMU	16	static
lsm9ds1.c:137:6:initGyro	24	static
lsm9ds1.c:217:6:initAccel	24	static
lsm9ds1.c:284:6:initMag	24	static
lsm9ds1.c:347:6:clampScales	16	static
lsm9ds1.c:373:7:calcGyro	16	static
lsm9ds1.c:383:7:calcMag	16	static
lsm9ds1.c:393:7:calcAccel	16	static
lsm9ds1.c:403:6:readGyro	32	static
lsm9ds1.c:424:6:readMag	32	static
lsm9ds1.c:445:6:readAccel	32	static
lsm9ds1.c:466:6:readTemp	32	static
lsm9ds1.c:486:6:setGyroScale	24	static
lsm9ds1.c:517:6:setMagScale	24	static
lsm9ds1.c:555:6:setAccelScale	24	static
lsm9ds1.c:594:6:setGyroODR	24	static
lsm9ds1.c:618:6:setAccelODR	24	static
lsm9ds1.c:643:6:setMagODR	24	static
lsm9ds1.c:663:6:sleepGyro	24	static
lsm9ds1.c:682:6:calcGyroResolution	16	static
lsm9ds1.c:709:6:calcAccResoltuion	16	static
lsm9ds1.c:739:6:calcMagResolution	16	static
lsm9ds1.c:772:9:I2CReadByte	32	static
lsm9ds1.c:793:9:I2CReadBytes	40	static
lsm9ds1.c:811:19:WriteByte	40	static
lsm9ds1.c:822:6:HAL_I2C_MemRxCpltCallback	16	static
lsm9ds1.c:828:6:HAL_I2C_MemTxCpltCallback	16	static
