lsm9ds1.c:5:9:CheckSensorID	24	static
lsm9ds1.c:15:6:init	16	static
lsm9ds1.c:66:10:setup	24	static
lsm9ds1.c:101:6:initGyro	24	static
lsm9ds1.c:179:6:initAccel	24	static
lsm9ds1.c:245:6:initMag	24	static
lsm9ds1.c:303:6:clampScales	16	static
lsm9ds1.c:327:7:calcGyro	16	static
lsm9ds1.c:331:7:calcMag	16	static
lsm9ds1.c:335:7:calcAccel	16	static
lsm9ds1.c:340:6:readGyro	32	static
lsm9ds1.c:356:6:readMag	32	static
lsm9ds1.c:373:6:readAccel	32	static
lsm9ds1.c:390:7:readTemp	16	static
lsm9ds1.c:404:6:setGyroScale	24	static
lsm9ds1.c:431:6:setMagScale	24	static
lsm9ds1.c:465:6:setAccelScale	24	static
lsm9ds1.c:503:6:setGyroODR	24	static
lsm9ds1.c:521:6:setAccelODR	24	static
lsm9ds1.c:541:6:setMagODR	24	static
lsm9ds1.c:557:6:sleepGyro	24	static
lsm9ds1.c:575:6:calcGyroResolution	16	static
lsm9ds1.c:597:6:calcAccResoltuion	16	static
lsm9ds1.c:624:6:calcMagResolution	16	static
lsm9ds1.c:652:9:I2CReadByte	32	static
lsm9ds1.c:664:9:I2CReadBytes	32	static
lsm9ds1.c:679:19:WriteByte	32	static
lsm9ds1.c:695:6:HAL_I2C_MemRxCpltCallback	16	static
lsm9ds1.c:701:6:HAL_I2C_MemTxCpltCallback	16	static
