lsm9ds1.c:5:9:CheckSensorID	24	static
lsm9ds1.c:15:6:init	16	static
lsm9ds1.c:85:10:setup	24	static
lsm9ds1.c:124:6:initGyro	24	static
lsm9ds1.c:206:6:initAccel	24	static
lsm9ds1.c:274:6:initMag	24	static
lsm9ds1.c:333:6:clampScales	16	static
lsm9ds1.c:357:7:calcGyro	16	static
lsm9ds1.c:361:7:calcMag	16	static
lsm9ds1.c:365:7:calcAccel	16	static
lsm9ds1.c:370:6:readGyro	32	static
lsm9ds1.c:388:6:readMag	32	static
lsm9ds1.c:405:6:readAccel	32	static
lsm9ds1.c:422:7:readTemp	16	static
lsm9ds1.c:440:6:setGyroScale	24	static
lsm9ds1.c:469:6:setMagScale	24	static
lsm9ds1.c:503:6:setAccelScale	24	static
lsm9ds1.c:543:6:setGyroODR	24	static
lsm9ds1.c:563:6:setAccelODR	24	static
lsm9ds1.c:583:6:setMagODR	24	static
lsm9ds1.c:602:6:sleepGyro	24	static
lsm9ds1.c:620:6:calcGyroResolution	16	static
lsm9ds1.c:642:6:calcAccResoltuion	16	static
lsm9ds1.c:669:6:calcMagResolution	16	static
lsm9ds1.c:699:9:I2CReadByte	32	static
lsm9ds1.c:711:9:I2CReadBytes	32	static
lsm9ds1.c:726:19:WriteByte	32	static
lsm9ds1.c:743:6:I2CWriteBytes	16	static
lsm9ds1.c:748:6:HAL_I2C_MemRxCpltCallback	16	static
lsm9ds1.c:754:6:HAL_I2C_MemTxCpltCallback	16	static
