stm32h7xx_it.c:78:6:NMI_Handler	4	static
stm32h7xx_it.c:93:6:HardFault_Handler	4	static
stm32h7xx_it.c:108:6:MemManage_Handler	4	static
stm32h7xx_it.c:123:6:BusFault_Handler	4	static
stm32h7xx_it.c:138:6:UsageFault_Handler	4	static
stm32h7xx_it.c:153:6:SVC_Handler	4	static
stm32h7xx_it.c:166:6:DebugMon_Handler	4	static
stm32h7xx_it.c:179:6:PendSV_Handler	4	static
stm32h7xx_it.c:192:6:SysTick_Handler	8	static
stm32h7xx_it.c:213:6:DMA1_Stream0_IRQHandler	8	static
stm32h7xx_it.c:227:6:DMA1_Stream1_IRQHandler	8	static
stm32h7xx_it.c:241:6:DMA1_Stream2_IRQHandler	8	static
stm32h7xx_it.c:255:6:DMA1_Stream3_IRQHandler	8	static
stm32h7xx_it.c:269:6:I2C1_EV_IRQHandler	8	static
stm32h7xx_it.c:283:6:I2C1_ER_IRQHandler	8	static
stm32h7xx_it.c:297:6:SPI1_IRQHandler	8	static
stm32h7xx_it.c:311:6:USART3_IRQHandler	8	static
stm32h7xx_it.c:325:6:DMA1_Stream7_IRQHandler	8	static
stm32h7xx_it.c:339:6:DMA2_Stream0_IRQHandler	8	static
