Archive member included to satisfy reference by file (symbol)

c:/st/stm32cubeide_1.10.1/stm32cubeide/plugins/com.st.stm32cube.ide.mcu.externaltools.gnu-tools-for-stm32.10.3-2021.10.win32_1.0.100.202210260954/tools/bin/../lib/gcc/arm-none-eabi/10.3.1/../../../../arm-none-eabi/lib/thumb/v7e-m+fp/hard\libm.a(lib_a-w_pow.o)
                              ./Core/Src/bmp280.o (pow)
c:/st/stm32cubeide_1.10.1/stm32cubeide/plugins/com.st.stm32cube.ide.mcu.externaltools.gnu-tools-for-stm32.10.3-2021.10.win32_1.0.100.202210260954/tools/bin/../lib/gcc/arm-none-eabi/10.3.1/../../../../arm-none-eabi/lib/thumb/v7e-m+fp/hard\libm.a(lib_a-e_pow.o)
                              c:/st/stm32cubeide_1.10.1/stm32cubeide/plugins/com.st.stm32cube.ide.mcu.externaltools.gnu-tools-for-stm32.10.3-2021.10.win32_1.0.100.202210260954/tools/bin/../lib/gcc/arm-none-eabi/10.3.1/../../../../arm-none-eabi/lib/thumb/v7e-m+fp/hard\libm.a(lib_a-w_pow.o) (__ieee754_pow)
c:/st/stm32cubeide_1.10.1/stm32cubeide/plugins/com.st.stm32cube.ide.mcu.externaltools.gnu-tools-for-stm32.10.3-2021.10.win32_1.0.100.202210260954/tools/bin/../lib/gcc/arm-none-eabi/10.3.1/../../../../arm-none-eabi/lib/thumb/v7e-m+fp/hard\libm.a(lib_a-e_sqrt.o)
                              c:/st/stm32cubeide_1.10.1/stm32cubeide/plugins/com.st.stm32cube.ide.mcu.externaltools.gnu-tools-for-stm32.10.3-2021.10.win32_1.0.100.202210260954/tools/bin/../lib/gcc/arm-none-eabi/10.3.1/../../../../arm-none-eabi/lib/thumb/v7e-m+fp/hard\libm.a(lib_a-e_pow.o) (__ieee754_sqrt)
c:/st/stm32cubeide_1.10.1/stm32cubeide/plugins/com.st.stm32cube.ide.mcu.externaltools.gnu-tools-for-stm32.10.3-2021.10.win32_1.0.100.202210260954/tools/bin/../lib/gcc/arm-none-eabi/10.3.1/../../../../arm-none-eabi/lib/thumb/v7e-m+fp/hard\libm.a(lib_a-math_err.o)
                              c:/st/stm32cubeide_1.10.1/stm32cubeide/plugins/com.st.stm32cube.ide.mcu.externaltools.gnu-tools-for-stm32.10.3-2021.10.win32_1.0.100.202210260954/tools/bin/../lib/gcc/arm-none-eabi/10.3.1/../../../../arm-none-eabi/lib/thumb/v7e-m+fp/hard\libm.a(lib_a-e_pow.o) (__math_uflow)
c:/st/stm32cubeide_1.10.1/stm32cubeide/plugins/com.st.stm32cube.ide.mcu.externaltools.gnu-tools-for-stm32.10.3-2021.10.win32_1.0.100.202210260954/tools/bin/../lib/gcc/arm-none-eabi/10.3.1/../../../../arm-none-eabi/lib/thumb/v7e-m+fp/hard\libm.a(lib_a-s_fabs.o)
                              c:/st/stm32cubeide_1.10.1/stm32cubeide/plugins/com.st.stm32cube.ide.mcu.externaltools.gnu-tools-for-stm32.10.3-2021.10.win32_1.0.100.202210260954/tools/bin/../lib/gcc/arm-none-eabi/10.3.1/../../../../arm-none-eabi/lib/thumb/v7e-m+fp/hard\libm.a(lib_a-e_pow.o) (fabs)
c:/st/stm32cubeide_1.10.1/stm32cubeide/plugins/com.st.stm32cube.ide.mcu.externaltools.gnu-tools-for-stm32.10.3-2021.10.win32_1.0.100.202210260954/tools/bin/../lib/gcc/arm-none-eabi/10.3.1/../../../../arm-none-eabi/lib/thumb/v7e-m+fp/hard\libm.a(lib_a-s_finite.o)
                              c:/st/stm32cubeide_1.10.1/stm32cubeide/plugins/com.st.stm32cube.ide.mcu.externaltools.gnu-tools-for-stm32.10.3-2021.10.win32_1.0.100.202210260954/tools/bin/../lib/gcc/arm-none-eabi/10.3.1/../../../../arm-none-eabi/lib/thumb/v7e-m+fp/hard\libm.a(lib_a-w_pow.o) (finite)
c:/st/stm32cubeide_1.10.1/stm32cubeide/plugins/com.st.stm32cube.ide.mcu.externaltools.gnu-tools-for-stm32.10.3-2021.10.win32_1.0.100.202210260954/tools/bin/../lib/gcc/arm-none-eabi/10.3.1/../../../../arm-none-eabi/lib/thumb/v7e-m+fp/hard\libm.a(lib_a-s_scalbn.o)
                              c:/st/stm32cubeide_1.10.1/stm32cubeide/plugins/com.st.stm32cube.ide.mcu.externaltools.gnu-tools-for-stm32.10.3-2021.10.win32_1.0.100.202210260954/tools/bin/../lib/gcc/arm-none-eabi/10.3.1/../../../../arm-none-eabi/lib/thumb/v7e-m+fp/hard\libm.a(lib_a-e_pow.o) (scalbn)
c:/st/stm32cubeide_1.10.1/stm32cubeide/plugins/com.st.stm32cube.ide.mcu.externaltools.gnu-tools-for-stm32.10.3-2021.10.win32_1.0.100.202210260954/tools/bin/../lib/gcc/arm-none-eabi/10.3.1/../../../../arm-none-eabi/lib/thumb/v7e-m+fp/hard\libc_nano.a(lib_a-errno.o)
                              ./Core/Src/syscalls.o (__errno)
c:/st/stm32cubeide_1.10.1/stm32cubeide/plugins/com.st.stm32cube.ide.mcu.externaltools.gnu-tools-for-stm32.10.3-2021.10.win32_1.0.100.202210260954/tools/bin/../lib/gcc/arm-none-eabi/10.3.1/../../../../arm-none-eabi/lib/thumb/v7e-m+fp/hard\libc_nano.a(lib_a-exit.o)
                              c:/st/stm32cubeide_1.10.1/stm32cubeide/plugins/com.st.stm32cube.ide.mcu.externaltools.gnu-tools-for-stm32.10.3-2021.10.win32_1.0.100.202210260954/tools/bin/../lib/gcc/arm-none-eabi/10.3.1/../../../../arm-none-eabi/lib/thumb/v7e-m+fp/hard/crt0.o (exit)
c:/st/stm32cubeide_1.10.1/stm32cubeide/plugins/com.st.stm32cube.ide.mcu.externaltools.gnu-tools-for-stm32.10.3-2021.10.win32_1.0.100.202210260954/tools/bin/../lib/gcc/arm-none-eabi/10.3.1/../../../../arm-none-eabi/lib/thumb/v7e-m+fp/hard\libc_nano.a(lib_a-impure.o)
[...]
Memory Configuration

Name             Origin             Length             Attributes
FLASH            0x0000000008100000 0x0000000000100000 xr
RAM              0x0000000010000000 0x0000000000048000 xrw
RAM_D2           0x0000000030000000 0x0000000000048000 xrw
*default*        0x0000000000000000 0xffffffffffffffff

Linker script and memory map

LOAD c:/st/stm32cubeide_1.10.1/stm32cubeide/plugins/com.st.stm32cube.ide.mcu.externaltools.gnu-tools-for-stm32.10.3-2021.10.win32_1.0.100.202210260954/tools/bin/../lib/gcc/arm-none-eabi/10.3.1/thumb/v7e-m+fp/hard/crti.o
LOAD c:/st/stm32cubeide_1.10.1/stm32cubeide/plugins/com.st.stm32cube.ide.mcu.externaltools.gnu-tools-for-stm32.10.3-2021.10.win32_1.0.100.202210260954/tools/bin/../lib/gcc/arm-none-eabi/10.3.1/thumb/v7e-m+fp/hard/crtbegin.o
LOAD c:/st/stm32cubeide_1.10.1/stm32cubeide/plugins/com.st.stm32cube.ide.mcu.externaltools.gnu-tools-for-stm32.10.3-2021.10.win32_1.0.100.202210260954/tools/bin/../lib/gcc/arm-none-eabi/10.3.1/../../../../arm-none-eabi/lib/thumb/v7e-m+fp/hard/crt0.o
LOAD ./App/Src/mainproj.o
LOAD ./Common/Src/intercore_comms.o
LOAD ./Common/Src/system_stm32h7xx_dualcore_boot_cm4_cm7.o
LOAD ./Core/Src/adc.o
LOAD ./Core/Src/bmp280.o
LOAD ./Core/Src/dma.o
LOAD ./Core/Src/gpio.o
LOAD ./Core/Src/i2c.o
LOAD ./Core/Src/lsm9ds1.o
LOAD ./Core/Src/main.o
LOAD ./Core/Src/spi.o
LOAD ./Core/Src/stm32h7xx_hal_msp.o
LOAD ./Core/Src/stm32h7xx_it.o
LOAD ./Core/Src/syscalls.o
LOAD ./Core/Src/sysmem.o
LOAD ./Core/Src/ublox.o
LOAD ./Core/Src/usart.o
LOAD ./Core/Startup/startup_stm32h745zitx.o
LOAD ./Drivers/STM32H7xx_HAL_Driver/stm32h7xx_hal.o
LOAD ./Drivers/STM32H7xx_HAL_Driver/stm32h7xx_hal_adc.o
LOAD ./Drivers/STM32H7xx_HAL_Driver/stm32h7xx_hal_adc_ex.o
LOAD ./Drivers/STM32H7xx_HAL_Driver/stm32h7xx_hal_cortex.o
LOAD ./Drivers/STM32H7xx_HAL_Driver/stm32h7xx_hal_dma.o
LOAD ./Drivers/STM32H7xx_HAL_Driver/stm32h7xx_hal_dma_ex.o
LOAD ./Drivers/STM32H7xx_HAL_Driver/stm32h7xx_hal_exti.o
LOAD ./Drivers/STM32H7xx_HAL_Driver/stm32h7xx_hal_flash.o
LOAD ./Drivers/STM32H7xx_HAL_Driver/stm32h7xx_hal_flash_ex.o
LOAD ./Drivers/STM32H7xx_HAL_Driver/stm32h7xx_hal_gpio.o
LOAD ./Drivers/STM32H7xx_HAL_Driver/stm32h7xx_hal_hsem.o
LOAD ./Drivers/STM32H7xx_HAL_Driver/stm32h7xx_hal_i2c.o
LOAD ./Drivers/STM32H7xx_HAL_Driver/stm32h7xx_hal_i2c_ex.o
LOAD ./Drivers/STM32H7xx_HAL_Driver/stm32h7xx_hal_mdma.o
LOAD ./Drivers/STM32H7xx_HAL_Driver/stm32h7xx_hal_pwr.o
LOAD ./Drivers/STM32H7xx_HAL_Driver/stm32h7xx_hal_pwr_ex.o
LOAD ./Drivers/STM32H7xx_HAL_Driver/stm32h7xx_hal_rcc.o
LOAD ./Drivers/STM32H7xx_HAL_Driver/stm32h7xx_hal_rcc_ex.o
LOAD ./Drivers/STM32H7xx_HAL_Driver/stm32h7xx_hal_spi.o
LOAD ./Drivers/STM32H7xx_HAL_Driver/stm32h7xx_hal_spi_ex.o
LOAD ./Drivers/STM32H7xx_HAL_Driver/stm32h7xx_hal_tim.o
LOAD ./Drivers/STM32H7xx_HAL_Driver/stm32h7xx_hal_tim_ex.o
LOAD ./Drivers/STM32H7xx_HAL_Driver/stm32h7xx_hal_uart.o
LOAD ./Drivers/STM32H7xx_HAL_Driver/stm32h7xx_hal_uart_ex.o
START GROUP
LOAD c:/st/stm32cubeide_1.10.1/stm32cubeide/plugins/com.st.stm32cube.ide.mcu.externaltools.gnu-tools-for-stm32.10.3-2021.10.win32_1.0.100.202210260954/tools/bin/../lib/gcc/arm-none-eabi/10.3.1/../../../../arm-none-eabi/lib/thumb/v7e-m+fp/hard\libstdc++_nano.a
LOAD c:/st/stm32cubeide_1.10.1/stm32cubeide/plugins/com.st.stm32cube.ide.mcu.externaltools.gnu-tools-for-stm32.10.3-2021.10.win32_1.0.100.202210260954/tools/bin/../lib/gcc/arm-none-eabi/10.3.1/../../../../arm-none-eabi/lib/thumb/v7e-m+fp/hard\libsupc++_nano.a
END GROUP
LOAD c:/st/stm32cubeide_1.10.1/stm32cubeide/plugins/com.st.stm32cube.ide.mcu.externaltools.gnu-tools-for-stm32.10.3-2021.10.win32_1.0.100.202210260954/tools/bin/../lib/gcc/arm-none-eabi/10.3.1/../../../../arm-none-eabi/lib/thumb/v7e-m+fp/hard\libstdc++_nano.a
LOAD c:/st/stm32cubeide_1.10.1/stm32cubeide/plugins/com.st.stm32cube.ide.mcu.externaltools.gnu-tools-for-stm32.10.3-2021.10.win32_1.0.100.202210260954/tools/bin/../lib/gcc/arm-none-eabi/10.3.1/../../../../arm-none-eabi/lib/thumb/v7e-m+fp/hard\libm.a
LOAD c:/st/stm32cubeide_1.10.1/stm32cubeide/plugins/com.st.stm32cube.ide.mcu.externaltools.gnu-tools-for-stm32.10.3-2021.10.win32_1.0.100.202210260954/tools/bin/../lib/gcc/arm-none-eabi/10.3.1/../../../../arm-none-eabi/lib/thumb/v7e-m+fp/hard\libc_nano.a
START GROUP
LOAD c:/st/stm32cubeide_1.10.1/stm32cubeide/plugins/com.st.stm32cube.ide.mcu.externaltools.gnu-tools-for-stm32.10.3-2021.10.win32_1.0.100.202210260954/tools/bin/../lib/gcc/arm-none-eabi/10.3.1/thumb/v7e-m+fp/hard\libgcc.a
LOAD c:/st/stm32cubeide_1.10.1/stm32cubeide/plugins/com.st.stm32cube.ide.mcu.externaltools.gnu-tools-for-stm32.10.3-2021.10.win32_1.0.100.202210260954/tools/bin/../lib/gcc/arm-none-eabi/10.3.1/../../../../arm-none-eabi/lib/thumb/v7e-m+fp/hard\libc_nano.a
END GROUP
START GROUP
LOAD c:/st/stm32cubeide_1.10.1/stm32cubeide/plugins/com.st.stm32cube.ide.mcu.externaltools.gnu-tools-for-stm32.10.3-2021.10.win32_1.0.100.202210260954/tools/bin/../lib/gcc/arm-none-eabi/10.3.1/thumb/v7e-m+fp/hard\libgcc.a
LOAD c:/st/stm32cubeide_1.10.1/stm32cubeide/plugins/com.st.stm32cube.ide.mcu.externaltools.gnu-tools-for-stm32.10.3-2021.10.win32_1.0.100.202210260954/tools/bin/../lib/gcc/arm-none-eabi/10.3.1/../../../../arm-none-eabi/lib/thumb/v7e-m+fp/hard\libc_nano.a
LOAD c:/st/stm32cubeide_1.10.1/stm32cubeide/plugins/com.st.stm32cube.ide.mcu.externaltools.gnu-tools-for-stm32.10.3-2021.10.win32_1.0.100.202210260954/tools/bin/../lib/gcc/arm-none-eabi/10.3.1/../../../../arm-none-eabi/lib/thumb/v7e-m+fp/hard\libnosys.a
END GROUP
START GROUP
LOAD c:/st/stm32cubeide_1.10.1/stm32cubeide/plugins/com.st.stm32cube.ide.mcu.externaltools.gnu-tools-for-stm32.10.3-2021.10.win32_1.0.100.202210260954/tools/bin/../lib/gcc/arm-none-eabi/10.3.1/thumb/v7e-m+fp/hard\libgcc.a
LOAD c:/st/stm32cubeide_1.10.1/stm32cubeide/plugins/com.st.stm32cube.ide.mcu.externaltools.gnu-tools-for-stm32.10.3-2021.10.win32_1.0.100.202210260954/tools/bin/../lib/gcc/arm-none-eabi/10.3.1/../../../../arm-none-eabi/lib/thumb/v7e-m+fp/hard\libc_nano.a
LOAD c:/st/stm32cubeide_1.10.1/stm32cubeide/plugins/com.st.stm32cube.ide.mcu.externaltools.gnu-tools-for-stm32.10.3-2021.10.win32_1.0.100.202210260954/tools/bin/../lib/gcc/arm-none-eabi/10.3.1/../../../../arm-none-eabi/lib/thumb/v7e-m+fp/hard\libnosys.a
END GROUP
LOAD c:/st/stm32cubeide_1.10.1/stm32cubeide/plugins/com.st.stm32cube.ide.mcu.externaltools.gnu-tools-for-stm32.10.3-2021.10.win32_1.0.100.202210260954/tools/bin/../lib/gcc/arm-none-eabi/10.3.1/thumb/v7e-m+fp/hard/crtend.o
LOAD c:/st/stm32cubeide_1.10.1/stm32cubeide/plugins/com.st.stm32cube.ide.mcu.externaltools.gnu-tools-for-stm32.10.3-2021.10.win32_1.0.100.202210260954/tools/bin/../lib/gcc/arm-none-eabi/10.3.1/thumb/v7e-m+fp/hard/crtn.o
                0x0000000010048000                _estack = 0x10048000
                0x0000000000000200                _Min_Heap_Size = 0x200
                0x0000000000000400                _Min_Stack_Size = 0x400

.isr_vector     0x0000000008100000      0x298
                0x0000000008100000                . = ALIGN (0x4)
 *(.isr_vector)
 .isr_vector    0x0000000008100000      0x298 ./Core/Startup/startup_stm32h745zitx.o
                0x0000000008100000                g_pfnVectors
                0x0000000008100298                . = ALIGN (0x4)

.text           0x0000000008100298     0x7e9c
                0x0000000008100298                . = ALIGN (0x4)
 *(.text)
 .text          0x0000000008100298       0x40 c:/st/stm32cubeide_1.10.1/stm32cubeide/plugins/com.st.stm32cube.ide.mcu.externaltools.gnu-tools-for-stm32.10.3-2021.10.win32_1.0.100.202210260954/tools/bin/../lib/gcc/arm-none-eabi/10.3.1/thumb/v7e-m+fp/hard/crtbegin.o
 .text          0x00000000081002d8       0x30 c:/st/stm32cubeide_1.10.1/stm32cubeide/plugins/com.st.stm32cube.ide.mcu.externaltools.gnu-tools-for-stm32.10.3-2021.10.win32_1.0.100.202210260954/tools/bin/../lib/gcc/arm-none-eabi/10.3.1/thumb/v7e-m+fp/hard\libgcc.a(_aeabi_uldivmod.o)
                0x00000000081002d8                __aeabi_uldivmod
 .text          0x0000000008100308      0x2d0 c:/st/stm32cubeide_1.10.1/stm32cubeide/plugins/com.st.stm32cube.ide.mcu.externaltools.gnu-tools-for-stm32.10.3-2021.10.win32_1.0.100.202210260954/tools/bin/../lib/gcc/arm-none-eabi/10.3.1/thumb/v7e-m+fp/hard\libgcc.a(_udivmoddi4.o)
                0x0000000008100308                __udivmoddi4
 .text          0x00000000081005d8        0x4 c:/st/stm32cubeide_1.10.1/stm32cubeide/plugins/com.st.stm32cube.ide.mcu.externaltools.gnu-tools-for-stm32.10.3-2021.10.win32_1.0.100.202210260954/tools/bin/../lib/gcc/arm-none-eabi/10.3.1/thumb/v7e-m+fp/hard\libgcc.a(_dvmd_tls.o)
                0x00000000081005d8                __aeabi_idiv0
                0x00000000081005d8                __aeabi_ldiv0
 *(.text*)
 *fill*         0x00000000081005dc        0x4 
 .text._ZN8EntryAppC2Ev
                0x00000000081005e0       0x4c ./App/Src/mainproj.o
                0x00000000081005e0                EntryApp::EntryApp()
                0x00000000081005e0                EntryApp::EntryApp()
 .text._ZN8EntryApp10RunSensorsEv
                0x000000000810062c       0xa0 ./App/Src/mainproj.o
                0x000000000810062c                EntryApp::RunSensors()
 .text.SystemInit
                0x00000000081006cc       0x24 ./Common/Src/system_stm32h7xx_dualcore_boot_cm4_cm7.o
                0x00000000081006cc                SystemInit
 .text._ZN6Bmp28016ReadCoefficientsEv
                0x00000000081006f0      0x290 ./Core/Src/bmp280.o
                0x00000000081006f0                Bmp280::ReadCoefficients()
 .text._ZN6Bmp280C2Ev
                0x0000000008100980      0x108 ./Core/Src/bmp280.o
                0x0000000008100980                Bmp280::Bmp280()
                0x0000000008100980                Bmp280::Bmp280()
 .text.MX_DMA_Init
                0x0000000008100a88       0xb0 ./Core/Src/dma.o
                0x0000000008100a88                MX_DMA_Init
 .text.MX_GPIO_Init
                0x0000000008100b38       0xa0 ./Core/Src/gpio.o
                0x0000000008100b38                MX_GPIO_Init
 .text.MX_I2C1_Init
                0x0000000008100bd8       0x70 ./Core/Src/i2c.o
                0x0000000008100bd8                MX_I2C1_Init
 .text.HAL_I2C_MspInit
                0x0000000008100c48      0x138 ./Core/Src/i2c.o
                0x0000000008100c48                HAL_I2C_MspInit
 .text._ZN3IMU11GetGyroDataEv
                0x0000000008100d80       0x80 ./Core/Src/lsm9ds1.o
                0x0000000008100d80                IMU::GetGyroData()
 .text._ZN3IMU12GetAccelDataEv
                0x0000000008100e00       0x80 ./Core/Src/lsm9ds1.o
                0x0000000008100e00                IMU::GetAccelData()
 .text._ZN3IMU10GetMagDataEv
                0x0000000008100e80       0x80 ./Core/Src/lsm9ds1.o
                0x0000000008100e80                IMU::GetMagData()
 .text._ZN3IMU8InitGyroEv
                0x0000000008100f00       0xd8 ./Core/Src/lsm9ds1.o
                0x0000000008100f00                IMU::InitGyro()
 .text._ZN3IMU9InitAccelEv
                0x0000000008100fd8       0x8c ./Core/Src/lsm9ds1.o
                0x0000000008100fd8                IMU::InitAccel()
 .text._ZN3IMU7InitMagEv
                0x0000000008101064       0xcc ./Core/Src/lsm9ds1.o
                0x0000000008101064                IMU::InitMag()
 .text._ZN3IMU5SetupEv
                0x0000000008101130       0xf4 ./Core/Src/lsm9ds1.o
                0x0000000008101130                IMU::Setup()
 .text._ZN3IMUC2Ev
                0x0000000008101224        0xc ./Core/Src/lsm9ds1.o
                0x0000000008101224                IMU::IMU()
                0x0000000008101224                IMU::IMU()
 .text.HAL_I2C_MemRxCpltCallback
                0x0000000008101230        0x4 ./Core/Src/lsm9ds1.o
                0x0000000008101230                HAL_I2C_MemRxCpltCallback
 .text.HAL_I2C_MemTxCpltCallback
                0x0000000008101234        0x4 ./Core/Src/lsm9ds1.o
                0x0000000008101234                HAL_I2C_MemTxCpltCallback
 .text.startup.main
                0x0000000008101238      0x114 ./Core/Src/main.o
                0x0000000008101238                main
 .text.Error_Handler
                0x000000000810134c        0x4 ./Core/Src/main.o
                0x000000000810134c                Error_Handler
 .text.MX_SPI1_Init
                0x0000000008101350       0x60 ./Core/Src/spi.o
                0x0000000008101350                MX_SPI1_Init
 .text.HAL_SPI_MspInit
                0x00000000081013b0      0x128 ./Core/Src/spi.o
                0x00000000081013b0                HAL_SPI_MspInit
 .text.HAL_MspInit
                0x00000000081014d8       0x24 ./Core/Src/stm32h7xx_hal_msp.o
                0x00000000081014d8                HAL_MspInit
 .text.NMI_Handler
                0x00000000081014fc        0x4 ./Core/Src/stm32h7xx_it.o
                0x00000000081014fc                NMI_Handler
 .text.HardFault_Handler
                0x0000000008101500        0x4 ./Core/Src/stm32h7xx_it.o
                0x0000000008101500                HardFault_Handler
 .text.MemManage_Handler
                0x0000000008101504        0x4 ./Core/Src/stm32h7xx_it.o
                0x0000000008101504                MemManage_Handler
 .text.BusFault_Handler
                0x0000000008101508        0x4 ./Core/Src/stm32h7xx_it.o
                0x0000000008101508                BusFault_Handler
 .text.UsageFault_Handler
                0x000000000810150c        0x4 ./Core/Src/stm32h7xx_it.o
                0x000000000810150c                UsageFault_Handler
 .text.SVC_Handler
                0x0000000008101510        0x4 ./Core/Src/stm32h7xx_it.o
                0x0000000008101510                SVC_Handler
 .text.DebugMon_Handler
                0x0000000008101514        0x4 ./Core/Src/stm32h7xx_it.o
                0x0000000008101514                DebugMon_Handler
 .text.PendSV_Handler
                0x0000000008101518        0x4 ./Core/Src/stm32h7xx_it.o
                0x0000000008101518                PendSV_Handler
 .text.SysTick_Handler
                0x000000000810151c        0x4 ./Core/Src/stm32h7xx_it.o
                0x000000000810151c                SysTick_Handler
 .text.DMA1_Stream0_IRQHandler
                0x0000000008101520        0xc ./Core/Src/stm32h7xx_it.o
                0x0000000008101520                DMA1_Stream0_IRQHandler
 .text.DMA1_Stream1_IRQHandler
                0x000000000810152c        0xc ./Core/Src/stm32h7xx_it.o
                0x000000000810152c                DMA1_Stream1_IRQHandler
 .text.DMA1_Stream2_IRQHandler
                0x0000000008101538        0xc ./Core/Src/stm32h7xx_it.o
                0x0000000008101538                DMA1_Stream2_IRQHandler
 .text.DMA1_Stream3_IRQHandler
                0x0000000008101544        0xc ./Core/Src/stm32h7xx_it.o
                0x0000000008101544                DMA1_Stream3_IRQHandler
 .text.DMA1_Stream4_IRQHandler
                0x0000000008101550        0xc ./Core/Src/stm32h7xx_it.o
                0x0000000008101550                DMA1_Stream4_IRQHandler
 .text.ADC_IRQHandler
                0x000000000810155c        0xc ./Core/Src/stm32h7xx_it.o
                0x000000000810155c                ADC_IRQHandler
 .text.I2C1_EV_IRQHandler
                0x0000000008101568        0xc ./Core/Src/stm32h7xx_it.o
                0x0000000008101568                I2C1_EV_IRQHandler
 .text.I2C1_ER_IRQHandler
                0x0000000008101574        0xc ./Core/Src/stm32h7xx_it.o
                0x0000000008101574                I2C1_ER_IRQHandler
 .text.SPI1_IRQHandler
                0x0000000008101580        0xc ./Core/Src/stm32h7xx_it.o
                0x0000000008101580                SPI1_IRQHandler
 .text.USART3_IRQHandler
                0x000000000810158c        0xc ./Core/Src/stm32h7xx_it.o
                0x000000000810158c                USART3_IRQHandler
 .text.DMA1_Stream7_IRQHandler
                0x0000000008101598        0xc ./Core/Src/stm32h7xx_it.o
                0x0000000008101598                DMA1_Stream7_IRQHandler
 .text.DMA2_Stream0_IRQHandler
                0x00000000081015a4        0xc ./Core/Src/stm32h7xx_it.o
                0x00000000081015a4                DMA2_Stream0_IRQHandler
 .text._ZN3GPS6ConfigEv
                0x00000000081015b0       0xb4 ./Core/Src/ublox.o
                0x00000000081015b0                GPS::Config()
 .text._ZN3GPSC2Ev
                0x0000000008101664        0xc ./Core/Src/ublox.o
                0x0000000008101664                GPS::GPS()
                0x0000000008101664                GPS::GPS()
 .text.HAL_UART_RxCpltCallback
                0x0000000008101670       0x9c ./Core/Src/ublox.o
                0x0000000008101670                HAL_UART_RxCpltCallback
 .text.HAL_UART_TxCpltCallback
                0x000000000810170c        0x4 ./Core/Src/ublox.o
                0x000000000810170c                HAL_UART_TxCpltCallback
 .text.MX_USART3_UART_Init
                0x0000000008101710       0x88 ./Core/Src/usart.o
                0x0000000008101710                MX_USART3_UART_Init
 .text.HAL_UART_MspInit
                0x0000000008101798      0x12c ./Core/Src/usart.o
                0x0000000008101798                HAL_UART_MspInit
 .text.Reset_Handler
                0x00000000081018c4       0x50 ./Core/Startup/startup_stm32h745zitx.o
                0x00000000081018c4                Reset_Handler
 .text.Default_Handler
                0x0000000008101914        0x2 ./Core/Startup/startup_stm32h745zitx.o
                0x0000000008101914                RTC_Alarm_IRQHandler
                0x0000000008101914                EXTI2_IRQHandler
                0x0000000008101914                TIM8_CC_IRQHandler
                0x0000000008101914                HRTIM1_Master_IRQHandler
                0x0000000008101914                UART8_IRQHandler
                0x0000000008101914                SPI4_IRQHandler
                0x0000000008101914                TIM1_CC_IRQHandler
                0x0000000008101914                BDMA_Channel6_IRQHandler
                0x0000000008101914                DMA2_Stream5_IRQHandler
                0x0000000008101914                HRTIM1_FLT_IRQHandler
                0x0000000008101914                JPEG_IRQHandler
                0x0000000008101914                DMA1_Stream5_IRQHandler
                0x0000000008101914                BDMA_Channel1_IRQHandler
                0x0000000008101914                HRTIM1_TIMD_IRQHandler
                0x0000000008101914                TAMP_STAMP_IRQHandler
                0x0000000008101914                EXTI3_IRQHandler
                0x0000000008101914                LPTIM4_IRQHandler
                0x0000000008101914                TIM8_TRG_COM_TIM14_IRQHandler
                0x0000000008101914                LPTIM2_IRQHandler
                0x0000000008101914                DFSDM1_FLT1_IRQHandler
                0x0000000008101914                DMAMUX2_OVR_IRQHandler
                0x0000000008101914                TIM8_UP_TIM13_IRQHandler
                0x0000000008101914                I2C3_ER_IRQHandler
                0x0000000008101914                DFSDM1_FLT2_IRQHandler
                0x0000000008101914                MDMA_IRQHandler
                0x0000000008101914                LPTIM3_IRQHandler
                0x0000000008101914                HSEM1_IRQHandler
                0x0000000008101914                EXTI0_IRQHandler
                0x0000000008101914                I2C2_EV_IRQHandler
                0x0000000008101914                FPU_IRQHandler
                0x0000000008101914                OTG_HS_WKUP_IRQHandler
                0x0000000008101914                FDCAN1_IT1_IRQHandler
                0x0000000008101914                LTDC_ER_IRQHandler
                0x0000000008101914                DMA2_Stream2_IRQHandler
                0x0000000008101914                HRTIM1_TIME_IRQHandler
                0x0000000008101914                TIM6_DAC_IRQHandler
                0x0000000008101914                DCMI_IRQHandler
                0x0000000008101914                HRTIM1_TIMC_IRQHandler
                0x0000000008101914                DMA2_Stream3_IRQHandler
                0x0000000008101914                SAI2_IRQHandler
                0x0000000008101914                DFSDM1_FLT3_IRQHandler
                0x0000000008101914                USART6_IRQHandler
                0x0000000008101914                TIM17_IRQHandler
                0x0000000008101914                BDMA_Channel7_IRQHandler
                0x0000000008101914                LPTIM5_IRQHandler
                0x0000000008101914                UART5_IRQHandler
                0x0000000008101914                ADC3_IRQHandler
                0x0000000008101914                TIM4_IRQHandler
                0x0000000008101914                BDMA_Channel2_IRQHandler
                0x0000000008101914                QUADSPI_IRQHandler
                0x0000000008101914                DMA1_Stream6_IRQHandler
                0x0000000008101914                DMAMUX1_OVR_IRQHandler
                0x0000000008101914                TIM16_IRQHandler
                0x0000000008101914                UART4_IRQHandler
                0x0000000008101914                BDMA_Channel5_IRQHandler
                0x0000000008101914                TIM3_IRQHandler
                0x0000000008101914                RCC_IRQHandler
                0x0000000008101914                TIM8_BRK_TIM12_IRQHandler
                0x0000000008101914                TIM1_TRG_COM_IRQHandler
                0x0000000008101914                Default_Handler
                0x0000000008101914                ECC_IRQHandler
                0x0000000008101914                CEC_IRQHandler
                0x0000000008101914                EXTI15_10_IRQHandler
                0x0000000008101914                BDMA_Channel0_IRQHandler
                0x0000000008101914                HRTIM1_TIMA_IRQHandler
                0x0000000008101914                SPI5_IRQHandler
                0x0000000008101914                TIM7_IRQHandler
                0x0000000008101914                SDMMC1_IRQHandler
                0x0000000008101914                TIM5_IRQHandler
                0x0000000008101914                DMA2_Stream7_IRQHandler
                0x0000000008101914                TIM15_IRQHandler
                0x0000000008101914                PVD_AVD_IRQHandler
                0x0000000008101914                I2C3_EV_IRQHandler
                0x0000000008101914                EXTI9_5_IRQHandler
                0x0000000008101914                RTC_WKUP_IRQHandler
                0x0000000008101914                LTDC_IRQHandler
                0x0000000008101914                SAI3_IRQHandler
                0x0000000008101914                ETH_WKUP_IRQHandler
                0x0000000008101914                SPDIF_RX_IRQHandler
                0x0000000008101914                SPI2_IRQHandler
                0x0000000008101914                OTG_HS_EP1_IN_IRQHandler
                0x0000000008101914                CRS_IRQHandler
                0x0000000008101914                CM7_SEV_IRQHandler
                0x0000000008101914                EXTI4_IRQHandler
                0x0000000008101914                RNG_IRQHandler
                0x0000000008101914                CM4_SEV_IRQHandler
                0x0000000008101914                HRTIM1_TIMB_IRQHandler
                0x0000000008101914                FDCAN2_IT1_IRQHandler
                0x0000000008101914                ETH_IRQHandler
                0x0000000008101914                TIM1_UP_IRQHandler
                0x0000000008101914                WWDG_RST_IRQHandler
                0x0000000008101914                BDMA_Channel4_IRQHandler
                0x0000000008101914                OTG_HS_EP1_OUT_IRQHandler
                0x0000000008101914                WWDG_IRQHandler
                0x0000000008101914                SPI6_IRQHandler
                0x0000000008101914                MDIOS_IRQHandler
                0x0000000008101914                I2C4_EV_IRQHandler
                0x0000000008101914                FDCAN2_IT0_IRQHandler
                0x0000000008101914                LPUART1_IRQHandler
                0x0000000008101914                FDCAN1_IT0_IRQHandler
                0x0000000008101914                TIM2_IRQHandler
                0x0000000008101914                OTG_FS_WKUP_IRQHandler
                0x0000000008101914                OTG_HS_IRQHandler
                0x0000000008101914                HSEM2_IRQHandler
                0x0000000008101914                DMA2D_IRQHandler
                0x0000000008101914                TIM1_BRK_IRQHandler
                0x0000000008101914                EXTI1_IRQHandler
                0x0000000008101914                SDMMC2_IRQHandler
                0x0000000008101914                OTG_FS_EP1_OUT_IRQHandler
                0x0000000008101914                BDMA_Channel3_IRQHandler
                0x0000000008101914                HOLD_CORE_IRQHandler
                0x0000000008101914                UART7_IRQHandler
                0x0000000008101914                MDIOS_WKUP_IRQHandler
                0x0000000008101914                USART2_IRQHandler
                0x0000000008101914                DFSDM1_FLT0_IRQHandler
                0x0000000008101914                SAI4_IRQHandler
                0x0000000008101914                I2C2_ER_IRQHandler
                0x0000000008101914                DMA2_Stream1_IRQHandler
                0x0000000008101914                FLASH_IRQHandler
                0x0000000008101914                DMA2_Stream4_IRQHandler
                0x0000000008101914                USART1_IRQHandler
                0x0000000008101914                OTG_FS_IRQHandler
                0x0000000008101914                SPI3_IRQHandler
                0x0000000008101914                WAKEUP_PIN_IRQHandler
                0x0000000008101914                OTG_FS_EP1_IN_IRQHandler
                0x0000000008101914                FMC_IRQHandler
                0x0000000008101914                FDCAN_CAL_IRQHandler
                0x0000000008101914                SWPMI1_IRQHandler
                0x0000000008101914                COMP1_IRQHandler
                0x0000000008101914                LPTIM1_IRQHandler
                0x0000000008101914                I2C4_ER_IRQHandler
                0x0000000008101914                DMA2_Stream6_IRQHandler
                0x0000000008101914                SAI1_IRQHandler
 *fill*         0x0000000008101916        0x2 
 .text.HAL_InitTick
                0x0000000008101918       0x4c ./Drivers/STM32H7xx_HAL_Driver/stm32h7xx_hal.o
                0x0000000008101918                HAL_InitTick
 .text.HAL_Init
                0x0000000008101964       0xa4 ./Drivers/STM32H7xx_HAL_Driver/stm32h7xx_hal.o
                0x0000000008101964                HAL_Init
 .text.HAL_IncTick
                0x0000000008101a08       0x18 ./Drivers/STM32H7xx_HAL_Driver/stm32h7xx_hal.o
                0x0000000008101a08                HAL_IncTick
 .text.HAL_GetTick
                0x0000000008101a20        0xc ./Drivers/STM32H7xx_HAL_Driver/stm32h7xx_hal.o
                0x0000000008101a20                HAL_GetTick
 .text.HAL_Delay
                0x0000000008101a2c       0x24 ./Drivers/STM32H7xx_HAL_Driver/stm32h7xx_hal.o
                0x0000000008101a2c                HAL_Delay
 .text.HAL_ADC_ConvCpltCallback
                0x0000000008101a50        0x4 ./Drivers/STM32H7xx_HAL_Driver/stm32h7xx_hal_adc.o
                0x0000000008101a50                HAL_ADC_ConvCpltCallback
 .text.HAL_ADC_LevelOutOfWindowCallback
                0x0000000008101a54        0x4 ./Drivers/STM32H7xx_HAL_Driver/stm32h7xx_hal_adc.o
                0x0000000008101a54                HAL_ADC_LevelOutOfWindowCallback
 .text.HAL_ADC_ErrorCallback
                0x0000000008101a58        0x4 ./Drivers/STM32H7xx_HAL_Driver/stm32h7xx_hal_adc.o
                0x0000000008101a58                HAL_ADC_ErrorCallback
 .text.HAL_ADC_IRQHandler
                0x0000000008101a5c      0x284 ./Drivers/STM32H7xx_HAL_Driver/stm32h7xx_hal_adc.o
                0x0000000008101a5c                HAL_ADC_IRQHandler
 .text.HAL_ADCEx_InjectedConvCpltCallback
                0x0000000008101ce0        0x4 ./Drivers/STM32H7xx_HAL_Driver/stm32h7xx_hal_adc_ex.o
                0x0000000008101ce0                HAL_ADCEx_InjectedConvCpltCallback
 .text.HAL_ADCEx_InjectedQueueOverflowCallback
                0x0000000008101ce4        0x4 ./Drivers/STM32H7xx_HAL_Driver/stm32h7xx_hal_adc_ex.o
                0x0000000008101ce4                HAL_ADCEx_InjectedQueueOverflowCallback
 .text.HAL_ADCEx_LevelOutOfWindow2Callback
                0x0000000008101ce8        0x4 ./Drivers/STM32H7xx_HAL_Driver/stm32h7xx_hal_adc_ex.o
                0x0000000008101ce8                HAL_ADCEx_LevelOutOfWindow2Callback
 .text.HAL_ADCEx_LevelOutOfWindow3Callback
                0x0000000008101cec        0x4 ./Drivers/STM32H7xx_HAL_Driver/stm32h7xx_hal_adc_ex.o
                0x0000000008101cec                HAL_ADCEx_LevelOutOfWindow3Callback
 .text.HAL_ADCEx_EndOfSamplingCallback
                0x0000000008101cf0        0x4 ./Drivers/STM32H7xx_HAL_Driver/stm32h7xx_hal_adc_ex.o
                0x0000000008101cf0                HAL_ADCEx_EndOfSamplingCallback
 .text.HAL_NVIC_SetPriorityGrouping
                0x0000000008101cf4       0x24 ./Drivers/STM32H7xx_HAL_Driver/stm32h7xx_hal_cortex.o
                0x0000000008101cf4                HAL_NVIC_SetPriorityGrouping
 .text.HAL_NVIC_SetPriority
                0x0000000008101d18       0x7c ./Drivers/STM32H7xx_HAL_Driver/stm32h7xx_hal_cortex.o
                0x0000000008101d18                HAL_NVIC_SetPriority
 .text.HAL_NVIC_EnableIRQ
                0x0000000008101d94       0x1c ./Drivers/STM32H7xx_HAL_Driver/stm32h7xx_hal_cortex.o
                0x0000000008101d94                HAL_NVIC_EnableIRQ
 .text.HAL_SYSTICK_Config
                0x0000000008101db0       0x34 ./Drivers/STM32H7xx_HAL_Driver/stm32h7xx_hal_cortex.o
                0x0000000008101db0                HAL_SYSTICK_Config
 .text.HAL_GetCurrentCPUID
                0x0000000008101de4       0x18 ./Drivers/STM32H7xx_HAL_Driver/stm32h7xx_hal_cortex.o
                0x0000000008101de4                HAL_GetCurrentCPUID
 .text.DMA_CalcBaseAndBitshift
                0x0000000008101dfc       0xbc ./Drivers/STM32H7xx_HAL_Driver/stm32h7xx_hal_dma.o
 .text.DMA_CalcDMAMUXChannelBaseAndMask
                0x0000000008101eb8       0xa4 ./Drivers/STM32H7xx_HAL_Driver/stm32h7xx_hal_dma.o
 .text.HAL_DMA_Init
                0x0000000008101f5c      0x3f8 ./Drivers/STM32H7xx_HAL_Driver/stm32h7xx_hal_dma.o
                0x0000000008101f5c                HAL_DMA_Init
 .text.HAL_DMA_Start_IT
                0x0000000008102354      0x5f4 ./Drivers/STM32H7xx_HAL_Driver/stm32h7xx_hal_dma.o
                0x0000000008102354                HAL_DMA_Start_IT
 .text.HAL_DMA_Abort
                0x0000000008102948      0x320 ./Drivers/STM32H7xx_HAL_Driver/stm32h7xx_hal_dma.o
                0x0000000008102948                HAL_DMA_Abort
 .text.HAL_DMA_Abort_IT
                0x0000000008102c68      0x12c ./Drivers/STM32H7xx_HAL_Driver/stm32h7xx_hal_dma.o
                0x0000000008102c68                HAL_DMA_Abort_IT
 .text.HAL_DMA_IRQHandler
                0x0000000008102d94      0x5e4 ./Drivers/STM32H7xx_HAL_Driver/stm32h7xx_hal_dma.o
                0x0000000008102d94                HAL_DMA_IRQHandler
 .text.HAL_DMA_GetState
                0x0000000008103378        0x8 ./Drivers/STM32H7xx_HAL_Driver/stm32h7xx_hal_dma.o
                0x0000000008103378                HAL_DMA_GetState
 .text.HAL_DMA_GetError
                0x0000000008103380        0x4 ./Drivers/STM32H7xx_HAL_Driver/stm32h7xx_hal_dma.o
                0x0000000008103380                HAL_DMA_GetError
 .text.HAL_GPIO_Init
                0x0000000008103384      0x288 ./Drivers/STM32H7xx_HAL_Driver/stm32h7xx_hal_gpio.o
                0x0000000008103384                HAL_GPIO_Init
 .text.HAL_GPIO_WritePin
                0x000000000810360c        0x8 ./Drivers/STM32H7xx_HAL_Driver/stm32h7xx_hal_gpio.o
                0x000000000810360c                HAL_GPIO_WritePin
 .text.HAL_HSEM_FastTake
                0x0000000008103614       0x1c ./Drivers/STM32H7xx_HAL_Driver/stm32h7xx_hal_hsem.o
                0x0000000008103614                HAL_HSEM_FastTake
 .text.HAL_HSEM_Release
                0x0000000008103630       0x10 ./Drivers/STM32H7xx_HAL_Driver/stm32h7xx_hal_hsem.o
                0x0000000008103630                HAL_HSEM_Release
 .text.HAL_HSEM_ActivateNotification
                0x0000000008103640       0x10 ./Drivers/STM32H7xx_HAL_Driver/stm32h7xx_hal_hsem.o
                0x0000000008103640                HAL_HSEM_ActivateNotification
 .text.I2C_WaitOnTXISFlagUntilTimeout
                0x0000000008103650       0xac ./Drivers/STM32H7xx_HAL_Driver/stm32h7xx_hal_i2c.o
 .text.I2C_WaitOnSTOPFlagUntilTimeout
                0x00000000081036fc       0xb0 ./Drivers/STM32H7xx_HAL_Driver/stm32h7xx_hal_i2c.o
 .text.HAL_I2C_Init
                0x00000000081037ac       0xa8 ./Drivers/STM32H7xx_HAL_Driver/stm32h7xx_hal_i2c.o
                0x00000000081037ac                HAL_I2C_Init
 .text.HAL_I2C_Mem_Read
                0x0000000008103854      0x268 ./Drivers/STM32H7xx_HAL_Driver/stm32h7xx_hal_i2c.o
                0x0000000008103854                HAL_I2C_Mem_Read
 .text.HAL_I2C_Mem_Write_DMA
                0x0000000008103abc      0x1d8 ./Drivers/STM32H7xx_HAL_Driver/stm32h7xx_hal_i2c.o
                0x0000000008103abc                HAL_I2C_Mem_Write_DMA
 .text.HAL_I2C_Mem_Read_DMA
                0x0000000008103c94      0x1dc ./Drivers/STM32H7xx_HAL_Driver/stm32h7xx_hal_i2c.o
                0x0000000008103c94                HAL_I2C_Mem_Read_DMA
 .text.HAL_I2C_EV_IRQHandler
                0x0000000008103e70       0x10 ./Drivers/STM32H7xx_HAL_Driver/stm32h7xx_hal_i2c.o
                0x0000000008103e70                HAL_I2C_EV_IRQHandler
 .text.HAL_I2C_MasterTxCpltCallback
                0x0000000008103e80        0x4 ./Drivers/STM32H7xx_HAL_Driver/stm32h7xx_hal_i2c.o
                0x0000000008103e80                HAL_I2C_MasterTxCpltCallback
 .text.HAL_I2C_MasterRxCpltCallback
                0x0000000008103e84        0x4 ./Drivers/STM32H7xx_HAL_Driver/stm32h7xx_hal_i2c.o
                0x0000000008103e84                HAL_I2C_MasterRxCpltCallback
 .text.HAL_I2C_SlaveTxCpltCallback
                0x0000000008103e88        0x4 ./Drivers/STM32H7xx_HAL_Driver/stm32h7xx_hal_i2c.o
                0x0000000008103e88                HAL_I2C_SlaveTxCpltCallback
 .text.HAL_I2C_SlaveRxCpltCallback
                0x0000000008103e8c        0x4 ./Drivers/STM32H7xx_HAL_Driver/stm32h7xx_hal_i2c.o
                0x0000000008103e8c                HAL_I2C_SlaveRxCpltCallback
 .text.I2C_ITSlaveSeqCplt
                0x0000000008103e90       0xa0 ./Drivers/STM32H7xx_HAL_Driver/stm32h7xx_hal_i2c.o
 .text.HAL_I2C_AddrCallback
                0x0000000008103f30        0x4 ./Drivers/STM32H7xx_HAL_Driver/stm32h7xx_hal_i2c.o
                0x0000000008103f30                HAL_I2C_AddrCallback
 .text.I2C_ITAddrCplt.part.0
                0x0000000008103f34       0x64 ./Drivers/STM32H7xx_HAL_Driver/stm32h7xx_hal_i2c.o
 .text.HAL_I2C_ListenCpltCallback
                0x0000000008103f98        0x4 ./Drivers/STM32H7xx_HAL_Driver/stm32h7xx_hal_i2c.o
                0x0000000008103f98                HAL_I2C_ListenCpltCallback
 .text.HAL_I2C_ErrorCallback
                0x0000000008103f9c        0x4 ./Drivers/STM32H7xx_HAL_Driver/stm32h7xx_hal_i2c.o
                0x0000000008103f9c                HAL_I2C_ErrorCallback
 .text.HAL_I2C_AbortCpltCallback
                0x0000000008103fa0        0x4 ./Drivers/STM32H7xx_HAL_Driver/stm32h7xx_hal_i2c.o
                0x0000000008103fa0                HAL_I2C_AbortCpltCallback
 .text.I2C_DMAAbort
                0x0000000008103fa4       0x40 ./Drivers/STM32H7xx_HAL_Driver/stm32h7xx_hal_i2c.o
 .text.I2C_ITError
                0x0000000008103fe4      0x13c ./Drivers/STM32H7xx_HAL_Driver/stm32h7xx_hal_i2c.o
 .text.I2C_ITSlaveCplt
                0x0000000008104120      0x1ec ./Drivers/STM32H7xx_HAL_Driver/stm32h7xx_hal_i2c.o
 .text.I2C_Slave_ISR_IT
                0x000000000810430c      0x1a0 ./Drivers/STM32H7xx_HAL_Driver/stm32h7xx_hal_i2c.o
 .text.I2C_ITMasterCplt
                0x00000000081044ac      0x124 ./Drivers/STM32H7xx_HAL_Driver/stm32h7xx_hal_i2c.o
 .text.I2C_Slave_ISR_DMA
                0x00000000081045d0      0x214 ./Drivers/STM32H7xx_HAL_Driver/stm32h7xx_hal_i2c.o
 .text.I2C_Master_ISR_DMA
                0x00000000081047e4      0x230 ./Drivers/STM32H7xx_HAL_Driver/stm32h7xx_hal_i2c.o
 .text.I2C_DMAError
                0x0000000008104a14       0xd8 ./Drivers/STM32H7xx_HAL_Driver/stm32h7xx_hal_i2c.o
 .text.I2C_DMAMasterTransmitCplt
                0x0000000008104aec       0x90 ./Drivers/STM32H7xx_HAL_Driver/stm32h7xx_hal_i2c.o
 .text.I2C_DMAMasterReceiveCplt
                0x0000000008104b7c       0x94 ./Drivers/STM32H7xx_HAL_Driver/stm32h7xx_hal_i2c.o
 .text.HAL_I2C_ER_IRQHandler
                0x0000000008104c10       0x7c ./Drivers/STM32H7xx_HAL_Driver/stm32h7xx_hal_i2c.o
                0x0000000008104c10                HAL_I2C_ER_IRQHandler
 .text.HAL_I2CEx_ConfigAnalogFilter
                0x0000000008104c8c       0x54 ./Drivers/STM32H7xx_HAL_Driver/stm32h7xx_hal_i2c_ex.o
                0x0000000008104c8c                HAL_I2CEx_ConfigAnalogFilter
 .text.HAL_I2CEx_ConfigDigitalFilter
                0x0000000008104ce0       0x58 ./Drivers/STM32H7xx_HAL_Driver/stm32h7xx_hal_i2c_ex.o
                0x0000000008104ce0                HAL_I2CEx_ConfigDigitalFilter
 .text.HAL_PWREx_EnterSTOPMode
                0x0000000008104d38       0x88 ./Drivers/STM32H7xx_HAL_Driver/stm32h7xx_hal_pwr_ex.o
                0x0000000008104d38                HAL_PWREx_EnterSTOPMode
 .text.HAL_PWREx_ClearPendingEvent
                0x0000000008104dc0       0x10 ./Drivers/STM32H7xx_HAL_Driver/stm32h7xx_hal_pwr_ex.o
                0x0000000008104dc0                HAL_PWREx_ClearPendingEvent
 .text.HAL_RCC_GetSysClockFreq.part.0
                0x0000000008104dd0      0x108 ./Drivers/STM32H7xx_HAL_Driver/stm32h7xx_hal_rcc.o
 .text.HAL_RCC_GetSysClockFreq
                0x0000000008104ed8      0x140 ./Drivers/STM32H7xx_HAL_Driver/stm32h7xx_hal_rcc.o
                0x0000000008104ed8                HAL_RCC_GetSysClockFreq
 .text.HAL_RCC_GetHCLKFreq
                0x0000000008105018       0x7c ./Drivers/STM32H7xx_HAL_Driver/stm32h7xx_hal_rcc.o
                0x0000000008105018                HAL_RCC_GetHCLKFreq
 .text.HAL_RCC_GetPCLK1Freq
                0x0000000008105094       0x94 ./Drivers/STM32H7xx_HAL_Driver/stm32h7xx_hal_rcc.o
                0x0000000008105094                HAL_RCC_GetPCLK1Freq
 .text.HAL_RCC_GetPCLK2Freq
                0x0000000008105128       0x94 ./Drivers/STM32H7xx_HAL_Driver/stm32h7xx_hal_rcc.o
                0x0000000008105128                HAL_RCC_GetPCLK2Freq
 .text.RCCEx_PLL2_Config
                0x00000000081051bc       0xf4 ./Drivers/STM32H7xx_HAL_Driver/stm32h7xx_hal_rcc_ex.o
 .text.RCCEx_PLL3_Config
                0x00000000081052b0       0xf4 ./Drivers/STM32H7xx_HAL_Driver/stm32h7xx_hal_rcc_ex.o
 .text.HAL_RCCEx_PeriphCLKConfig
                0x00000000081053a4      0xa94 ./Drivers/STM32H7xx_HAL_Driver/stm32h7xx_hal_rcc_ex.o
                0x00000000081053a4                HAL_RCCEx_PeriphCLKConfig
 .text.HAL_RCCEx_GetD3PCLK1Freq
                0x0000000008105e38       0x24 ./Drivers/STM32H7xx_HAL_Driver/stm32h7xx_hal_rcc_ex.o
                0x0000000008105e38                HAL_RCCEx_GetD3PCLK1Freq
 .text.HAL_RCCEx_GetPLL2ClockFreq
                0x0000000008105e5c      0x158 ./Drivers/STM32H7xx_HAL_Driver/stm32h7xx_hal_rcc_ex.o
                0x0000000008105e5c                HAL_RCCEx_GetPLL2ClockFreq
 .text.HAL_RCCEx_GetPLL3ClockFreq
                0x0000000008105fb4      0x158 ./Drivers/STM32H7xx_HAL_Driver/stm32h7xx_hal_rcc_ex.o
                0x0000000008105fb4                HAL_RCCEx_GetPLL3ClockFreq
 .text.SPI_CloseTransfer
                0x000000000810610c       0xb0 ./Drivers/STM32H7xx_HAL_Driver/stm32h7xx_hal_spi.o
 .text.HAL_SPI_Init
                0x00000000081061bc      0x13c ./Drivers/STM32H7xx_HAL_Driver/stm32h7xx_hal_spi.o
                0x00000000081061bc                HAL_SPI_Init
 .text.HAL_SPI_Transmit
                0x00000000081062f8      0x3c0 ./Drivers/STM32H7xx_HAL_Driver/stm32h7xx_hal_spi.o
                0x00000000081062f8                HAL_SPI_Transmit
 .text.HAL_SPI_TransmitReceive
                0x00000000081066b8      0x4c4 ./Drivers/STM32H7xx_HAL_Driver/stm32h7xx_hal_spi.o
                0x00000000081066b8                HAL_SPI_TransmitReceive
 .text.HAL_SPI_Receive
                0x0000000008106b7c      0x4a0 ./Drivers/STM32H7xx_HAL_Driver/stm32h7xx_hal_spi.o
                0x0000000008106b7c                HAL_SPI_Receive
 .text.HAL_SPI_TxCpltCallback
                0x000000000810701c        0x4 ./Drivers/STM32H7xx_HAL_Driver/stm32h7xx_hal_spi.o
                0x000000000810701c                HAL_SPI_TxCpltCallback
 .text.HAL_SPI_RxCpltCallback
                0x0000000008107020        0x4 ./Drivers/STM32H7xx_HAL_Driver/stm32h7xx_hal_spi.o
                0x0000000008107020                HAL_SPI_RxCpltCallback
 .text.HAL_SPI_TxRxCpltCallback
                0x0000000008107024        0x4 ./Drivers/STM32H7xx_HAL_Driver/stm32h7xx_hal_spi.o
                0x0000000008107024                HAL_SPI_TxRxCpltCallback
 .text.HAL_SPI_ErrorCallback
                0x0000000008107028        0x4 ./Drivers/STM32H7xx_HAL_Driver/stm32h7xx_hal_spi.o
                0x0000000008107028                HAL_SPI_ErrorCallback
 .text.HAL_SPI_IRQHandler
                0x000000000810702c      0x23c ./Drivers/STM32H7xx_HAL_Driver/stm32h7xx_hal_spi.o
                0x000000000810702c                HAL_SPI_IRQHandler
 .text.SPI_DMAAbortOnError
                0x0000000008107268       0x1c ./Drivers/STM32H7xx_HAL_Driver/stm32h7xx_hal_spi.o
 .text.HAL_UART_Transmit_DMA
                0x0000000008107284       0x9c ./Drivers/STM32H7xx_HAL_Driver/stm32h7xx_hal_uart.o
                0x0000000008107284                HAL_UART_Transmit_DMA
 .text.HAL_UART_Receive_DMA
                0x0000000008107320       0xc0 ./Drivers/STM32H7xx_HAL_Driver/stm32h7xx_hal_uart.o
                0x0000000008107320                HAL_UART_Receive_DMA
 .text.UART_DMATransmitCplt
                0x00000000081073e0       0x2c ./Drivers/STM32H7xx_HAL_Driver/stm32h7xx_hal_uart.o
 .text.HAL_UART_TxHalfCpltCallback
                0x000000000810740c        0x4 ./Drivers/STM32H7xx_HAL_Driver/stm32h7xx_hal_uart.o
                0x000000000810740c                HAL_UART_TxHalfCpltCallback
 .text.UART_DMATxHalfCplt
                0x0000000008107410        0xc ./Drivers/STM32H7xx_HAL_Driver/stm32h7xx_hal_uart.o
 .text.HAL_UART_RxHalfCpltCallback
                0x000000000810741c        0x4 ./Drivers/STM32H7xx_HAL_Driver/stm32h7xx_hal_uart.o
                0x000000000810741c                HAL_UART_RxHalfCpltCallback
 .text.HAL_UART_ErrorCallback
                0x0000000008107420        0x4 ./Drivers/STM32H7xx_HAL_Driver/stm32h7xx_hal_uart.o
                0x0000000008107420                HAL_UART_ErrorCallback
 .text.UART_DMAError
                0x0000000008107424       0x88 ./Drivers/STM32H7xx_HAL_Driver/stm32h7xx_hal_uart.o
 .text.UART_DMAAbortOnError
                0x00000000081074ac       0x14 ./Drivers/STM32H7xx_HAL_Driver/stm32h7xx_hal_uart.o
 .text.HAL_UARTEx_RxEventCallback
                0x00000000081074c0        0x4 ./Drivers/STM32H7xx_HAL_Driver/stm32h7xx_hal_uart.o
                0x00000000081074c0                HAL_UARTEx_RxEventCallback
 .text.HAL_UART_IRQHandler
                0x00000000081074c4      0x324 ./Drivers/STM32H7xx_HAL_Driver/stm32h7xx_hal_uart.o
                0x00000000081074c4                HAL_UART_IRQHandler
 .text.UART_DMARxHalfCplt
                0x00000000081077e8       0x1c ./Drivers/STM32H7xx_HAL_Driver/stm32h7xx_hal_uart.o
 .text.UART_DMAReceiveCplt
                0x0000000008107804       0x5c ./Drivers/STM32H7xx_HAL_Driver/stm32h7xx_hal_uart.o
 .text.UART_SetConfig
                0x0000000008107860      0x534 ./Drivers/STM32H7xx_HAL_Driver/stm32h7xx_hal_uart.o
                0x0000000008107860                UART_SetConfig
 .text.UART_AdvFeatureConfig
                0x0000000008107d94       0xb0 ./Drivers/STM32H7xx_HAL_Driver/stm32h7xx_hal_uart.o
                0x0000000008107d94                UART_AdvFeatureConfig
 .text.UART_CheckIdleState
                0x0000000008107e44       0xc8 ./Drivers/STM32H7xx_HAL_Driver/stm32h7xx_hal_uart.o
                0x0000000008107e44                UART_CheckIdleState
 .text.HAL_UART_Init
                0x0000000008107f0c       0x68 ./Drivers/STM32H7xx_HAL_Driver/stm32h7xx_hal_uart.o
                0x0000000008107f0c                HAL_UART_Init
 .text.HAL_UARTEx_WakeupCallback
                0x0000000008107f74        0x4 ./Drivers/STM32H7xx_HAL_Driver/stm32h7xx_hal_uart_ex.o
                0x0000000008107f74                HAL_UARTEx_WakeupCallback
 .text.HAL_UARTEx_RxFifoFullCallback
                0x0000000008107f78        0x4 ./Drivers/STM32H7xx_HAL_Driver/stm32h7xx_hal_uart_ex.o
                0x0000000008107f78                HAL_UARTEx_RxFifoFullCallback
 .text.HAL_UARTEx_TxFifoEmptyCallback
                0x0000000008107f7c        0x4 ./Drivers/STM32H7xx_HAL_Driver/stm32h7xx_hal_uart_ex.o
                0x0000000008107f7c                HAL_UARTEx_TxFifoEmptyCallback
 .text.HAL_UARTEx_DisableFifoMode
                0x0000000008107f80       0x3c ./Drivers/STM32H7xx_HAL_Driver/stm32h7xx_hal_uart_ex.o
                0x0000000008107f80                HAL_UARTEx_DisableFifoMode
 .text.HAL_UARTEx_SetTxFifoThreshold
                0x0000000008107fbc       0x84 ./Drivers/STM32H7xx_HAL_Driver/stm32h7xx_hal_uart_ex.o
                0x0000000008107fbc                HAL_UARTEx_SetTxFifoThreshold
 .text.HAL_UARTEx_SetRxFifoThreshold
                0x0000000008108040       0x84 ./Drivers/STM32H7xx_HAL_Driver/stm32h7xx_hal_uart_ex.o
                0x0000000008108040                HAL_UARTEx_SetRxFifoThreshold
 .text.__libc_init_array
                0x00000000081080c4       0x48 c:/st/stm32cubeide_1.10.1/stm32cubeide/plugins/com.st.stm32cube.ide.mcu.externaltools.gnu-tools-for-stm32.10.3-2021.10.win32_1.0.100.202210260954/tools/bin/../lib/gcc/arm-none-eabi/10.3.1/../../../../arm-none-eabi/lib/thumb/v7e-m+fp/hard\libc_nano.a(lib_a-init.o)
                0x00000000081080c4                __libc_init_array
 .text.memset   0x000000000810810c       0x10 c:/st/stm32cubeide_1.10.1/stm32cubeide/plugins/com.st.stm32cube.ide.mcu.externaltools.gnu-tools-for-stm32.10.3-2021.10.win32_1.0.100.202210260954/tools/bin/../lib/gcc/arm-none-eabi/10.3.1/../../../../arm-none-eabi/lib/thumb/v7e-m+fp/hard\libc_nano.a(lib_a-memset.o)
                0x000000000810810c                memset
 *(.glue_7)
 .glue_7        0x000000000810811c        0x0 linker stubs
 *(.glue_7t)
 .glue_7t       0x000000000810811c        0x0 linker stubs
 *(.eh_frame)
 .eh_frame      0x000000000810811c        0x0 c:/st/stm32cubeide_1.10.1/stm32cubeide/plugins/com.st.stm32cube.ide.mcu.externaltools.gnu-tools-for-stm32.10.3-2021.10.win32_1.0.100.202210260954/tools/bin/../lib/gcc/arm-none-eabi/10.3.1/thumb/v7e-m+fp/hard/crtbegin.o
 *(.init)
 .init          0x000000000810811c        0x4 c:/st/stm32cubeide_1.10.1/stm32cubeide/plugins/com.st.stm32cube.ide.mcu.externaltools.gnu-tools-for-stm32.10.3-2021.10.win32_1.0.100.202210260954/tools/bin/../lib/gcc/arm-none-eabi/10.3.1/thumb/v7e-m+fp/hard/crti.o
                0x000000000810811c                _init
 .init          0x0000000008108120        0x8 c:/st/stm32cubeide_1.10.1/stm32cubeide/plugins/com.st.stm32cube.ide.mcu.externaltools.gnu-tools-for-stm32.10.3-2021.10.win32_1.0.100.202210260954/tools/bin/../lib/gcc/arm-none-eabi/10.3.1/thumb/v7e-m+fp/hard/crtn.o
 *(.fini)
 .fini          0x0000000008108128        0x4 c:/st/stm32cubeide_1.10.1/stm32cubeide/plugins/com.st.stm32cube.ide.mcu.externaltools.gnu-tools-for-stm32.10.3-2021.10.win32_1.0.100.202210260954/tools/bin/../lib/gcc/arm-none-eabi/10.3.1/thumb/v7e-m+fp/hard/crti.o
                0x0000000008108128                _fini
 .fini          0x000000000810812c        0x8 c:/st/stm32cubeide_1.10.1/stm32cubeide/plugins/com.st.stm32cube.ide.mcu.externaltools.gnu-tools-for-stm32.10.3-2021.10.win32_1.0.100.202210260954/tools/bin/../lib/gcc/arm-none-eabi/10.3.1/thumb/v7e-m+fp/hard/crtn.o
                0x0000000008108134                . = ALIGN (0x4)
                0x0000000008108134                _etext = .

.vfp11_veneer   0x0000000008108134        0x0
 .vfp11_veneer  0x0000000008108134        0x0 linker stubs

.v4_bx          0x0000000008108134        0x0
 .v4_bx         0x0000000008108134        0x0 linker stubs

.iplt           0x0000000008108134        0x0
 .iplt          0x0000000008108134        0x0 c:/st/stm32cubeide_1.10.1/stm32cubeide/plugins/com.st.stm32cube.ide.mcu.externaltools.gnu-tools-for-stm32.10.3-2021.10.win32_1.0.100.202210260954/tools/bin/../lib/gcc/arm-none-eabi/10.3.1/thumb/v7e-m+fp/hard/crtbegin.o

.rodata         0x0000000008108134      0x100
                0x0000000008108134                . = ALIGN (0x4)
 *(.rodata)
 *(.rodata*)
 .rodata.D1CorePrescTable
                0x0000000008108134       0x10 ./Common/Src/system_stm32h7xx_dualcore_boot_cm4_cm7.o
                0x0000000008108134                D1CorePrescTable
 .rodata._ZL10UBX_HEADER
                0x0000000008108144        0x2 ./Core/Src/ublox.o
 *fill*         0x0000000008108146        0x2 
 .rodata._ZL15UBLOX_10HZ_RATE
                0x0000000008108148        0xe ./Core/Src/ublox.o
 *fill*         0x0000000008108156        0x2 
 .rodata._ZL15UBLOX_GXGGA_OFF
                0x0000000008108158       0x10 ./Core/Src/ublox.o
 .rodata._ZL15UBLOX_GXGLL_OFF
                0x0000000008108168       0x10 ./Core/Src/ublox.o
 .rodata._ZL15UBLOX_GXGSA_OFF
                0x0000000008108178       0x10 ./Core/Src/ublox.o
 .rodata._ZL15UBLOX_GXGSV_OFF
                0x0000000008108188       0x10 ./Core/Src/ublox.o
 .rodata._ZL15UBLOX_GXRMC_OFF
                0x0000000008108198       0x10 ./Core/Src/ublox.o
 .rodata._ZL15UBLOX_GXVTG_OFF
                0x00000000081081a8       0x10 ./Core/Src/ublox.o
 .rodata._ZL15UBLOX_NAVPVT_ON
                0x00000000081081b8       0x10 ./Core/Src/ublox.o
 .rodata.flagBitshiftOffset.0
                0x00000000081081c8        0x8 ./Drivers/STM32H7xx_HAL_Driver/stm32h7xx_hal_dma.o
 .rodata.CSWTCH.59
                0x00000000081081d0       0x29 ./Drivers/STM32H7xx_HAL_Driver/stm32h7xx_hal_uart.o
 *fill*         0x00000000081081f9        0x3 
 .rodata.CSWTCH.60
                0x00000000081081fc        0x6 ./Drivers/STM32H7xx_HAL_Driver/stm32h7xx_hal_uart.o
 *fill*         0x0000000008108202        0x2 
 .rodata.CSWTCH.67
                0x0000000008108204        0x6 ./Drivers/STM32H7xx_HAL_Driver/stm32h7xx_hal_uart.o
 *fill*         0x000000000810820a        0x2 
 .rodata.UARTPrescTable
                0x000000000810820c       0x18 ./Drivers/STM32H7xx_HAL_Driver/stm32h7xx_hal_uart.o
                0x000000000810820c                UARTPrescTable
 .rodata.denominator.0
                0x0000000008108224        0x8 ./Drivers/STM32H7xx_HAL_Driver/stm32h7xx_hal_uart_ex.o
 .rodata.numerator.1
                0x000000000810822c        0x8 ./Drivers/STM32H7xx_HAL_Driver/stm32h7xx_hal_uart_ex.o
                0x0000000008108234                . = ALIGN (0x4)

.ARM.extab
 *(.ARM.extab* .gnu.linkonce.armextab.*)

.ARM            0x0000000008108234        0x8
                0x0000000008108234                __exidx_start = .
 *(.ARM.exidx*)
 .ARM.exidx     0x0000000008108234        0x8 c:/st/stm32cubeide_1.10.1/stm32cubeide/plugins/com.st.stm32cube.ide.mcu.externaltools.gnu-tools-for-stm32.10.3-2021.10.win32_1.0.100.202210260954/tools/bin/../lib/gcc/arm-none-eabi/10.3.1/thumb/v7e-m+fp/hard\libgcc.a(_udivmoddi4.o)
                0x000000000810823c                __exidx_end = .

.rel.dyn        0x000000000810823c        0x0
 .rel.iplt      0x000000000810823c        0x0 c:/st/stm32cubeide_1.10.1/stm32cubeide/plugins/com.st.stm32cube.ide.mcu.externaltools.gnu-tools-for-stm32.10.3-2021.10.win32_1.0.100.202210260954/tools/bin/../lib/gcc/arm-none-eabi/10.3.1/thumb/v7e-m+fp/hard/crtbegin.o

.preinit_array  0x000000000810823c        0x0
                0x000000000810823c                PROVIDE (__preinit_array_start = .)
 *(.preinit_array*)
                0x000000000810823c                PROVIDE (__preinit_array_end = .)

.init_array     0x000000000810823c        0x4
                0x000000000810823c                PROVIDE (__init_array_start = .)
 *(SORT_BY_NAME(.init_array.*))
 *(.init_array*)
 .init_array    0x000000000810823c        0x4 c:/st/stm32cubeide_1.10.1/stm32cubeide/plugins/com.st.stm32cube.ide.mcu.externaltools.gnu-tools-for-stm32.10.3-2021.10.win32_1.0.100.202210260954/tools/bin/../lib/gcc/arm-none-eabi/10.3.1/thumb/v7e-m+fp/hard/crtbegin.o
                0x0000000008108240                PROVIDE (__init_array_end = .)

.fini_array     0x0000000008108240        0x4
                [!provide]                        PROVIDE (__fini_array_start = .)
 *(SORT_BY_NAME(.fini_array.*))
 *(.fini_array*)
 .fini_array    0x0000000008108240        0x4 c:/st/stm32cubeide_1.10.1/stm32cubeide/plugins/com.st.stm32cube.ide.mcu.externaltools.gnu-tools-for-stm32.10.3-2021.10.win32_1.0.100.202210260954/tools/bin/../lib/gcc/arm-none-eabi/10.3.1/thumb/v7e-m+fp/hard/crtbegin.o
                [!provide]                        PROVIDE (__fini_array_end = .)
                0x0000000008108244                _sidata = LOADADDR (.data)

.data           0x0000000010000000       0x28 load address 0x0000000008108244
                0x0000000010000000                . = ALIGN (0x4)
                0x0000000010000000                _sdata = .
 *(.data)
 *(.data*)
 .data.SystemCoreClock
                0x0000000010000000        0x4 ./Common/Src/system_stm32h7xx_dualcore_boot_cm4_cm7.o
                0x0000000010000000                SystemCoreClock
 .data.SystemD2Clock
                0x0000000010000004        0x4 ./Common/Src/system_stm32h7xx_dualcore_boot_cm4_cm7.o
                0x0000000010000004                SystemD2Clock
 .data.DWT_CONTROL
                0x0000000010000008        0x4 ./Core/Src/main.o
                0x0000000010000008                DWT_CONTROL
 .data.DWT_CYCCNT
                0x000000001000000c        0x4 ./Core/Src/main.o
                0x000000001000000c                DWT_CYCCNT
 .data.DWT_LAR  0x0000000010000010        0x4 ./Core/Src/main.o
                0x0000000010000010                DWT_LAR
 .data.ITM_TER  0x0000000010000014        0x4 ./Core/Src/main.o
                0x0000000010000014                ITM_TER
 .data.SCB_DEMCR
                0x0000000010000018        0x4 ./Core/Src/main.o
                0x0000000010000018                SCB_DEMCR
 .data.SCB_DHCSR
                0x000000001000001c        0x4 ./Core/Src/main.o
                0x000000001000001c                SCB_DHCSR
 .data.uwTickFreq
                0x0000000010000020        0x1 ./Drivers/STM32H7xx_HAL_Driver/stm32h7xx_hal.o
                0x0000000010000020                uwTickFreq
 *fill*         0x0000000010000021        0x3 
 .data.uwTickPrio
                0x0000000010000024        0x4 ./Drivers/STM32H7xx_HAL_Driver/stm32h7xx_hal.o
                0x0000000010000024                uwTickPrio
 *(.RamFunc)
 *(.RamFunc*)
                0x0000000010000028                . = ALIGN (0x4)
                0x0000000010000028                _edata = .

.igot.plt       0x0000000010000028        0x0 load address 0x000000000810826c
 .igot.plt      0x0000000010000028        0x0 c:/st/stm32cubeide_1.10.1/stm32cubeide/plugins/com.st.stm32cube.ide.mcu.externaltools.gnu-tools-for-stm32.10.3-2021.10.win32_1.0.100.202210260954/tools/bin/../lib/gcc/arm-none-eabi/10.3.1/thumb/v7e-m+fp/hard/crtbegin.o
                0x0000000010000028                . = ALIGN (0x4)

.bss            0x0000000010000028      0x5a8 load address 0x000000000810826c
                0x0000000010000028                _sbss = .
                0x0000000010000028                __bss_start__ = _sbss
 *(.bss)
 .bss           0x0000000010000028       0x1c c:/st/stm32cubeide_1.10.1/stm32cubeide/plugins/com.st.stm32cube.ide.mcu.externaltools.gnu-tools-for-stm32.10.3-2021.10.win32_1.0.100.202210260954/tools/bin/../lib/gcc/arm-none-eabi/10.3.1/thumb/v7e-m+fp/hard/crtbegin.o
 *(.bss*)
 .bss.hadc1     0x0000000010000044       0x64 ./Core/Src/adc.o
                0x0000000010000044                hadc1
 .bss.hdma_adc1
                0x00000000100000a8       0x78 ./Core/Src/adc.o
                0x00000000100000a8                hdma_adc1
 .bss.hdma_i2c1_rx
                0x0000000010000120       0x78 ./Core/Src/i2c.o
                0x0000000010000120                hdma_i2c1_rx
 .bss.hdma_i2c1_tx
                0x0000000010000198       0x78 ./Core/Src/i2c.o
                0x0000000010000198                hdma_i2c1_tx
 .bss.hi2c1     0x0000000010000210       0x4c ./Core/Src/i2c.o
                0x0000000010000210                hi2c1
 .bss.Cycles    0x000000001000025c        0x4 ./Core/Src/main.o
                0x000000001000025c                Cycles
 .bss.x         0x0000000010000260        0x4 ./Core/Src/main.o
                0x0000000010000260                x
 .bss.y         0x0000000010000264        0x4 ./Core/Src/main.o
                0x0000000010000264                y
 .bss.hdma_spi1_rx
                0x0000000010000268       0x78 ./Core/Src/spi.o
                0x0000000010000268                hdma_spi1_rx
 .bss.hdma_spi1_tx
                0x00000000100002e0       0x78 ./Core/Src/spi.o
                0x00000000100002e0                hdma_spi1_tx
 .bss.hspi1     0x0000000010000358       0x88 ./Core/Src/spi.o
                0x0000000010000358                hspi1
 .bss._ZZ23HAL_UART_RxCpltCallbackE8byte_pos
                0x00000000100003e0        0x4 ./Core/Src/ublox.o
 .bss._ZZ23HAL_UART_RxCpltCallbackE8checksum
                0x00000000100003e4        0x2 ./Core/Src/ublox.o
 *fill*         0x00000000100003e6        0x2 
 .bss.data_byte
                0x00000000100003e8        0x1 ./Core/Src/ublox.o
                0x00000000100003e8                data_byte
 *fill*         0x00000000100003e9        0x3 
 .bss.pvt       0x00000000100003ec       0x60 ./Core/Src/ublox.o
                0x00000000100003ec                pvt
 .bss.hdma_usart3_rx
                0x000000001000044c       0x78 ./Core/Src/usart.o
                0x000000001000044c                hdma_usart3_rx
 .bss.hdma_usart3_tx
                0x00000000100004c4       0x78 ./Core/Src/usart.o
                0x00000000100004c4                hdma_usart3_tx
 .bss.huart3    0x000000001000053c       0x90 ./Core/Src/usart.o
                0x000000001000053c                huart3
 .bss.uwTick    0x00000000100005cc        0x4 ./Drivers/STM32H7xx_HAL_Driver/stm32h7xx_hal.o
                0x00000000100005cc                uwTick
 *(COMMON)
                0x00000000100005d0                . = ALIGN (0x4)
                0x00000000100005d0                _ebss = .
                0x00000000100005d0                __bss_end__ = _ebss

._user_heap_stack
                0x00000000100005d0      0x600 load address 0x000000000810826c
                0x00000000100005d0                . = ALIGN (0x8)
                [!provide]                        PROVIDE (end = .)
                0x00000000100005d0                PROVIDE (_end = .)
                0x00000000100007d0                . = (. + _Min_Heap_Size)
 *fill*         0x00000000100005d0      0x200 
                0x0000000010000bd0                . = (. + _Min_Stack_Size)
 *fill*         0x00000000100007d0      0x400 
                0x0000000010000bd0                . = ALIGN (0x8)

/DISCARD/
 libc.a(*)
 libm.a(*)
 libgcc.a(*)

.ARM.attributes
                0x0000000000000000       0x30
 *(.ARM.attributes)
 .ARM.attributes
                0x0000000000000000       0x1e c:/st/stm32cubeide_1.10.1/stm32cubeide/plugins/com.st.stm32cube.ide.mcu.externaltools.gnu-tools-for-stm32.10.3-2021.10.win32_1.0.100.202210260954/tools/bin/../lib/gcc/arm-none-eabi/10.3.1/thumb/v7e-m+fp/hard/crti.o
 .ARM.attributes
                0x000000000000001e       0x34 c:/st/stm32cubeide_1.10.1/stm32cubeide/plugins/com.st.stm32cube.ide.mcu.externaltools.gnu-tools-for-stm32.10.3-2021.10.win32_1.0.100.202210260954/tools/bin/../lib/gcc/arm-none-eabi/10.3.1/thumb/v7e-m+fp/hard/crtbegin.o
 .ARM.attributes
                0x0000000000000052       0x34 ./App/Src/mainproj.o
 .ARM.attributes
                0x0000000000000086       0x34 ./Common/Src/system_stm32h7xx_dualcore_boot_cm4_cm7.o
 .ARM.attributes
                0x00000000000000ba       0x34 ./Core/Src/adc.o
 .ARM.attributes
                0x00000000000000ee       0x34 ./Core/Src/bmp280.o
 .ARM.attributes
                0x0000000000000122       0x34 ./Core/Src/dma.o
 .ARM.attributes
                0x0000000000000156       0x34 ./Core/Src/gpio.o
 .ARM.attributes
                0x000000000000018a       0x34 ./Core/Src/i2c.o
 .ARM.attributes
                0x00000000000001be       0x34 ./Core/Src/lsm9ds1.o
 .ARM.attributes
                0x00000000000001f2       0x34 ./Core/Src/main.o
 .ARM.attributes
                0x0000000000000226       0x34 ./Core/Src/spi.o
 .ARM.attributes
                0x000000000000025a       0x34 ./Core/Src/stm32h7xx_hal_msp.o
 .ARM.attributes
                0x000000000000028e       0x34 ./Core/Src/stm32h7xx_it.o
 .ARM.attributes
                0x00000000000002c2       0x34 ./Core/Src/ublox.o
 .ARM.attributes
                0x00000000000002f6       0x34 ./Core/Src/usart.o
 .ARM.attributes
                0x000000000000032a       0x21 ./Core/Startup/startup_stm32h745zitx.o
 .ARM.attributes
                0x000000000000034b       0x34 ./Drivers/STM32H7xx_HAL_Driver/stm32h7xx_hal.o
 .ARM.attributes
                0x000000000000037f       0x34 ./Drivers/STM32H7xx_HAL_Driver/stm32h7xx_hal_adc.o
 .ARM.attributes
                0x00000000000003b3       0x34 ./Drivers/STM32H7xx_HAL_Driver/stm32h7xx_hal_adc_ex.o
 .ARM.attributes
                0x00000000000003e7       0x34 ./Drivers/STM32H7xx_HAL_Driver/stm32h7xx_hal_cortex.o
 .ARM.attributes
                0x000000000000041b       0x34 ./Drivers/STM32H7xx_HAL_Driver/stm32h7xx_hal_dma.o
 .ARM.attributes
                0x000000000000044f       0x34 ./Drivers/STM32H7xx_HAL_Driver/stm32h7xx_hal_gpio.o
 .ARM.attributes
                0x0000000000000483       0x34 ./Drivers/STM32H7xx_HAL_Driver/stm32h7xx_hal_hsem.o
 .ARM.attributes
                0x00000000000004b7       0x34 ./Drivers/STM32H7xx_HAL_Driver/stm32h7xx_hal_i2c.o
 .ARM.attributes
                0x00000000000004eb       0x34 ./Drivers/STM32H7xx_HAL_Driver/stm32h7xx_hal_i2c_ex.o
 .ARM.attributes
                0x000000000000051f       0x34 ./Drivers/STM32H7xx_HAL_Driver/stm32h7xx_hal_pwr_ex.o
 .ARM.attributes
                0x0000000000000553       0x34 ./Drivers/STM32H7xx_HAL_Driver/stm32h7xx_hal_rcc.o
 .ARM.attributes
                0x0000000000000587       0x34 ./Drivers/STM32H7xx_HAL_Driver/stm32h7xx_hal_rcc_ex.o
 .ARM.attributes
                0x00000000000005bb       0x34 ./Drivers/STM32H7xx_HAL_Driver/stm32h7xx_hal_spi.o
 .ARM.attributes
                0x00000000000005ef       0x34 ./Drivers/STM32H7xx_HAL_Driver/stm32h7xx_hal_uart.o
 .ARM.attributes
                0x0000000000000623       0x34 ./Drivers/STM32H7xx_HAL_Driver/stm32h7xx_hal_uart_ex.o
 .ARM.attributes
                0x0000000000000657       0x34 c:/st/stm32cubeide_1.10.1/stm32cubeide/plugins/com.st.stm32cube.ide.mcu.externaltools.gnu-tools-for-stm32.10.3-2021.10.win32_1.0.100.202210260954/tools/bin/../lib/gcc/arm-none-eabi/10.3.1/../../../../arm-none-eabi/lib/thumb/v7e-m+fp/hard\libc_nano.a(lib_a-init.o)
 .ARM.attributes
                0x000000000000068b       0x34 c:/st/stm32cubeide_1.10.1/stm32cubeide/plugins/com.st.stm32cube.ide.mcu.externaltools.gnu-tools-for-stm32.10.3-2021.10.win32_1.0.100.202210260954/tools/bin/../lib/gcc/arm-none-eabi/10.3.1/../../../../arm-none-eabi/lib/thumb/v7e-m+fp/hard\libc_nano.a(lib_a-memset.o)
 .ARM.attributes
                0x00000000000006bf       0x1e c:/st/stm32cubeide_1.10.1/stm32cubeide/plugins/com.st.stm32cube.ide.mcu.externaltools.gnu-tools-for-stm32.10.3-2021.10.win32_1.0.100.202210260954/tools/bin/../lib/gcc/arm-none-eabi/10.3.1/thumb/v7e-m+fp/hard\libgcc.a(_aeabi_uldivmod.o)
 .ARM.attributes
                0x00000000000006dd       0x34 c:/st/stm32cubeide_1.10.1/stm32cubeide/plugins/com.st.stm32cube.ide.mcu.externaltools.gnu-tools-for-stm32.10.3-2021.10.win32_1.0.100.202210260954/tools/bin/../lib/gcc/arm-none-eabi/10.3.1/thumb/v7e-m+fp/hard\libgcc.a(_udivmoddi4.o)
 .ARM.attributes
                0x0000000000000711       0x1e c:/st/stm32cubeide_1.10.1/stm32cubeide/plugins/com.st.stm32cube.ide.mcu.externaltools.gnu-tools-for-stm32.10.3-2021.10.win32_1.0.100.202210260954/tools/bin/../lib/gcc/arm-none-eabi/10.3.1/thumb/v7e-m+fp/hard\libgcc.a(_dvmd_tls.o)
 .ARM.attributes
                0x000000000000072f       0x1e c:/st/stm32cubeide_1.10.1/stm32cubeide/plugins/com.st.stm32cube.ide.mcu.externaltools.gnu-tools-for-stm32.10.3-2021.10.win32_1.0.100.202210260954/tools/bin/../lib/gcc/arm-none-eabi/10.3.1/thumb/v7e-m+fp/hard/crtn.o
OUTPUT(baremetal_2_CM4.elf elf32-littlearm)
LOAD linker stubs
LOAD c:/st/stm32cubeide_1.10.1/stm32cubeide/plugins/com.st.stm32cube.ide.mcu.externaltools.gnu-tools-for-stm32.10.3-2021.10.win32_1.0.100.202210260954/tools/bin/../lib/gcc/arm-none-eabi/10.3.1/../../../../arm-none-eabi/lib/thumb/v7e-m+fp/hard\libc.a
LOAD c:/st/stm32cubeide_1.10.1/stm32cubeide/plugins/com.st.stm32cube.ide.mcu.externaltools.gnu-tools-for-stm32.10.3-2021.10.win32_1.0.100.202210260954/tools/bin/../lib/gcc/arm-none-eabi/10.3.1/../../../../arm-none-eabi/lib/thumb/v7e-m+fp/hard\libm.a
LOAD c:/st/stm32cubeide_1.10.1/stm32cubeide/plugins/com.st.stm32cube.ide.mcu.externaltools.gnu-tools-for-stm32.10.3-2021.10.win32_1.0.100.202210260954/tools/bin/../lib/gcc/arm-none-eabi/10.3.1/thumb/v7e-m+fp/hard\libgcc.a

.debug_info     0x0000000000000000    0x3c289
 .debug_info    0x0000000000000000     0x42ed ./App/Src/mainproj.o
 .debug_info    0x00000000000042ed      0x7a6 ./Common/Src/system_stm32h7xx_dualcore_boot_cm4_cm7.o
 .debug_info    0x0000000000004a93     0x188b ./Core/Src/adc.o
 .debug_info    0x000000000000631e     0x632c ./Core/Src/bmp280.o
 .debug_info    0x000000000000c64a      0x9ee ./Core/Src/dma.o
 .debug_info    0x000000000000d038      0x6c2 ./Core/Src/gpio.o
 .debug_info    0x000000000000d6fa     0x16f8 ./Core/Src/i2c.o
 .debug_info    0x000000000000edf2     0x58d0 ./Core/Src/lsm9ds1.o
 .debug_info    0x00000000000146c2     0x46ad ./Core/Src/main.o
 .debug_info    0x0000000000018d6f     0x16ac ./Core/Src/spi.o
 .debug_info    0x000000000001a41b      0x4a0 ./Core/Src/stm32h7xx_hal_msp.o
 .debug_info    0x000000000001a8bb     0x15c5 ./Core/Src/stm32h7xx_it.o
 .debug_info    0x000000000001be80     0x2adc ./Core/Src/ublox.o
 .debug_info    0x000000000001e95c     0x176f ./Core/Src/usart.o
 .debug_info    0x00000000000200cb       0x22 ./Core/Startup/startup_stm32h745zitx.o
 .debug_info    0x00000000000200ed     0x19c9 ./Drivers/STM32H7xx_HAL_Driver/stm32h7xx_hal.o
 .debug_info    0x0000000000021ab6     0x3220 ./Drivers/STM32H7xx_HAL_Driver/stm32h7xx_hal_adc.o
 .debug_info    0x0000000000024cd6     0x3453 ./Drivers/STM32H7xx_HAL_Driver/stm32h7xx_hal_adc_ex.o
 .debug_info    0x0000000000028129     0x1229 ./Drivers/STM32H7xx_HAL_Driver/stm32h7xx_hal_cortex.o
 .debug_info    0x0000000000029352     0x1052 ./Drivers/STM32H7xx_HAL_Driver/stm32h7xx_hal_dma.o
 .debug_info    0x000000000002a3a4      0xe1e ./Drivers/STM32H7xx_HAL_Driver/stm32h7xx_hal_gpio.o
 .debug_info    0x000000000002b1c2      0x435 ./Drivers/STM32H7xx_HAL_Driver/stm32h7xx_hal_hsem.o
 .debug_info    0x000000000002b5f7     0x6173 ./Drivers/STM32H7xx_HAL_Driver/stm32h7xx_hal_i2c.o
 .debug_info    0x000000000003176a      0xe5e ./Drivers/STM32H7xx_HAL_Driver/stm32h7xx_hal_i2c_ex.o
 .debug_info    0x00000000000325c8     0x12a5 ./Drivers/STM32H7xx_HAL_Driver/stm32h7xx_hal_pwr_ex.o
 .debug_info    0x000000000003386d     0x142b ./Drivers/STM32H7xx_HAL_Driver/stm32h7xx_hal_rcc.o
 .debug_info    0x0000000000034c98     0x1a72 ./Drivers/STM32H7xx_HAL_Driver/stm32h7xx_hal_rcc_ex.o
 .debug_info    0x000000000003670a     0x1d53 ./Drivers/STM32H7xx_HAL_Driver/stm32h7xx_hal_spi.o
 .debug_info    0x000000000003845d     0x2ceb ./Drivers/STM32H7xx_HAL_Driver/stm32h7xx_hal_uart.o
 .debug_info    0x000000000003b148     0x1141 ./Drivers/STM32H7xx_HAL_Driver/stm32h7xx_hal_uart_ex.o

.debug_abbrev   0x0000000000000000     0x5f1c
 .debug_abbrev  0x0000000000000000      0x5c3 ./App/Src/mainproj.o
 .debug_abbrev  0x00000000000005c3      0x13c ./Common/Src/system_stm32h7xx_dualcore_boot_cm4_cm7.o
 .debug_abbrev  0x00000000000006ff      0x23d ./Core/Src/adc.o
 .debug_abbrev  0x000000000000093c      0x6bf ./Core/Src/bmp280.o
 .debug_abbrev  0x0000000000000ffb      0x142 ./Core/Src/dma.o
 .debug_abbrev  0x000000000000113d      0x18a ./Core/Src/gpio.o
 .debug_abbrev  0x00000000000012c7      0x26d ./Core/Src/i2c.o
 .debug_abbrev  0x0000000000001534      0x698 ./Core/Src/lsm9ds1.o
 .debug_abbrev  0x0000000000001bcc      0x5ec ./Core/Src/main.o
 .debug_abbrev  0x00000000000021b8      0x24b ./Core/Src/spi.o
 .debug_abbrev  0x0000000000002403       0xd8 ./Core/Src/stm32h7xx_hal_msp.o
 .debug_abbrev  0x00000000000024db      0x1ed ./Core/Src/stm32h7xx_it.o
 .debug_abbrev  0x00000000000026c8      0x5ce ./Core/Src/ublox.o
 .debug_abbrev  0x0000000000002c96      0x262 ./Core/Src/usart.o
 .debug_abbrev  0x0000000000002ef8       0x12 ./Core/Startup/startup_stm32h745zitx.o
 .debug_abbrev  0x0000000000002f0a      0x325 ./Drivers/STM32H7xx_HAL_Driver/stm32h7xx_hal.o
 .debug_abbrev  0x000000000000322f      0x335 ./Drivers/STM32H7xx_HAL_Driver/stm32h7xx_hal_adc.o
 .debug_abbrev  0x0000000000003564      0x3e2 ./Drivers/STM32H7xx_HAL_Driver/stm32h7xx_hal_adc_ex.o
 .debug_abbrev  0x0000000000003946      0x376 ./Drivers/STM32H7xx_HAL_Driver/stm32h7xx_hal_cortex.o
 .debug_abbrev  0x0000000000003cbc      0x364 ./Drivers/STM32H7xx_HAL_Driver/stm32h7xx_hal_dma.o
 .debug_abbrev  0x0000000000004020      0x23a ./Drivers/STM32H7xx_HAL_Driver/stm32h7xx_hal_gpio.o
 .debug_abbrev  0x000000000000425a      0x1fe ./Drivers/STM32H7xx_HAL_Driver/stm32h7xx_hal_hsem.o
 .debug_abbrev  0x0000000000004458      0x3f7 ./Drivers/STM32H7xx_HAL_Driver/stm32h7xx_hal_i2c.o
 .debug_abbrev  0x000000000000484f      0x1e8 ./Drivers/STM32H7xx_HAL_Driver/stm32h7xx_hal_i2c_ex.o
 .debug_abbrev  0x0000000000004a37      0x324 ./Drivers/STM32H7xx_HAL_Driver/stm32h7xx_hal_pwr_ex.o
 .debug_abbrev  0x0000000000004d5b      0x31d ./Drivers/STM32H7xx_HAL_Driver/stm32h7xx_hal_rcc.o
 .debug_abbrev  0x0000000000005078      0x350 ./Drivers/STM32H7xx_HAL_Driver/stm32h7xx_hal_rcc_ex.o
 .debug_abbrev  0x00000000000053c8      0x3e9 ./Drivers/STM32H7xx_HAL_Driver/stm32h7xx_hal_spi.o
 .debug_abbrev  0x00000000000057b1      0x454 ./Drivers/STM32H7xx_HAL_Driver/stm32h7xx_hal_uart.o
 .debug_abbrev  0x0000000000005c05      0x317 ./Drivers/STM32H7xx_HAL_Driver/stm32h7xx_hal_uart_ex.o

.debug_loc      0x0000000000000000    0x1c978
 .debug_loc     0x0000000000000000      0x1c4 ./App/Src/mainproj.o
 .debug_loc     0x00000000000001c4      0x1b1 ./Common/Src/system_stm32h7xx_dualcore_boot_cm4_cm7.o
 .debug_loc     0x0000000000000375       0x54 ./Core/Src/adc.o
 .debug_loc     0x00000000000003c9     0x2723 ./Core/Src/bmp280.o
 .debug_loc     0x0000000000002aec       0x54 ./Core/Src/i2c.o
 .debug_loc     0x0000000000002b40     0x1dd4 ./Core/Src/lsm9ds1.o
 .debug_loc     0x0000000000004914       0x54 ./Core/Src/spi.o
 .debug_loc     0x0000000000004968      0x230 ./Core/Src/ublox.o
 .debug_loc     0x0000000000004b98       0x54 ./Core/Src/usart.o
 .debug_loc     0x0000000000004bec      0x716 ./Drivers/STM32H7xx_HAL_Driver/stm32h7xx_hal.o
 .debug_loc     0x0000000000005302     0x2514 ./Drivers/STM32H7xx_HAL_Driver/stm32h7xx_hal_adc.o
 .debug_loc     0x0000000000007816     0x2a27 ./Drivers/STM32H7xx_HAL_Driver/stm32h7xx_hal_adc_ex.o
 .debug_loc     0x000000000000a23d      0x775 ./Drivers/STM32H7xx_HAL_Driver/stm32h7xx_hal_cortex.o
 .debug_loc     0x000000000000a9b2     0x1d47 ./Drivers/STM32H7xx_HAL_Driver/stm32h7xx_hal_dma.o
 .debug_loc     0x000000000000c6f9      0x4a6 ./Drivers/STM32H7xx_HAL_Driver/stm32h7xx_hal_gpio.o
 .debug_loc     0x000000000000cb9f      0x171 ./Drivers/STM32H7xx_HAL_Driver/stm32h7xx_hal_hsem.o
 .debug_loc     0x000000000000cd10     0x7d96 ./Drivers/STM32H7xx_HAL_Driver/stm32h7xx_hal_i2c.o
 .debug_loc     0x0000000000014aa6      0x23d ./Drivers/STM32H7xx_HAL_Driver/stm32h7xx_hal_i2c_ex.o
 .debug_loc     0x0000000000014ce3      0x6d7 ./Drivers/STM32H7xx_HAL_Driver/stm32h7xx_hal_pwr_ex.o
 .debug_loc     0x00000000000153ba      0x9f1 ./Drivers/STM32H7xx_HAL_Driver/stm32h7xx_hal_rcc.o
 .debug_loc     0x0000000000015dab     0x1366 ./Drivers/STM32H7xx_HAL_Driver/stm32h7xx_hal_rcc_ex.o
 .debug_loc     0x0000000000017111     0x23dc ./Drivers/STM32H7xx_HAL_Driver/stm32h7xx_hal_spi.o
 .debug_loc     0x00000000000194ed     0x281d ./Drivers/STM32H7xx_HAL_Driver/stm32h7xx_hal_uart.o
 .debug_loc     0x000000000001bd0a      0xc6e ./Drivers/STM32H7xx_HAL_Driver/stm32h7xx_hal_uart_ex.o

.debug_aranges  0x0000000000000000     0x12f8
 .debug_aranges
                0x0000000000000000       0x58 ./App/Src/mainproj.o
 .debug_aranges
                0x0000000000000058       0x28 ./Common/Src/system_stm32h7xx_dualcore_boot_cm4_cm7.o
 .debug_aranges
                0x0000000000000080       0x30 ./Core/Src/adc.o
 .debug_aranges
                0x00000000000000b0       0xb8 ./Core/Src/bmp280.o
 .debug_aranges
                0x0000000000000168       0x20 ./Core/Src/dma.o
 .debug_aranges
                0x0000000000000188       0x20 ./Core/Src/gpio.o
 .debug_aranges
                0x00000000000001a8       0x30 ./Core/Src/i2c.o
 .debug_aranges
                0x00000000000001d8      0x110 ./Core/Src/lsm9ds1.o
 .debug_aranges
                0x00000000000002e8       0x28 ./Core/Src/main.o
 .debug_aranges
                0x0000000000000310       0x30 ./Core/Src/spi.o
 .debug_aranges
                0x0000000000000340       0x20 ./Core/Src/stm32h7xx_hal_msp.o
 .debug_aranges
                0x0000000000000360       0xb0 ./Core/Src/stm32h7xx_it.o
 .debug_aranges
                0x0000000000000410       0x60 ./Core/Src/ublox.o
 .debug_aranges
                0x0000000000000470       0x30 ./Core/Src/usart.o
 .debug_aranges
                0x00000000000004a0       0x28 ./Core/Startup/startup_stm32h745zitx.o
 .debug_aranges
                0x00000000000004c8      0x1f8 ./Drivers/STM32H7xx_HAL_Driver/stm32h7xx_hal.o
 .debug_aranges
                0x00000000000006c0       0xd8 ./Drivers/STM32H7xx_HAL_Driver/stm32h7xx_hal_adc.o
 .debug_aranges
                0x0000000000000798       0xe8 ./Drivers/STM32H7xx_HAL_Driver/stm32h7xx_hal_adc_ex.o
 .debug_aranges
                0x0000000000000880       0xb0 ./Drivers/STM32H7xx_HAL_Driver/stm32h7xx_hal_cortex.o
 .debug_aranges
                0x0000000000000930       0x88 ./Drivers/STM32H7xx_HAL_Driver/stm32h7xx_hal_dma.o
 .debug_aranges
                0x00000000000009b8       0x58 ./Drivers/STM32H7xx_HAL_Driver/stm32h7xx_hal_gpio.o
 .debug_aranges
                0x0000000000000a10       0x70 ./Drivers/STM32H7xx_HAL_Driver/stm32h7xx_hal_hsem.o
 .debug_aranges
                0x0000000000000a80      0x1e0 ./Drivers/STM32H7xx_HAL_Driver/stm32h7xx_hal_i2c.o
 .debug_aranges
                0x0000000000000c60       0x48 ./Drivers/STM32H7xx_HAL_Driver/stm32h7xx_hal_i2c_ex.o
 .debug_aranges
                0x0000000000000ca8      0x140 ./Drivers/STM32H7xx_HAL_Driver/stm32h7xx_hal_pwr_ex.o
 .debug_aranges
                0x0000000000000de8       0x90 ./Drivers/STM32H7xx_HAL_Driver/stm32h7xx_hal_rcc.o
 .debug_aranges
                0x0000000000000e78       0xe0 ./Drivers/STM32H7xx_HAL_Driver/stm32h7xx_hal_rcc_ex.o
 .debug_aranges
                0x0000000000000f58      0x138 ./Drivers/STM32H7xx_HAL_Driver/stm32h7xx_hal_spi.o
 .debug_aranges
                0x0000000000001090      0x1e8 ./Drivers/STM32H7xx_HAL_Driver/stm32h7xx_hal_uart.o
 .debug_aranges
                0x0000000000001278       0x80 ./Drivers/STM32H7xx_HAL_Driver/stm32h7xx_hal_uart_ex.o

.debug_ranges   0x0000000000000000     0x4428
 .debug_ranges  0x0000000000000000       0x78 ./App/Src/mainproj.o
 .debug_ranges  0x0000000000000078       0x18 ./Common/Src/system_stm32h7xx_dualcore_boot_cm4_cm7.o
 .debug_ranges  0x0000000000000090       0x58 ./Core/Src/adc.o
 .debug_ranges  0x00000000000000e8      0x528 ./Core/Src/bmp280.o
 .debug_ranges  0x0000000000000610       0x58 ./Core/Src/dma.o
 .debug_ranges  0x0000000000000668       0x50 ./Core/Src/gpio.o
 .debug_ranges  0x00000000000006b8       0x68 ./Core/Src/i2c.o
 .debug_ranges  0x0000000000000720      0x850 ./Core/Src/lsm9ds1.o
 .debug_ranges  0x0000000000000f70       0x40 ./Core/Src/main.o
 .debug_ranges  0x0000000000000fb0       0x58 ./Core/Src/spi.o
 .debug_ranges  0x0000000000001008       0x28 ./Core/Src/stm32h7xx_hal_msp.o
 .debug_ranges  0x0000000000001030       0xa0 ./Core/Src/stm32h7xx_it.o
 .debug_ranges  0x00000000000010d0       0x90 ./Core/Src/ublox.o
 .debug_ranges  0x0000000000001160       0x58 ./Core/Src/usart.o
 .debug_ranges  0x00000000000011b8       0x20 ./Core/Startup/startup_stm32h745zitx.o
 .debug_ranges  0x00000000000011d8      0x210 ./Drivers/STM32H7xx_HAL_Driver/stm32h7xx_hal.o
 .debug_ranges  0x00000000000013e8      0x718 ./Drivers/STM32H7xx_HAL_Driver/stm32h7xx_hal_adc.o
 .debug_ranges  0x0000000000001b00      0x638 ./Drivers/STM32H7xx_HAL_Driver/stm32h7xx_hal_adc_ex.o
 .debug_ranges  0x0000000000002138      0x198 ./Drivers/STM32H7xx_HAL_Driver/stm32h7xx_hal_cortex.o
 .debug_ranges  0x00000000000022d0      0x348 ./Drivers/STM32H7xx_HAL_Driver/stm32h7xx_hal_dma.o
 .debug_ranges  0x0000000000002618       0x60 ./Drivers/STM32H7xx_HAL_Driver/stm32h7xx_hal_gpio.o
 .debug_ranges  0x0000000000002678       0x60 ./Drivers/STM32H7xx_HAL_Driver/stm32h7xx_hal_hsem.o
 .debug_ranges  0x00000000000026d8     0x1140 ./Drivers/STM32H7xx_HAL_Driver/stm32h7xx_hal_i2c.o
 .debug_ranges  0x0000000000003818       0x88 ./Drivers/STM32H7xx_HAL_Driver/stm32h7xx_hal_i2c_ex.o
 .debug_ranges  0x00000000000038a0      0x1a8 ./Drivers/STM32H7xx_HAL_Driver/stm32h7xx_hal_pwr_ex.o
 .debug_ranges  0x0000000000003a48      0x258 ./Drivers/STM32H7xx_HAL_Driver/stm32h7xx_hal_rcc.o
 .debug_ranges  0x0000000000003ca0      0x100 ./Drivers/STM32H7xx_HAL_Driver/stm32h7xx_hal_rcc_ex.o
 .debug_ranges  0x0000000000003da0      0x238 ./Drivers/STM32H7xx_HAL_Driver/stm32h7xx_hal_spi.o
 .debug_ranges  0x0000000000003fd8      0x378 ./Drivers/STM32H7xx_HAL_Driver/stm32h7xx_hal_uart.o
 .debug_ranges  0x0000000000004350       0xd8 ./Drivers/STM32H7xx_HAL_Driver/stm32h7xx_hal_uart_ex.o

.debug_macro    0x0000000000000000    0x3e627
 .debug_macro   0x0000000000000000      0x4e5 ./App/Src/mainproj.o
 .debug_macro   0x00000000000004e5      0xb5c ./App/Src/mainproj.o
 .debug_macro   0x0000000000001041       0x1c ./App/Src/mainproj.o
 .debug_macro   0x000000000000105d       0x22 ./App/Src/mainproj.o
 .debug_macro   0x000000000000107f       0x8e ./App/Src/mainproj.o
 .debug_macro   0x000000000000110d       0x51 ./App/Src/mainproj.o
 .debug_macro   0x000000000000115e      0x103 ./App/Src/mainproj.o
 .debug_macro   0x0000000000001261       0x6a ./App/Src/mainproj.o
 .debug_macro   0x00000000000012cb      0x1df ./App/Src/mainproj.o
 .debug_macro   0x00000000000014aa      0x18a ./App/Src/mainproj.o
 .debug_macro   0x0000000000001634       0x10 ./App/Src/mainproj.o
 .debug_macro   0x0000000000001644      0x3d1 ./App/Src/mainproj.o
 .debug_macro   0x0000000000001a15       0x41 ./App/Src/mainproj.o
 .debug_macro   0x0000000000001a56       0x12 ./App/Src/mainproj.o
 .debug_macro   0x0000000000001a68       0x27 ./App/Src/mainproj.o
 .debug_macro   0x0000000000001a8f       0x1c ./App/Src/mainproj.o
 .debug_macro   0x0000000000001aab       0x18 ./App/Src/mainproj.o
 .debug_macro   0x0000000000001ac3       0x4f ./App/Src/mainproj.o
 .debug_macro   0x0000000000001b12       0x28 ./App/Src/mainproj.o
 .debug_macro   0x0000000000001b3a       0x2e ./App/Src/mainproj.o
 .debug_macro   0x0000000000001b68       0x19 ./App/Src/mainproj.o
 .debug_macro   0x0000000000001b81       0x88 ./App/Src/mainproj.o
 .debug_macro   0x0000000000001c09       0x19 ./App/Src/mainproj.o
 .debug_macro   0x0000000000001c22       0x52 ./App/Src/mainproj.o
 .debug_macro   0x0000000000001c74       0x1e ./App/Src/mainproj.o
 .debug_macro   0x0000000000001c92       0x3c ./App/Src/mainproj.o
 .debug_macro   0x0000000000001cce       0x34 ./App/Src/mainproj.o
 .debug_macro   0x0000000000001d02      0x17b ./App/Src/mainproj.o
 .debug_macro   0x0000000000001e7d       0x16 ./App/Src/mainproj.o
 .debug_macro   0x0000000000001e93       0x43 ./App/Src/mainproj.o
 .debug_macro   0x0000000000001ed6       0x34 ./App/Src/mainproj.o
 .debug_macro   0x0000000000001f0a       0x10 ./App/Src/mainproj.o
 .debug_macro   0x0000000000001f1a       0x58 ./App/Src/mainproj.o
 .debug_macro   0x0000000000001f72       0x71 ./App/Src/mainproj.o
 .debug_macro   0x0000000000001fe3       0x16 ./App/Src/mainproj.o
 .debug_macro   0x0000000000001ff9      0x12a ./App/Src/mainproj.o
 .debug_macro   0x0000000000002123      0x364 ./App/Src/mainproj.o
 .debug_macro   0x0000000000002487       0x10 ./App/Src/mainproj.o
 .debug_macro   0x0000000000002497       0x35 ./App/Src/mainproj.o
 .debug_macro   0x00000000000024cc       0x20 ./App/Src/mainproj.o
 .debug_macro   0x00000000000024ec       0x8e ./App/Src/mainproj.o
 .debug_macro   0x000000000000257a       0x2e ./App/Src/mainproj.o
 .debug_macro   0x00000000000025a8       0x3b ./App/Src/mainproj.o
 .debug_macro   0x00000000000025e3       0x1c ./App/Src/mainproj.o
 .debug_macro   0x00000000000025ff       0x22 ./App/Src/mainproj.o
 .debug_macro   0x0000000000002621       0xfb ./App/Src/mainproj.o
 .debug_macro   0x000000000000271c     0x1011 ./App/Src/mainproj.o
 .debug_macro   0x000000000000372d      0x11f ./App/Src/mainproj.o
 .debug_macro   0x000000000000384c    0x26895 ./App/Src/mainproj.o
 .debug_macro   0x000000000002a0e1       0x43 ./App/Src/mainproj.o
 .debug_macro   0x000000000002a124      0x23e ./App/Src/mainproj.o
 .debug_macro   0x000000000002a362     0x3cd3 ./App/Src/mainproj.o
 .debug_macro   0x000000000002e035      0x194 ./App/Src/mainproj.o
 .debug_macro   0x000000000002e1c9       0x10 ./App/Src/mainproj.o
 .debug_macro   0x000000000002e1d9       0x16 ./App/Src/mainproj.o
 .debug_macro   0x000000000002e1ef       0x16 ./App/Src/mainproj.o
 .debug_macro   0x000000000002e205       0x29 ./App/Src/mainproj.o
 .debug_macro   0x000000000002e22e       0x10 ./App/Src/mainproj.o
 .debug_macro   0x000000000002e23e      0x3c7 ./App/Src/mainproj.o
 .debug_macro   0x000000000002e605       0x5d ./App/Src/mainproj.o
 .debug_macro   0x000000000002e662     0x3a9d ./App/Src/mainproj.o
 .debug_macro   0x00000000000320ff     0x1048 ./App/Src/mainproj.o
 .debug_macro   0x0000000000033147      0x14d ./App/Src/mainproj.o
 .debug_macro   0x0000000000033294      0x133 ./App/Src/mainproj.o
 .debug_macro   0x00000000000333c7      0x3be ./App/Src/mainproj.o
 .debug_macro   0x0000000000033785       0x27 ./App/Src/mainproj.o
 .debug_macro   0x00000000000337ac      0x72d ./App/Src/mainproj.o
 .debug_macro   0x0000000000033ed9      0x229 ./App/Src/mainproj.o
 .debug_macro   0x0000000000034102       0x66 ./App/Src/mainproj.o
 .debug_macro   0x0000000000034168      0x3bb ./App/Src/mainproj.o
 .debug_macro   0x0000000000034523      0x408 ./App/Src/mainproj.o
 .debug_macro   0x000000000003492b      0x244 ./App/Src/mainproj.o
 .debug_macro   0x0000000000034b6f     0x1036 ./App/Src/mainproj.o
 .debug_macro   0x0000000000035ba5      0x6c5 ./App/Src/mainproj.o
 .debug_macro   0x000000000003626a      0x36e ./App/Src/mainproj.o
 .debug_macro   0x00000000000365d8      0x3cb ./App/Src/mainproj.o
 .debug_macro   0x00000000000369a3      0x4a2 ./App/Src/mainproj.o
 .debug_macro   0x0000000000036e45       0x51 ./App/Src/mainproj.o
 .debug_macro   0x0000000000036e96       0x4a ./App/Src/mainproj.o
 .debug_macro   0x0000000000036ee0      0x22c ./App/Src/mainproj.o
 .debug_macro   0x000000000003710c       0x67 ./App/Src/mainproj.o
 .debug_macro   0x0000000000037173       0xa5 ./App/Src/mainproj.o
 .debug_macro   0x0000000000037218      0x219 ./App/Src/mainproj.o
 .debug_macro   0x0000000000037431      0x2eb ./App/Src/mainproj.o
 .debug_macro   0x000000000003771c       0x35 ./App/Src/mainproj.o
 .debug_macro   0x0000000000037751      0x5dd ./App/Src/mainproj.o
 .debug_macro   0x0000000000037d2e       0x9e ./App/Src/mainproj.o
 .debug_macro   0x0000000000037dcc      0x67e ./App/Src/mainproj.o
 .debug_macro   0x000000000003844a       0xa6 ./App/Src/mainproj.o
 .debug_macro   0x00000000000384f0      0x798 ./App/Src/mainproj.o
 .debug_macro   0x0000000000038c88       0x28 ./App/Src/mainproj.o
 .debug_macro   0x0000000000038cb0      0x2d9 ./Common/Src/system_stm32h7xx_dualcore_boot_cm4_cm7.o
 .debug_macro   0x0000000000038f89      0x2e7 ./Core/Src/adc.o
 .debug_macro   0x0000000000039270      0x4b2 ./Core/Src/bmp280.o
 .debug_macro   0x0000000000039722       0x16 ./Core/Src/bmp280.o
 .debug_macro   0x0000000000039738       0x18 ./Core/Src/bmp280.o
 .debug_macro   0x0000000000039750      0x2e7 ./Core/Src/dma.o
 .debug_macro   0x0000000000039a37      0x2e7 ./Core/Src/gpio.o
 .debug_macro   0x0000000000039d1e      0x2e7 ./Core/Src/i2c.o
 .debug_macro   0x000000000003a005      0x3a7 ./Core/Src/lsm9ds1.o
 .debug_macro   0x000000000003a3ac      0x50f ./Core/Src/main.o
 .debug_macro   0x000000000003a8bb      0x2e7 ./Core/Src/spi.o
 .debug_macro   0x000000000003aba2      0x2dd ./Core/Src/stm32h7xx_hal_msp.o
 .debug_macro   0x000000000003ae7f      0x2e7 ./Core/Src/stm32h7xx_it.o
 .debug_macro   0x000000000003b166      0x4bd ./Core/Src/ublox.o
 .debug_macro   0x000000000003b623      0x317 ./Core/Src/usart.o
 .debug_macro   0x000000000003b93a      0x2fd ./Drivers/STM32H7xx_HAL_Driver/stm32h7xx_hal.o
 .debug_macro   0x000000000003bc37      0x2f7 ./Drivers/STM32H7xx_HAL_Driver/stm32h7xx_hal_adc.o
 .debug_macro   0x000000000003bf2e      0x2df ./Drivers/STM32H7xx_HAL_Driver/stm32h7xx_hal_adc_ex.o
 .debug_macro   0x000000000003c20d      0x2d3 ./Drivers/STM32H7xx_HAL_Driver/stm32h7xx_hal_cortex.o
 .debug_macro   0x000000000003c4e0      0x327 ./Drivers/STM32H7xx_HAL_Driver/stm32h7xx_hal_dma.o
 .debug_macro   0x000000000003c807      0x31d ./Drivers/STM32H7xx_HAL_Driver/stm32h7xx_hal_gpio.o
 .debug_macro   0x000000000003cb24      0x2e5 ./Drivers/STM32H7xx_HAL_Driver/stm32h7xx_hal_hsem.o
 .debug_macro   0x000000000003ce09      0x398 ./Drivers/STM32H7xx_HAL_Driver/stm32h7xx_hal_i2c.o
 .debug_macro   0x000000000003d1a1      0x2d3 ./Drivers/STM32H7xx_HAL_Driver/stm32h7xx_hal_i2c_ex.o
 .debug_macro   0x000000000003d474      0x30c ./Drivers/STM32H7xx_HAL_Driver/stm32h7xx_hal_pwr_ex.o
 .debug_macro   0x000000000003d780      0x2f7 ./Drivers/STM32H7xx_HAL_Driver/stm32h7xx_hal_rcc.o
 .debug_macro   0x000000000003da77      0x2f1 ./Drivers/STM32H7xx_HAL_Driver/stm32h7xx_hal_rcc_ex.o
 .debug_macro   0x000000000003dd68      0x2e2 ./Drivers/STM32H7xx_HAL_Driver/stm32h7xx_hal_spi.o
 .debug_macro   0x000000000003e04a      0x2fe ./Drivers/STM32H7xx_HAL_Driver/stm32h7xx_hal_uart.o
 .debug_macro   0x000000000003e348      0x2df ./Drivers/STM32H7xx_HAL_Driver/stm32h7xx_hal_uart_ex.o

.debug_line     0x0000000000000000    0x30044
 .debug_line    0x0000000000000000     0x1396 ./App/Src/mainproj.o
 .debug_line    0x0000000000001396      0xa7c ./Common/Src/system_stm32h7xx_dualcore_boot_cm4_cm7.o
 .debug_line    0x0000000000001e12      0xa8f ./Core/Src/adc.o
 .debug_line    0x00000000000028a1     0x235a ./Core/Src/bmp280.o
 .debug_line    0x0000000000004bfb      0x8d9 ./Core/Src/dma.o
 .debug_line    0x00000000000054d4      0x8fc ./Core/Src/gpio.o
 .debug_line    0x0000000000005dd0      0xab9 ./Core/Src/i2c.o
 .debug_line    0x0000000000006889     0x1fd8 ./Core/Src/lsm9ds1.o
 .debug_line    0x0000000000008861     0x1314 ./Core/Src/main.o
 .debug_line    0x0000000000009b75      0xaa6 ./Core/Src/spi.o
 .debug_line    0x000000000000a61b      0x8b6 ./Core/Src/stm32h7xx_hal_msp.o
 .debug_line    0x000000000000aed1      0xa7a ./Core/Src/stm32h7xx_it.o
 .debug_line    0x000000000000b94b     0x144f ./Core/Src/ublox.o
 .debug_line    0x000000000000cd9a      0xaf6 ./Core/Src/usart.o
 .debug_line    0x000000000000d890       0x88 ./Core/Startup/startup_stm32h745zitx.o
 .debug_line    0x000000000000d918     0x1236 ./Drivers/STM32H7xx_HAL_Driver/stm32h7xx_hal.o
 .debug_line    0x000000000000eb4e     0x3256 ./Drivers/STM32H7xx_HAL_Driver/stm32h7xx_hal_adc.o
 .debug_line    0x0000000000011da4     0x30fc ./Drivers/STM32H7xx_HAL_Driver/stm32h7xx_hal_adc_ex.o
 .debug_line    0x0000000000014ea0      0xf3b ./Drivers/STM32H7xx_HAL_Driver/stm32h7xx_hal_cortex.o
 .debug_line    0x0000000000015ddb     0x31d3 ./Drivers/STM32H7xx_HAL_Driver/stm32h7xx_hal_dma.o
 .debug_line    0x0000000000018fae      0xf04 ./Drivers/STM32H7xx_HAL_Driver/stm32h7xx_hal_gpio.o
 .debug_line    0x0000000000019eb2      0xa5f ./Drivers/STM32H7xx_HAL_Driver/stm32h7xx_hal_hsem.o
 .debug_line    0x000000000001a911     0x732f ./Drivers/STM32H7xx_HAL_Driver/stm32h7xx_hal_i2c.o
 .debug_line    0x0000000000021c40      0xc3c ./Drivers/STM32H7xx_HAL_Driver/stm32h7xx_hal_i2c_ex.o
 .debug_line    0x000000000002287c     0x131a ./Drivers/STM32H7xx_HAL_Driver/stm32h7xx_hal_pwr_ex.o
 .debug_line    0x0000000000023b96     0x1ca0 ./Drivers/STM32H7xx_HAL_Driver/stm32h7xx_hal_rcc.o
 .debug_line    0x0000000000025836     0x22fc ./Drivers/STM32H7xx_HAL_Driver/stm32h7xx_hal_rcc_ex.o
 .debug_line    0x0000000000027b32     0x3622 ./Drivers/STM32H7xx_HAL_Driver/stm32h7xx_hal_spi.o
 .debug_line    0x000000000002b154     0x3a26 ./Drivers/STM32H7xx_HAL_Driver/stm32h7xx_hal_uart.o
 .debug_line    0x000000000002eb7a     0x14ca ./Drivers/STM32H7xx_HAL_Driver/stm32h7xx_hal_uart_ex.o

.debug_str      0x0000000000000000   0x193f16
 .debug_str     0x0000000000000000   0x18b0a9 ./App/Src/mainproj.o
                                     0x18ba14 (size before relaxing)
 .debug_str     0x000000000018b0a9      0x66a ./Common/Src/system_stm32h7xx_dualcore_boot_cm4_cm7.o
                                     0x1862a9 (size before relaxing)
 .debug_str     0x000000000018b713     0x1154 ./Core/Src/adc.o
                                     0x187570 (size before relaxing)
 .debug_str     0x000000000018c867      0x6ea ./Core/Src/bmp280.o
                                     0x18b1e9 (size before relaxing)
 .debug_str     0x000000000018cf51       0x29 ./Core/Src/dma.o
                                     0x1869d8 (size before relaxing)
 .debug_str     0x000000000018cf7a       0x2c ./Core/Src/gpio.o
                                     0x186215 (size before relaxing)
 .debug_str     0x000000000018cfa6      0x27e ./Core/Src/i2c.o
                                     0x1874d2 (size before relaxing)
 .debug_str     0x000000000018d224      0x639 ./Core/Src/lsm9ds1.o
                                     0x18a818 (size before relaxing)
 .debug_str     0x000000000018d85d      0x197 ./Core/Src/main.o
                                     0x18bdf9 (size before relaxing)
 .debug_str     0x000000000018d9f4       0x65 ./Core/Src/spi.o
                                     0x1874bf (size before relaxing)
 .debug_str     0x000000000018da59       0x2c ./Core/Src/stm32h7xx_hal_msp.o
                                     0x18614a (size before relaxing)
 .debug_str     0x000000000018da85      0x3cd ./Core/Src/stm32h7xx_it.o
                                     0x186f20 (size before relaxing)
 .debug_str     0x000000000018de52      0x132 ./Core/Src/ublox.o
                                     0x18a74d (size before relaxing)
 .debug_str     0x000000000018df84       0xa8 ./Core/Src/usart.o
                                     0x187530 (size before relaxing)
 .debug_str     0x000000000018e02c       0x36 ./Core/Startup/startup_stm32h745zitx.o
                                         0x7a (size before relaxing)
 .debug_str     0x000000000018e062      0xa8c ./Drivers/STM32H7xx_HAL_Driver/stm32h7xx_hal.o
                                     0x1875f3 (size before relaxing)
 .debug_str     0x000000000018eaee      0xb58 ./Drivers/STM32H7xx_HAL_Driver/stm32h7xx_hal_adc.o
                                     0x187269 (size before relaxing)
 .debug_str     0x000000000018f646      0x7fb ./Drivers/STM32H7xx_HAL_Driver/stm32h7xx_hal_adc_ex.o
                                     0x1872bc (size before relaxing)
 .debug_str     0x000000000018fe41      0x354 ./Drivers/STM32H7xx_HAL_Driver/stm32h7xx_hal_cortex.o
                                     0x186d41 (size before relaxing)
 .debug_str     0x0000000000190195      0x85f ./Drivers/STM32H7xx_HAL_Driver/stm32h7xx_hal_dma.o
                                     0x186bf0 (size before relaxing)
 .debug_str     0x00000000001909f4      0x228 ./Drivers/STM32H7xx_HAL_Driver/stm32h7xx_hal_gpio.o
                                     0x1865b6 (size before relaxing)
 .debug_str     0x0000000000190c1c      0x199 ./Drivers/STM32H7xx_HAL_Driver/stm32h7xx_hal_hsem.o
                                     0x18616c (size before relaxing)
 .debug_str     0x0000000000190db5      0xcd5 ./Drivers/STM32H7xx_HAL_Driver/stm32h7xx_hal_i2c.o
                                     0x187473 (size before relaxing)
 .debug_str     0x0000000000191a8a       0xef ./Drivers/STM32H7xx_HAL_Driver/stm32h7xx_hal_i2c_ex.o
                                     0x1868c4 (size before relaxing)
 .debug_str     0x0000000000191b79      0x6b6 ./Drivers/STM32H7xx_HAL_Driver/stm32h7xx_hal_pwr_ex.o
                                     0x186937 (size before relaxing)