../Core/Src/bmp280.cpp:34:6:void Bmp280::SetNSS()	0	static
../Core/Src/bmp280.cpp:43:6:void Bmp280::ResetNSS()	0	static
../Core/Src/bmp280.cpp:54:6:bool Bmp280::CheckID()	24	static
../Core/Src/bmp280.cpp:84:7:float Bmp280::GetAltitude()	8	static
../Core/Src/bmp280.cpp:89:7:float Bmp280::GetPressure()	0	static
../Core/Src/bmp280.cpp:95:7:float Bmp280::GetTemperature()	0	static
../Core/Src/bmp280.cpp:108:9:uint8_t Bmp280::Read8Bit(const uint8_t&)	24	static
../Core/Src/bmp280.cpp:125:10:uint16_t Bmp280::Read16Bit(const uint8_t&)	24	static
../Core/Src/bmp280.cpp:145:10:uint32_t Bmp280::Read24Bit(const uint8_t&)	24	static
../Core/Src/bmp280.cpp:166:7:void Bmp280::Write8Bit(const uint8_t&, const uint8_t&)	16	static
../Core/Src/bmp280.cpp:175:11:uint16_t Bmp280::Read16BitLE(const uint8_t&)	24	static
../Core/Src/bmp280.cpp:186:6:void Bmp280::ReadCoefficients()	24	static
../Core/Src/bmp280.cpp:68:6:bool Bmp280::Config()	24	static
../Core/Src/bmp280.cpp:12:1:Bmp280::Bmp280()	24	static
../Core/Src/bmp280.cpp:213:6:void Bmp280::SetConfig()	32	static
../Core/Src/bmp280.cpp:245:6:void Bmp280::ReadTemp()	24	static
../Core/Src/bmp280.cpp:267:6:void Bmp280::ReadPressure()	32	static
../Core/Src/bmp280.cpp:23:6:void Bmp280::Run()	24	static
../Core/Src/bmp280.cpp:306:6:void Bmp280::ReadAltitude()	8	static
../Core/Src/bmp280.cpp:319:6:void Bmp280::Reset()	16	static
