lsm303ldhc.c:12:6:LSM303StartUp	8	static
lsm303ldhc.c:30:6:LSM303AccInit	16	static
lsm303ldhc.c:52:6:FilterConfig	24	static
lsm303ldhc.c:65:6:LSM303MagInit	16	static
lsm303ldhc.c:83:6:LSM303Write	16	static
lsm303ldhc.c:89:9:LSM303Read	16	static
lsm303ldhc.c:94:6:AccGetXYZ	40	static
lsm303ldhc.c:161:6:LSM303ReadAcc	24	static
lsm303ldhc.c:176:6:LSM303ReadMag	24	static
lsm303ldhc.c:206:9:LSM303GetTemp	24	static
lsm303ldhc.c:239:6:MagGetXYZ	24	static
lsm303ldhc.c:261:9:I2CRead	40	static
lsm303ldhc.c:280:6:I2CWrite	40	static
lsm303ldhc.c:295:6:ErrorHandler	8	static
lsm303ldhc.c:300:9:ReadSensorID	16	static
