../Core/Src/lsm9ds1.cpp:16:15:IMU::gyroData IMU::GetGyroData()	56	static
../Core/Src/lsm9ds1.cpp:23:16:IMU::accelData IMU::GetAccelData()	56	static
../Core/Src/lsm9ds1.cpp:29:14:IMU::magData IMU::GetMagData()	56	static
../Core/Src/lsm9ds1.cpp:36:6:void IMU::Init()	4	static
../Core/Src/lsm9ds1.cpp:122:9:uint8_t IMU::CheckSensorID(const uint8_t&, const uint8_t&)	40	static
../Core/Src/lsm9ds1.cpp:137:6:void IMU::InitGyro()	32	static
../Core/Src/lsm9ds1.cpp:234:6:void IMU::InitAccel()	32	static
../Core/Src/lsm9ds1.cpp:283:6:void IMU::InitMag()	32	static
../Core/Src/lsm9ds1.cpp:88:6:bool IMU::Setup()	48	static
../Core/Src/lsm9ds1.cpp:10:1:IMU::IMU()	8	static
../Core/Src/lsm9ds1.cpp:365:6:void IMU::ClampScales()	0	static
../Core/Src/lsm9ds1.cpp:398:7:float IMU::CalcGyro(float)	0	static
../Core/Src/lsm9ds1.cpp:408:7:float IMU::CalcMag(float)	0	static
../Core/Src/lsm9ds1.cpp:418:7:float IMU::CalcAccel(float)	0	static
../Core/Src/lsm9ds1.cpp:429:6:void IMU::ReadGyro()	32	static
../Core/Src/lsm9ds1.cpp:451:6:void IMU::ReadMag()	32	static
../Core/Src/lsm9ds1.cpp:473:7:void IMU::ReadAccel()	32	static
../Core/Src/lsm9ds1.cpp:495:6:void IMU::ReadTemp()	32	static
../Core/Src/lsm9ds1.cpp:515:6:void IMU::SetGyroScale(uint16_t&)	40	static
../Core/Src/lsm9ds1.cpp:545:6:void IMU::SetAccelScale(uint8_t&)	40	static
../Core/Src/lsm9ds1.cpp:583:6:void IMU::SetGyroODR(uint8_t)	40	static
../Core/Src/lsm9ds1.cpp:607:6:void IMU::SetAccelODR(uint8_t)	40	static
../Core/Src/lsm9ds1.cpp:632:8:void IMU::SetMagODR(uint8_t)	40	static
../Core/Src/lsm9ds1.cpp:654:6:void IMU::SleepGyro(uint8_t)	32	static
../Core/Src/lsm9ds1.cpp:672:6:void IMU::CalcGyroResolution()	0	static
../Core/Src/lsm9ds1.cpp:702:6:void IMU::CalcAccResolution()	0	static
../Core/Src/lsm9ds1.cpp:736:6:void IMU::CalcMagResolution()	0	static
../Core/Src/lsm9ds1.cpp:772:9:uint8_t IMU::I2CReadByte(const uint8_t&, const uint8_t&)	32	static
../Core/Src/lsm9ds1.cpp:792:9:uint8_t IMU::I2CReadBytes(const uint8_t&, const uint8_t&, uint8_t*, uint8_t)	24	static
../Core/Src/lsm9ds1.cpp:811:19:HAL_StatusTypeDef IMU::WriteByte(const uint8_t&, const uint8_t&, uint8_t)	32	static
../Core/Src/lsm9ds1.cpp:826:6:void HAL_I2C_MemRxCpltCallback(I2C_HandleTypeDef*)	0	static
../Core/Src/lsm9ds1.cpp:832:6:void HAL_I2C_MemTxCpltCallback(I2C_HandleTypeDef*)	0	static
