stm32h7xx_it.c:74:6:NMI_Handler	4	static
stm32h7xx_it.c:87:6:HardFault_Handler	4	static
stm32h7xx_it.c:102:6:MemManage_Handler	4	static
stm32h7xx_it.c:117:6:BusFault_Handler	4	static
stm32h7xx_it.c:132:6:UsageFault_Handler	4	static
stm32h7xx_it.c:147:6:DebugMon_Handler	4	static
stm32h7xx_it.c:167:6:DMA1_Stream0_IRQHandler	8	static
stm32h7xx_it.c:181:6:DMA1_Stream1_IRQHandler	8	static
stm32h7xx_it.c:195:6:USART1_IRQHandler	8	static
stm32h7xx_it.c:209:6:CM7_SEV_IRQHandler	4	static
stm32h7xx_it.c:222:6:HSEM2_IRQHandler	8	static
stm32h7xx_it.c:237:6:TIM7_IRQHandler	8	static
