stm32h7xx_hal_pwr.c:227:6:HAL_PWR_DeInit	4	static
stm32h7xx_hal_pwr.c:238:6:HAL_PWR_EnableBkUpAccess	4	static
stm32h7xx_hal_pwr.c:251:6:HAL_PWR_DisableBkUpAccess	4	static
stm32h7xx_hal_pwr.c:417:6:HAL_PWR_ConfigPVD	16	static
stm32h7xx_hal_pwr.c:472:6:HAL_PWR_EnablePVD	4	static
stm32h7xx_hal_pwr.c:482:6:HAL_PWR_DisablePVD	4	static
stm32h7xx_hal_pwr.c:506:6:HAL_PWR_EnableWakeUpPin	16	static
stm32h7xx_hal_pwr.c:532:6:HAL_PWR_DisableWakeUpPin	16	static
stm32h7xx_hal_pwr.c:560:6:HAL_PWR_EnterSLEEPMode	16	static,ignoring_inline_asm
stm32h7xx_hal_pwr.c:611:6:HAL_PWR_EnterSTOPMode	16	static,ignoring_inline_asm
stm32h7xx_hal_pwr.c:680:6:HAL_PWR_EnterSTANDBYMode	8	static,ignoring_inline_asm
stm32h7xx_hal_pwr.c:732:6:HAL_PWR_EnableSleepOnExit	4	static
stm32h7xx_hal_pwr.c:745:6:HAL_PWR_DisableSleepOnExit	4	static
stm32h7xx_hal_pwr.c:758:6:HAL_PWR_EnableSEVOnPend	4	static
stm32h7xx_hal_pwr.c:770:6:HAL_PWR_DisableSEVOnPend	4	static
stm32h7xx_hal_pwr.c:799:6:HAL_PWR_PVD_IRQHandler	8	static
stm32h7xx_hal_pwr.c:844:13:HAL_PWR_PVDCallback	4	static
