C:/Users/Daniel/STM32CubeIDE/workspace_1.10.1/baremetal_2/Drivers/STM32H7xx_HAL_Driver/Src/stm32h7xx_hal_adc_ex.c:136:19:HAL_ADCEx_Calibration_Start	24	static
C:/Users/Daniel/STM32CubeIDE/workspace_1.10.1/baremetal_2/Drivers/STM32H7xx_HAL_Driver/Src/stm32h7xx_hal_adc_ex.c:210:10:HAL_ADCEx_Calibration_GetValue	0	static
C:/Users/Daniel/STM32CubeIDE/workspace_1.10.1/baremetal_2/Drivers/STM32H7xx_HAL_Driver/Src/stm32h7xx_hal_adc_ex.c:226:19:HAL_ADCEx_LinearCalibration_GetValue	16	static
C:/Users/Daniel/STM32CubeIDE/workspace_1.10.1/baremetal_2/Drivers/STM32H7xx_HAL_Driver/Src/stm32h7xx_hal_adc_ex.c:271:19:HAL_ADCEx_Calibration_SetValue	8	static
C:/Users/Daniel/STM32CubeIDE/workspace_1.10.1/baremetal_2/Drivers/STM32H7xx_HAL_Driver/Src/stm32h7xx_hal_adc_ex.c:322:19:HAL_ADCEx_LinearCalibration_SetValue	32	static
C:/Users/Daniel/STM32CubeIDE/workspace_1.10.1/baremetal_2/Drivers/STM32H7xx_HAL_Driver/Src/stm32h7xx_hal_adc_ex.c:413:19:HAL_ADCEx_LinearCalibration_FactorLoad	32	static
C:/Users/Daniel/STM32CubeIDE/workspace_1.10.1/baremetal_2/Drivers/STM32H7xx_HAL_Driver/Src/stm32h7xx_hal_adc_ex.c:459:19:HAL_ADCEx_InjectedStart	16	static
C:/Users/Daniel/STM32CubeIDE/workspace_1.10.1/baremetal_2/Drivers/STM32H7xx_HAL_Driver/Src/stm32h7xx_hal_adc_ex.c:596:19:HAL_ADCEx_InjectedStop	8	static
C:/Users/Daniel/STM32CubeIDE/workspace_1.10.1/baremetal_2/Drivers/STM32H7xx_HAL_Driver/Src/stm32h7xx_hal_adc_ex.c:651:19:HAL_ADCEx_InjectedPollForConversion	24	static
C:/Users/Daniel/STM32CubeIDE/workspace_1.10.1/baremetal_2/Drivers/STM32H7xx_HAL_Driver/Src/stm32h7xx_hal_adc_ex.c:785:19:HAL_ADCEx_InjectedStart_IT	16	static
C:/Users/Daniel/STM32CubeIDE/workspace_1.10.1/baremetal_2/Drivers/STM32H7xx_HAL_Driver/Src/stm32h7xx_hal_adc_ex.c:946:19:HAL_ADCEx_InjectedStop_IT	8	static
C:/Users/Daniel/STM32CubeIDE/workspace_1.10.1/baremetal_2/Drivers/STM32H7xx_HAL_Driver/Src/stm32h7xx_hal_adc_ex.c:1012:19:HAL_ADCEx_MultiModeStart_DMA	128	static
C:/Users/Daniel/STM32CubeIDE/workspace_1.10.1/baremetal_2/Drivers/STM32H7xx_HAL_Driver/Src/stm32h7xx_hal_adc_ex.c:1128:19:HAL_ADCEx_MultiModeStop_DMA	120	static
C:/Users/Daniel/STM32CubeIDE/workspace_1.10.1/baremetal_2/Drivers/STM32H7xx_HAL_Driver/Src/stm32h7xx_hal_adc_ex.c:1252:10:HAL_ADCEx_MultiModeGetValue	0	static
C:/Users/Daniel/STM32CubeIDE/workspace_1.10.1/baremetal_2/Drivers/STM32H7xx_HAL_Driver/Src/stm32h7xx_hal_adc_ex.c:1298:10:HAL_ADCEx_InjectedGetValue	0	static
C:/Users/Daniel/STM32CubeIDE/workspace_1.10.1/baremetal_2/Drivers/STM32H7xx_HAL_Driver/Src/stm32h7xx_hal_adc_ex.c:1333:13:HAL_ADCEx_InjectedConvCpltCallback	0	static
C:/Users/Daniel/STM32CubeIDE/workspace_1.10.1/baremetal_2/Drivers/STM32H7xx_HAL_Driver/Src/stm32h7xx_hal_adc_ex.c:1352:13:HAL_ADCEx_InjectedQueueOverflowCallback	0	static
C:/Users/Daniel/STM32CubeIDE/workspace_1.10.1/baremetal_2/Drivers/STM32H7xx_HAL_Driver/Src/stm32h7xx_hal_adc_ex.c:1367:13:HAL_ADCEx_LevelOutOfWindow2Callback	0	static
C:/Users/Daniel/STM32CubeIDE/workspace_1.10.1/baremetal_2/Drivers/STM32H7xx_HAL_Driver/Src/stm32h7xx_hal_adc_ex.c:1382:13:HAL_ADCEx_LevelOutOfWindow3Callback	0	static
C:/Users/Daniel/STM32CubeIDE/workspace_1.10.1/baremetal_2/Drivers/STM32H7xx_HAL_Driver/Src/stm32h7xx_hal_adc_ex.c:1398:13:HAL_ADCEx_EndOfSamplingCallback	0	static
C:/Users/Daniel/STM32CubeIDE/workspace_1.10.1/baremetal_2/Drivers/STM32H7xx_HAL_Driver/Src/stm32h7xx_hal_adc_ex.c:1415:19:HAL_ADCEx_RegularStop	8	static
C:/Users/Daniel/STM32CubeIDE/workspace_1.10.1/baremetal_2/Drivers/STM32H7xx_HAL_Driver/Src/stm32h7xx_hal_adc_ex.c:1473:19:HAL_ADCEx_RegularStop_IT	8	static
C:/Users/Daniel/STM32CubeIDE/workspace_1.10.1/baremetal_2/Drivers/STM32H7xx_HAL_Driver/Src/stm32h7xx_hal_adc_ex.c:1533:19:HAL_ADCEx_RegularStop_DMA	16	static
C:/Users/Daniel/STM32CubeIDE/workspace_1.10.1/baremetal_2/Drivers/STM32H7xx_HAL_Driver/Src/stm32h7xx_hal_adc_ex.c:1619:19:HAL_ADCEx_RegularMultiModeStop_DMA	120	static
C:/Users/Daniel/STM32CubeIDE/workspace_1.10.1/baremetal_2/Drivers/STM32H7xx_HAL_Driver/Src/stm32h7xx_hal_adc_ex.c:1803:19:HAL_ADCEx_InjectedConfigChannel	32	static,ignoring_inline_asm
C:/Users/Daniel/STM32CubeIDE/workspace_1.10.1/baremetal_2/Drivers/STM32H7xx_HAL_Driver/Src/stm32h7xx_hal_adc_ex.c:2327:19:HAL_ADCEx_MultiModeConfigChannel	120	static
C:/Users/Daniel/STM32CubeIDE/workspace_1.10.1/baremetal_2/Drivers/STM32H7xx_HAL_Driver/Src/stm32h7xx_hal_adc_ex.c:2440:19:HAL_ADCEx_EnableInjectedQueue	0	static
C:/Users/Daniel/STM32CubeIDE/workspace_1.10.1/baremetal_2/Drivers/STM32H7xx_HAL_Driver/Src/stm32h7xx_hal_adc_ex.c:2481:19:HAL_ADCEx_DisableInjectedQueue	0	static
C:/Users/Daniel/STM32CubeIDE/workspace_1.10.1/baremetal_2/Drivers/STM32H7xx_HAL_Driver/Src/stm32h7xx_hal_adc_ex.c:2518:19:HAL_ADCEx_DisableVoltageRegulator	0	static
C:/Users/Daniel/STM32CubeIDE/workspace_1.10.1/baremetal_2/Drivers/STM32H7xx_HAL_Driver/Src/stm32h7xx_hal_adc_ex.c:2555:19:HAL_ADCEx_EnterADCDeepPowerDownMode	0	static
