C:/Users/Daniel/STM32CubeIDE/workspace_1.10.1/baremetal_2/Drivers/STM32H7xx_HAL_Driver/Src/stm32h7xx_hal_dma_ex.c:649:13:DMA_MultiBufferSetConfig	8	static
C:/Users/Daniel/STM32CubeIDE/workspace_1.10.1/baremetal_2/Drivers/STM32H7xx_HAL_Driver/Src/stm32h7xx_hal_dma_ex.c:121:19:HAL_DMAEx_MultiBufferStart	16	static
C:/Users/Daniel/STM32CubeIDE/workspace_1.10.1/baremetal_2/Drivers/STM32H7xx_HAL_Driver/Src/stm32h7xx_hal_dma_ex.c:218:19:HAL_DMAEx_MultiBufferStart_IT	16	static
C:/Users/Daniel/STM32CubeIDE/workspace_1.10.1/baremetal_2/Drivers/STM32H7xx_HAL_Driver/Src/stm32h7xx_hal_dma_ex.c:358:19:HAL_DMAEx_ChangeMemory	4	static
C:/Users/Daniel/STM32CubeIDE/workspace_1.10.1/baremetal_2/Drivers/STM32H7xx_HAL_Driver/Src/stm32h7xx_hal_dma_ex.c:397:19:HAL_DMAEx_ConfigMuxSync	12	static
C:/Users/Daniel/STM32CubeIDE/workspace_1.10.1/baremetal_2/Drivers/STM32H7xx_HAL_Driver/Src/stm32h7xx_hal_dma_ex.c:465:19:HAL_DMAEx_ConfigMuxRequestGenerator	4	static
C:/Users/Daniel/STM32CubeIDE/workspace_1.10.1/baremetal_2/Drivers/STM32H7xx_HAL_Driver/Src/stm32h7xx_hal_dma_ex.c:531:19:HAL_DMAEx_EnableMuxRequestGenerator	0	static
C:/Users/Daniel/STM32CubeIDE/workspace_1.10.1/baremetal_2/Drivers/STM32H7xx_HAL_Driver/Src/stm32h7xx_hal_dma_ex.c:557:19:HAL_DMAEx_DisableMuxRequestGenerator	0	static
C:/Users/Daniel/STM32CubeIDE/workspace_1.10.1/baremetal_2/Drivers/STM32H7xx_HAL_Driver/Src/stm32h7xx_hal_dma_ex.c:583:6:HAL_DMAEx_MUX_IRQHandler	16	static
