C:/Users/Daniel/STM32CubeIDE/workspace_1.10.1/baremetal_2/Drivers/STM32H7xx_HAL_Driver/Src/stm32h7xx_hal_rcc.c:1355:10:HAL_RCC_GetSysClockFreq.part.0	8	static
C:/Users/Daniel/STM32CubeIDE/workspace_1.10.1/baremetal_2/Drivers/STM32H7xx_HAL_Driver/Src/stm32h7xx_hal_rcc.c:190:19:HAL_RCC_DeInit	24	static
C:/Users/Daniel/STM32CubeIDE/workspace_1.10.1/baremetal_2/Drivers/STM32H7xx_HAL_Driver/Src/stm32h7xx_hal_rcc.c:407:26:HAL_RCC_OscConfig	24	static
C:/Users/Daniel/STM32CubeIDE/workspace_1.10.1/baremetal_2/Drivers/STM32H7xx_HAL_Driver/Src/stm32h7xx_hal_rcc.c:1253:6:HAL_RCC_MCOConfig	48	static
C:/Users/Daniel/STM32CubeIDE/workspace_1.10.1/baremetal_2/Drivers/STM32H7xx_HAL_Driver/Src/stm32h7xx_hal_rcc.c:1307:6:HAL_RCC_EnableCSS	0	static
C:/Users/Daniel/STM32CubeIDE/workspace_1.10.1/baremetal_2/Drivers/STM32H7xx_HAL_Driver/Src/stm32h7xx_hal_rcc.c:1316:6:HAL_RCC_DisableCSS	0	static
C:/Users/Daniel/STM32CubeIDE/workspace_1.10.1/baremetal_2/Drivers/STM32H7xx_HAL_Driver/Src/stm32h7xx_hal_rcc.c:1355:10:HAL_RCC_GetSysClockFreq	8	static
C:/Users/Daniel/STM32CubeIDE/workspace_1.10.1/baremetal_2/Drivers/STM32H7xx_HAL_Driver/Src/stm32h7xx_hal_rcc.c:889:19:HAL_RCC_ClockConfig	24	static
C:/Users/Daniel/STM32CubeIDE/workspace_1.10.1/baremetal_2/Drivers/STM32H7xx_HAL_Driver/Src/stm32h7xx_hal_rcc.c:1452:10:HAL_RCC_GetHCLKFreq	8	static
C:/Users/Daniel/STM32CubeIDE/workspace_1.10.1/baremetal_2/Drivers/STM32H7xx_HAL_Driver/Src/stm32h7xx_hal_rcc.c:1484:10:HAL_RCC_GetPCLK1Freq	8	static
C:/Users/Daniel/STM32CubeIDE/workspace_1.10.1/baremetal_2/Drivers/STM32H7xx_HAL_Driver/Src/stm32h7xx_hal_rcc.c:1502:10:HAL_RCC_GetPCLK2Freq	8	static
C:/Users/Daniel/STM32CubeIDE/workspace_1.10.1/baremetal_2/Drivers/STM32H7xx_HAL_Driver/Src/stm32h7xx_hal_rcc.c:1519:6:HAL_RCC_GetOscConfig	16	static
C:/Users/Daniel/STM32CubeIDE/workspace_1.10.1/baremetal_2/Drivers/STM32H7xx_HAL_Driver/Src/stm32h7xx_hal_rcc.c:1685:6:HAL_RCC_GetClockConfig	4	static
C:/Users/Daniel/STM32CubeIDE/workspace_1.10.1/baremetal_2/Drivers/STM32H7xx_HAL_Driver/Src/stm32h7xx_hal_rcc.c:1758:13:HAL_RCC_CSSCallback	0	static
C:/Users/Daniel/STM32CubeIDE/workspace_1.10.1/baremetal_2/Drivers/STM32H7xx_HAL_Driver/Src/stm32h7xx_hal_rcc.c:1741:6:HAL_RCC_NMI_IRQHandler	8	static
