C:/Users/Daniel/STM32CubeIDE/workspace_1.10.1/baremetal_2/Drivers/STM32H7xx_HAL_Driver/Src/stm32h7xx_hal_dma.c:1854:17:DMA_CalcBaseAndBitshift	0	static
C:/Users/Daniel/STM32CubeIDE/workspace_1.10.1/baremetal_2/Drivers/STM32H7xx_HAL_Driver/Src/stm32h7xx_hal_dma.c:1984:13:DMA_CalcDMAMUXChannelBaseAndMask	4	static
C:/Users/Daniel/STM32CubeIDE/workspace_1.10.1/baremetal_2/Drivers/STM32H7xx_HAL_Driver/Src/stm32h7xx_hal_dma.c:211:19:HAL_DMA_Init	24	static
C:/Users/Daniel/STM32CubeIDE/workspace_1.10.1/baremetal_2/Drivers/STM32H7xx_HAL_Driver/Src/stm32h7xx_hal_dma.c:463:19:HAL_DMA_DeInit	8	static
C:/Users/Daniel/STM32CubeIDE/workspace_1.10.1/baremetal_2/Drivers/STM32H7xx_HAL_Driver/Src/stm32h7xx_hal_dma.c:620:19:HAL_DMA_Start	20	static
C:/Users/Daniel/STM32CubeIDE/workspace_1.10.1/baremetal_2/Drivers/STM32H7xx_HAL_Driver/Src/stm32h7xx_hal_dma.c:676:19:HAL_DMA_Start_IT	20	static
C:/Users/Daniel/STM32CubeIDE/workspace_1.10.1/baremetal_2/Drivers/STM32H7xx_HAL_Driver/Src/stm32h7xx_hal_dma.c:776:19:HAL_DMA_Abort	16	static
C:/Users/Daniel/STM32CubeIDE/workspace_1.10.1/baremetal_2/Drivers/STM32H7xx_HAL_Driver/Src/stm32h7xx_hal_dma.c:892:19:HAL_DMA_Abort_IT	16	static
C:/Users/Daniel/STM32CubeIDE/workspace_1.10.1/baremetal_2/Drivers/STM32H7xx_HAL_Driver/Src/stm32h7xx_hal_dma.c:976:19:HAL_DMA_PollForTransfer	40	static
C:/Users/Daniel/STM32CubeIDE/workspace_1.10.1/baremetal_2/Drivers/STM32H7xx_HAL_Driver/Src/stm32h7xx_hal_dma.c:1203:6:HAL_DMA_IRQHandler	32	static
C:/Users/Daniel/STM32CubeIDE/workspace_1.10.1/baremetal_2/Drivers/STM32H7xx_HAL_Driver/Src/stm32h7xx_hal_dma.c:1573:19:HAL_DMA_RegisterCallback	0	static
C:/Users/Daniel/STM32CubeIDE/workspace_1.10.1/baremetal_2/Drivers/STM32H7xx_HAL_Driver/Src/stm32h7xx_hal_dma.c:1639:19:HAL_DMA_UnRegisterCallback	0	static
C:/Users/Daniel/STM32CubeIDE/workspace_1.10.1/baremetal_2/Drivers/STM32H7xx_HAL_Driver/Src/stm32h7xx_hal_dma.c:1730:22:HAL_DMA_GetState	0	static
C:/Users/Daniel/STM32CubeIDE/workspace_1.10.1/baremetal_2/Drivers/STM32H7xx_HAL_Driver/Src/stm32h7xx_hal_dma.c:1741:10:HAL_DMA_GetError	0	static
