stm32h7xx_it.c:84:6:NMI_Handler	4	static
stm32h7xx_it.c:97:6:HardFault_Handler	4	static
stm32h7xx_it.c:112:6:MemManage_Handler	4	static
stm32h7xx_it.c:127:6:BusFault_Handler	4	static
stm32h7xx_it.c:142:6:UsageFault_Handler	4	static
stm32h7xx_it.c:157:6:DebugMon_Handler	4	static
stm32h7xx_it.c:177:6:DMA1_Stream0_IRQHandler	8	static
stm32h7xx_it.c:191:6:DMA1_Stream1_IRQHandler	8	static
stm32h7xx_it.c:205:6:DMA1_Stream4_IRQHandler	8	static
stm32h7xx_it.c:219:6:DMA1_Stream5_IRQHandler	8	static
stm32h7xx_it.c:233:6:DMA1_Stream6_IRQHandler	8	static
stm32h7xx_it.c:247:6:ADC_IRQHandler	8	static
stm32h7xx_it.c:261:6:I2C1_EV_IRQHandler	8	static
stm32h7xx_it.c:275:6:I2C1_ER_IRQHandler	8	static
stm32h7xx_it.c:289:6:SPI1_IRQHandler	8	static
stm32h7xx_it.c:303:6:USART3_IRQHandler	8	static
stm32h7xx_it.c:317:6:EXTI15_10_IRQHandler	8	static
stm32h7xx_it.c:333:6:DMA1_Stream7_IRQHandler	8	static
stm32h7xx_it.c:347:6:SDMMC1_IRQHandler	8	static
stm32h7xx_it.c:361:6:TIM7_IRQHandler	8	static
stm32h7xx_it.c:375:6:DMA2_Stream0_IRQHandler	8	static
stm32h7xx_it.c:389:6:CM7_SEV_IRQHandler	4	static
stm32h7xx_it.c:402:6:OTG_FS_IRQHandler	8	static
stm32h7xx_it.c:416:6:HSEM2_IRQHandler	8	static
