stm32h7xx_it.c:75:6:NMI_Handler	4	static
stm32h7xx_it.c:88:6:HardFault_Handler	4	static
stm32h7xx_it.c:103:6:MemManage_Handler	4	static
stm32h7xx_it.c:118:6:BusFault_Handler	4	static
stm32h7xx_it.c:133:6:UsageFault_Handler	4	static
stm32h7xx_it.c:148:6:DebugMon_Handler	4	static
stm32h7xx_it.c:168:6:DMA1_Stream4_IRQHandler	8	static
stm32h7xx_it.c:182:6:ADC_IRQHandler	8	static
stm32h7xx_it.c:196:6:SPI1_IRQHandler	8	static
stm32h7xx_it.c:210:6:SDMMC1_IRQHandler	8	static
stm32h7xx_it.c:224:6:TIM7_IRQHandler	8	static
stm32h7xx_it.c:238:6:CM7_SEV_IRQHandler	4	static
stm32h7xx_it.c:251:6:HSEM2_IRQHandler	8	static
